Component: ARM Compiler 5.06 update 4 (build 422) Tool: armlink [4d35d2]

==============================================================================

Section Cross References

    startup_stm32f107xc.o(STACK) refers (Special) to heapauxi.o(.text) for __use_two_region_memory
    startup_stm32f107xc.o(HEAP) refers (Special) to heapauxi.o(.text) for __use_two_region_memory
    startup_stm32f107xc.o(RESET) refers (Special) to heapauxi.o(.text) for __use_two_region_memory
    startup_stm32f107xc.o(RESET) refers to startup_stm32f107xc.o(STACK) for __initial_sp
    startup_stm32f107xc.o(RESET) refers to startup_stm32f107xc.o(.text) for Reset_Handler
    startup_stm32f107xc.o(RESET) refers to stm32f1xx_it.o(i.NMI_Handler) for NMI_Handler
    startup_stm32f107xc.o(RESET) refers to stm32f1xx_it.o(i.HardFault_Handler) for HardFault_Handler
    startup_stm32f107xc.o(RESET) refers to stm32f1xx_it.o(i.MemManage_Handler) for MemManage_Handler
    startup_stm32f107xc.o(RESET) refers to stm32f1xx_it.o(i.BusFault_Handler) for BusFault_Handler
    startup_stm32f107xc.o(RESET) refers to stm32f1xx_it.o(i.UsageFault_Handler) for UsageFault_Handler
    startup_stm32f107xc.o(RESET) refers to port.o(.emb_text) for SVC_Handler
    startup_stm32f107xc.o(RESET) refers to stm32f1xx_it.o(i.DebugMon_Handler) for DebugMon_Handler
    startup_stm32f107xc.o(RESET) refers to systemdelay.o(i.SysTick_Handler) for SysTick_Handler
    startup_stm32f107xc.o(RESET) refers to systemuartinit.o(i.USART2_IRQHandler) for USART2_IRQHandler
    startup_stm32f107xc.o(RESET) refers to stm32f1xx_it.o(i.ETH_IRQHandler) for ETH_IRQHandler
    startup_stm32f107xc.o(RESET) refers to stm32f1xx_it.o(i.OTG_FS_IRQHandler) for OTG_FS_IRQHandler
    startup_stm32f107xc.o(.text) refers (Special) to heapauxi.o(.text) for __use_two_region_memory
    startup_stm32f107xc.o(.text) refers to system_stm32f1xx.o(i.SystemInit) for SystemInit
    startup_stm32f107xc.o(.text) refers to __main.o(!!!main) for __main
    startup_stm32f107xc.o(.text) refers to startup_stm32f107xc.o(HEAP) for Heap_Mem
    startup_stm32f107xc.o(.text) refers to startup_stm32f107xc.o(STACK) for Stack_Mem
    stm32f1xx_hal.o(i.HAL_DeInit) refers to stm32f1xx_hal_msp.o(i.HAL_MspDeInit) for HAL_MspDeInit
    stm32f1xx_hal.o(i.HAL_Delay) refers to stm32f1xx_hal.o(i.HAL_GetTick) for HAL_GetTick
    stm32f1xx_hal.o(i.HAL_Delay) refers to stm32f1xx_hal.o(.data) for uwTickFreq
    stm32f1xx_hal.o(i.HAL_GetTick) refers to stm32f1xx_hal.o(.data) for uwTick
    stm32f1xx_hal.o(i.HAL_GetTickFreq) refers to stm32f1xx_hal.o(.data) for uwTickFreq
    stm32f1xx_hal.o(i.HAL_GetTickPrio) refers to stm32f1xx_hal.o(.data) for uwTickPrio
    stm32f1xx_hal.o(i.HAL_IncTick) refers to stm32f1xx_hal.o(.data) for uwTick
    stm32f1xx_hal.o(i.HAL_Init) refers to stm32f1xx_hal_cortex.o(i.HAL_NVIC_SetPriorityGrouping) for HAL_NVIC_SetPriorityGrouping
    stm32f1xx_hal.o(i.HAL_Init) refers to stm32f1xx_hal.o(i.HAL_InitTick) for HAL_InitTick
    stm32f1xx_hal.o(i.HAL_Init) refers to stm32f1xx_hal_msp.o(i.HAL_MspInit) for HAL_MspInit
    stm32f1xx_hal.o(i.HAL_InitTick) refers to stm32f1xx_hal_cortex.o(i.HAL_SYSTICK_Config) for HAL_SYSTICK_Config
    stm32f1xx_hal.o(i.HAL_InitTick) refers to stm32f1xx_hal_cortex.o(i.HAL_NVIC_SetPriority) for HAL_NVIC_SetPriority
    stm32f1xx_hal.o(i.HAL_InitTick) refers to stm32f1xx_hal.o(.data) for uwTickFreq
    stm32f1xx_hal.o(i.HAL_InitTick) refers to system_stm32f1xx.o(.data) for SystemCoreClock
    stm32f1xx_hal.o(i.HAL_SetTickFreq) refers to stm32f1xx_hal.o(i.HAL_InitTick) for HAL_InitTick
    stm32f1xx_hal.o(i.HAL_SetTickFreq) refers to stm32f1xx_hal.o(.data) for uwTickFreq
    stm32f1xx_hal_dma.o(i.HAL_DMA_PollForTransfer) refers to stm32f1xx_hal.o(i.HAL_GetTick) for HAL_GetTick
    stm32f1xx_hal_dma.o(i.HAL_DMA_Start) refers to stm32f1xx_hal_dma.o(i.DMA_SetConfig) for DMA_SetConfig
    stm32f1xx_hal_dma.o(i.HAL_DMA_Start_IT) refers to stm32f1xx_hal_dma.o(i.DMA_SetConfig) for DMA_SetConfig
    stm32f1xx_hal_eth.o(i.ETH_Delay) refers to system_stm32f1xx.o(.data) for SystemCoreClock
    stm32f1xx_hal_eth.o(i.ETH_FlushTransmitFIFO) refers to stm32f1xx_hal_eth.o(i.ETH_Delay) for ETH_Delay
    stm32f1xx_hal_eth.o(i.ETH_MACDMAConfig) refers to stm32f1xx_hal.o(i.HAL_Delay) for HAL_Delay
    stm32f1xx_hal_eth.o(i.ETH_MACDMAConfig) refers to stm32f1xx_hal_eth.o(i.ETH_MACAddressConfig) for ETH_MACAddressConfig
    stm32f1xx_hal_eth.o(i.ETH_MACReceptionDisable) refers to stm32f1xx_hal_eth.o(i.ETH_Delay) for ETH_Delay
    stm32f1xx_hal_eth.o(i.ETH_MACReceptionEnable) refers to stm32f1xx_hal_eth.o(i.ETH_Delay) for ETH_Delay
    stm32f1xx_hal_eth.o(i.ETH_MACTransmissionDisable) refers to stm32f1xx_hal_eth.o(i.ETH_Delay) for ETH_Delay
    stm32f1xx_hal_eth.o(i.ETH_MACTransmissionEnable) refers to stm32f1xx_hal_eth.o(i.ETH_Delay) for ETH_Delay
    stm32f1xx_hal_eth.o(i.HAL_ETH_ConfigDMA) refers to stm32f1xx_hal.o(i.HAL_Delay) for HAL_Delay
[...]
    ..\FreeRTOS\croutine.c                   0x00000000   Number         0  croutine.o ABSOLUTE
    ..\FreeRTOS\event_groups.c               0x00000000   Number         0  event_groups.o ABSOLUTE
    ..\FreeRTOS\list.c                       0x00000000   Number         0  list.o ABSOLUTE
    ..\FreeRTOS\portable\MemMang\heap_4.c    0x00000000   Number         0  heap_4.o ABSOLUTE
    ..\FreeRTOS\portable\RVDS\ARM_CM3\port.c 0x00000000   Number         0  port.o ABSOLUTE
    ..\FreeRTOS\queue.c                      0x00000000   Number         0  queue.o ABSOLUTE
    ..\FreeRTOS\stream_buffer.c              0x00000000   Number         0  stream_buffer.o ABSOLUTE
    ..\FreeRTOS\tasks.c                      0x00000000   Number         0  tasks.o ABSOLUTE
    ..\FreeRTOS\timers.c                     0x00000000   Number         0  timers.o ABSOLUTE
    ..\Library\myLib\systemDelay.c           0x00000000   Number         0  systemdelay.o ABSOLUTE
    ..\Library\myLib\systemUartInit.c        0x00000000   Number         0  systemuartinit.o ABSOLUTE
    ..\Library\myLib\systemclockset.c        0x00000000   Number         0  systemclockset.o ABSOLUTE
    ..\Library\myLib\systemlog.c             0x00000000   Number         0  systemlog.o ABSOLUTE
    ..\Middle\FatFs\src\diskio.c             0x00000000   Number         0  diskio.o ABSOLUTE
    ..\Middle\FatFs\src\drivers\usbh_diskio_dma.c 0x00000000   Number         0  usbh_diskio_dma.o ABSOLUTE
    ..\Middle\FatFs\src\ff.c                 0x00000000   Number         0  ff.o ABSOLUTE
    ..\Middle\FatFs\src\ff_gen_drv.c         0x00000000   Number         0  ff_gen_drv.o ABSOLUTE
    ..\Middle\FatFs\src\option\syscall.c     0x00000000   Number         0  syscall.o ABSOLUTE
    ..\Middle\LwIP\src\api\api_lib.c         0x00000000   Number         0  api_lib.o ABSOLUTE
    ..\Middle\LwIP\src\api\api_msg.c         0x00000000   Number         0  api_msg.o ABSOLUTE
    ..\Middle\LwIP\src\api\err.c             0x00000000   Number         0  err.o ABSOLUTE
    ..\Middle\LwIP\src\api\netbuf.c          0x00000000   Number         0  netbuf.o ABSOLUTE
    ..\Middle\LwIP\src\api\netdb.c           0x00000000   Number         0  netdb.o ABSOLUTE
    ..\Middle\LwIP\src\api\netifapi.c        0x00000000   Number         0  netifapi.o ABSOLUTE
    ..\Middle\LwIP\src\api\sockets.c         0x00000000   Number         0  sockets.o ABSOLUTE
    ..\Middle\LwIP\src\api\tcpip.c           0x00000000   Number         0  tcpip.o ABSOLUTE
    ..\Middle\LwIP\src\core\def.c            0x00000000   Number         0  def.o ABSOLUTE
    ..\Middle\LwIP\src\core\dns.c            0x00000000   Number         0  dns.o ABSOLUTE
    ..\Middle\LwIP\src\core\inet_chksum.c    0x00000000   Number         0  inet_chksum.o ABSOLUTE
    ..\Middle\LwIP\src\core\init.c           0x00000000   Number         0  init.o ABSOLUTE
    ..\Middle\LwIP\src\core\ip.c             0x00000000   Number         0  ip.o ABSOLUTE
    ..\Middle\LwIP\src\core\ipv4\autoip.c    0x00000000   Number         0  autoip.o ABSOLUTE
    ..\Middle\LwIP\src\core\ipv4\dhcp.c      0x00000000   Number         0  dhcp.o ABSOLUTE
    ..\Middle\LwIP\src\core\ipv4\etharp.c    0x00000000   Number         0  etharp.o ABSOLUTE
    ..\Middle\LwIP\src\core\ipv4\icmp.c      0x00000000   Number         0  icmp.o ABSOLUTE
    ..\Middle\LwIP\src\core\ipv4\igmp.c      0x00000000   Number         0  igmp.o ABSOLUTE
    ..\Middle\LwIP\src\core\ipv4\ip4.c       0x00000000   Number         0  ip4.o ABSOLUTE
    ..\Middle\LwIP\src\core\ipv4\ip4_addr.c  0x00000000   Number         0  ip4_addr.o ABSOLUTE
    ..\Middle\LwIP\src\core\ipv4\ip4_frag.c  0x00000000   Number         0  ip4_frag.o ABSOLUTE
    ..\Middle\LwIP\src\core\mem.c            0x00000000   Number         0  mem.o ABSOLUTE
    ..\Middle\LwIP\src\core\memp.c           0x00000000   Number         0  memp.o ABSOLUTE
    ..\Middle\LwIP\src\core\netif.c          0x00000000   Number         0  netif.o ABSOLUTE
    ..\Middle\LwIP\src\core\pbuf.c           0x00000000   Number         0  pbuf.o ABSOLUTE
    ..\Middle\LwIP\src\core\raw.c            0x00000000   Number         0  raw.o ABSOLUTE
    ..\Middle\LwIP\src\core\stats.c          0x00000000   Number         0  stats.o ABSOLUTE
    ..\Middle\LwIP\src\core\sys.c            0x00000000   Number         0  sys.o ABSOLUTE
    ..\Middle\LwIP\src\core\tcp.c            0x00000000   Number         0  tcp.o ABSOLUTE
    ..\Middle\LwIP\src\core\tcp_in.c         0x00000000   Number         0  tcp_in.o ABSOLUTE
    ..\Middle\LwIP\src\core\tcp_out.c        0x00000000   Number         0  tcp_out.o ABSOLUTE
    ..\Middle\LwIP\src\core\timeouts.c       0x00000000   Number         0  timeouts.o ABSOLUTE
    ..\Middle\LwIP\src\core\udp.c            0x00000000   Number         0  udp.o ABSOLUTE
    ..\Middle\LwIP\src\netif\ethernet.c      0x00000000   Number         0  ethernet.o ABSOLUTE
    ..\Middle\LwIP\src\netif\ethernetif.c    0x00000000   Number         0  ethernetif.o ABSOLUTE
    ..\Middle\LwIP\src\netif\lowpan6.c       0x00000000   Number         0  lowpan6.o ABSOLUTE
    ..\Middle\LwIP\system\OS\sys_arch.c      0x00000000   Number         0  sys_arch.o ABSOLUTE
    ..\Middle\STM32_USB_Host_Library\Class\CH340\Src\usbh_ch340.c 0x00000000   Number         0  usbh_ch340.o ABSOLUTE
    ..\Middle\STM32_USB_Host_Library\Class\HUB\Src\usbh_hub.c 0x00000000   Number         0  usbh_hub.o ABSOLUTE
    ..\Middle\STM32_USB_Host_Library\Class\MSC\Src\usbh_msc.c 0x00000000   Number         0  usbh_msc.o ABSOLUTE
    ..\Middle\STM32_USB_Host_Library\Class\MSC\Src\usbh_msc_bot.c 0x00000000   Number         0  usbh_msc_bot.o ABSOLUTE
    ..\Middle\STM32_USB_Host_Library\Class\MSC\Src\usbh_msc_scsi.c 0x00000000   Number         0  usbh_msc_scsi.o ABSOLUTE
    ..\Middle\STM32_USB_Host_Library\Core\Src\usbh_conf.c 0x00000000   Number         0  usbh_conf.o ABSOLUTE
    ..\Middle\STM32_USB_Host_Library\Core\Src\usbh_core.c 0x00000000   Number         0  usbh_core.o ABSOLUTE
    ..\Middle\STM32_USB_Host_Library\Core\Src\usbh_ctlreq.c 0x00000000   Number         0  usbh_ctlreq.o ABSOLUTE
    ..\Middle\STM32_USB_Host_Library\Core\Src\usbh_ioreq.c 0x00000000   Number         0  usbh_ioreq.o ABSOLUTE
    ..\Middle\STM32_USB_Host_Library\Core\Src\usbh_pipes.c 0x00000000   Number         0  usbh_pipes.o ABSOLUTE
    ..\User\main.c                           0x00000000   Number         0  main.o ABSOLUTE
    ..\User\stm32f1xx_hal_msp.c              0x00000000   Number         0  stm32f1xx_hal_msp.o ABSOLUTE
    ..\User\stm32f1xx_it.c                   0x00000000   Number         0  stm32f1xx_it.o ABSOLUTE
    ..\User\system_stm32f1xx.c               0x00000000   Number         0  system_stm32f1xx.o ABSOLUTE
    ..\\Driver\\Src\\stm32f1xx_hal.c         0x00000000   Number         0  stm32f1xx_hal.o ABSOLUTE
    ..\\Driver\\Src\\stm32f1xx_hal_cortex.c  0x00000000   Number         0  stm32f1xx_hal_cortex.o ABSOLUTE
    ..\\Driver\\Src\\stm32f1xx_hal_dma.c     0x00000000   Number         0  stm32f1xx_hal_dma.o ABSOLUTE
    ..\\Driver\\Src\\stm32f1xx_hal_eth.c     0x00000000   Number         0  stm32f1xx_hal_eth.o ABSOLUTE
    ..\\Driver\\Src\\stm32f1xx_hal_flash.c   0x00000000   Number         0  stm32f1xx_hal_flash.o ABSOLUTE
    ..\\Driver\\Src\\stm32f1xx_hal_flash_ex.c 0x00000000   Number         0  stm32f1xx_hal_flash_ex.o ABSOLUTE
    ..\\Driver\\Src\\stm32f1xx_hal_gpio.c    0x00000000   Number         0  stm32f1xx_hal_gpio.o ABSOLUTE
    ..\\Driver\\Src\\stm32f1xx_hal_gpio_ex.c 0x00000000   Number         0  stm32f1xx_hal_gpio_ex.o ABSOLUTE
    ..\\Driver\\Src\\stm32f1xx_hal_hcd.c     0x00000000   Number         0  stm32f1xx_hal_hcd.o ABSOLUTE
    ..\\Driver\\Src\\stm32f1xx_hal_i2c.c     0x00000000   Number         0  stm32f1xx_hal_i2c.o ABSOLUTE
    ..\\Driver\\Src\\stm32f1xx_hal_nor.c     0x00000000   Number         0  stm32f1xx_hal_nor.o ABSOLUTE
    ..\\Driver\\Src\\stm32f1xx_hal_rcc.c     0x00000000   Number         0  stm32f1xx_hal_rcc.o ABSOLUTE
    ..\\Driver\\Src\\stm32f1xx_hal_rcc_ex.c  0x00000000   Number         0  stm32f1xx_hal_rcc_ex.o ABSOLUTE
    ..\\Driver\\Src\\stm32f1xx_hal_sram.c    0x00000000   Number         0  stm32f1xx_hal_sram.o ABSOLUTE
    ..\\Driver\\Src\\stm32f1xx_hal_uart.c    0x00000000   Number         0  stm32f1xx_hal_uart.o ABSOLUTE
    ..\\Driver\\Src\\stm32f1xx_hal_usart.c   0x00000000   Number         0  stm32f1xx_hal_usart.o ABSOLUTE
    ..\\Driver\\Src\\stm32f1xx_ll_usb.c      0x00000000   Number         0  stm32f1xx_ll_usb.o ABSOLUTE
    ..\\Driver\\Src\\stm32f1xx_ll_utils.c    0x00000000   Number         0  stm32f1xx_ll_utils.o ABSOLUTE
    ..\\FreeRTOS\\CMSIS_RTOS\\cmsis_os.c     0x00000000   Number         0  cmsis_os.o ABSOLUTE
    ..\\FreeRTOS\\portable\\RVDS\\ARM_CM3\\port.c 0x00000000   Number         0  port.o ABSOLUTE
    ..\\Library\\myLib\\systemDelay.c        0x00000000   Number         0  systemdelay.o ABSOLUTE
    ..\\Library\\myLib\\systemUartInit.c     0x00000000   Number         0  systemuartinit.o ABSOLUTE
    ..\\Library\\myLib\\systemclockset.c     0x00000000   Number         0  systemclockset.o ABSOLUTE
    ..\\Library\\myLib\\systemlog.c          0x00000000   Number         0  systemlog.o ABSOLUTE
    ..\\Middle\\FatFs\\src\\drivers\\usbh_diskio_dma.c 0x00000000   Number         0  usbh_diskio_dma.o ABSOLUTE
    ..\\Middle\\LwIP\\src\\netif\\ethernetif.c 0x00000000   Number         0  ethernetif.o ABSOLUTE
    ..\\Middle\\STM32_USB_Host_Library\\Class\\CH340\\Src\\usbh_ch340.c 0x00000000   Number         0  usbh_ch340.o ABSOLUTE
    ..\\Middle\\STM32_USB_Host_Library\\Class\\HUB\\Src\\usbh_hub.c 0x00000000   Number         0  usbh_hub.o ABSOLUTE
    ..\\Middle\\STM32_USB_Host_Library\\Class\\MSC\\Src\\usbh_msc.c 0x00000000   Number         0  usbh_msc.o ABSOLUTE
    ..\\Middle\\STM32_USB_Host_Library\\Class\\MSC\\Src\\usbh_msc_bot.c 0x00000000   Number         0  usbh_msc_bot.o ABSOLUTE
    ..\\Middle\\STM32_USB_Host_Library\\Class\\MSC\\Src\\usbh_msc_scsi.c 0x00000000   Number         0  usbh_msc_scsi.o ABSOLUTE
    ..\\Middle\\STM32_USB_Host_Library\\Core\\Src\\usbh_conf.c 0x00000000   Number         0  usbh_conf.o ABSOLUTE
    ..\\Middle\\STM32_USB_Host_Library\\Core\\Src\\usbh_core.c 0x00000000   Number         0  usbh_core.o ABSOLUTE
    ..\\Middle\\STM32_USB_Host_Library\\Core\\Src\\usbh_ctlreq.c 0x00000000   Number         0  usbh_ctlreq.o ABSOLUTE
    ..\\Middle\\STM32_USB_Host_Library\\Core\\Src\\usbh_ioreq.c 0x00000000   Number         0  usbh_ioreq.o ABSOLUTE
    ..\\Middle\\STM32_USB_Host_Library\\Core\\Src\\usbh_pipes.c 0x00000000   Number         0  usbh_pipes.o ABSOLUTE
    ..\\User\\main.c                         0x00000000   Number         0  main.o ABSOLUTE
    ..\\User\\stm32f1xx_hal_msp.c            0x00000000   Number         0  stm32f1xx_hal_msp.o ABSOLUTE
    ..\\User\\stm32f1xx_it.c                 0x00000000   Number         0  stm32f1xx_it.o ABSOLUTE
    ..\\User\\system_stm32f1xx.c             0x00000000   Number         0  system_stm32f1xx.o ABSOLUTE
    dc.s                                     0x00000000   Number         0  dc.o ABSOLUTE
    RESET                                    0x08000000   Section      336  startup_stm32f107xc.o(RESET)
    !!!main                                  0x08000150   Section        8  __main.o(!!!main)
    !!!scatter                               0x08000158   Section       52  __scatter.o(!!!scatter)
    !!handler_copy                           0x0800018c   Section       26  __scatter_copy.o(!!handler_copy)
    !!handler_zi                             0x080001a8   Section       28  __scatter_zi.o(!!handler_zi)
    .ARM.Collect$$_printf_percent$$00000000  0x080001c4   Section        0  _printf_percent.o(.ARM.Collect$$_printf_percent$$00000000)
    .ARM.Collect$$_printf_percent$$00000017  0x080001c4   Section        4  _printf_percent_end.o(.ARM.Collect$$_printf_percent$$00000017)
    .ARM.Collect$$libinit$$00000000          0x080001c8   Section        2  libinit.o(.ARM.Collect$$libinit$$00000000)
    .ARM.Collect$$libinit$$00000002          0x080001ca   Section        0  libinit2.o(.ARM.Collect$$libinit$$00000002)
    .ARM.Collect$$libinit$$00000004          0x080001ca   Section        0  libinit2.o(.ARM.Collect$$libinit$$00000004)
    .ARM.Collect$$libinit$$0000000A          0x080001ca   Section        0  libinit2.o(.ARM.Collect$$libinit$$0000000A)
    .ARM.Collect$$libinit$$0000000C          0x080001ca   Section        0  libinit2.o(.ARM.Collect$$libinit$$0000000C)
    .ARM.Collect$$libinit$$0000000E          0x080001ca   Section        0  libinit2.o(.ARM.Collect$$libinit$$0000000E)
    .ARM.Collect$$libinit$$00000011          0x080001ca   Section        0  libinit2.o(.ARM.Collect$$libinit$$00000011)
    .ARM.Collect$$libinit$$00000013          0x080001ca   Section        0  libinit2.o(.ARM.Collect$$libinit$$00000013)
    .ARM.Collect$$libinit$$00000015          0x080001ca   Section        0  libinit2.o(.ARM.Collect$$libinit$$00000015)
    .ARM.Collect$$libinit$$00000017          0x080001ca   Section        0  libinit2.o(.ARM.Collect$$libinit$$00000017)
    .ARM.Collect$$libinit$$00000019          0x080001ca   Section        0  libinit2.o(.ARM.Collect$$libinit$$00000019)
    .ARM.Collect$$libinit$$0000001B          0x080001ca   Section        0  libinit2.o(.ARM.Collect$$libinit$$0000001B)
    .ARM.Collect$$libinit$$0000001D          0x080001ca   Section        0  libinit2.o(.ARM.Collect$$libinit$$0000001D)
    .ARM.Collect$$libinit$$0000001F          0x080001ca   Section        0  libinit2.o(.ARM.Collect$$libinit$$0000001F)
    .ARM.Collect$$libinit$$00000021          0x080001ca   Section        0  libinit2.o(.ARM.Collect$$libinit$$00000021)
    .ARM.Collect$$libinit$$00000023          0x080001ca   Section        0  libinit2.o(.ARM.Collect$$libinit$$00000023)
    .ARM.Collect$$libinit$$00000025          0x080001ca   Section        0  libinit2.o(.ARM.Collect$$libinit$$00000025)
    .ARM.Collect$$libinit$$0000002C          0x080001ca   Section        0  libinit2.o(.ARM.Collect$$libinit$$0000002C)
    .ARM.Collect$$libinit$$0000002E          0x080001ca   Section        0  libinit2.o(.ARM.Collect$$libinit$$0000002E)
    .ARM.Collect$$libinit$$00000030          0x080001ca   Section        0  libinit2.o(.ARM.Collect$$libinit$$00000030)
    .ARM.Collect$$libinit$$00000032          0x080001ca   Section        0  libinit2.o(.ARM.Collect$$libinit$$00000032)
    .ARM.Collect$$libinit$$00000033          0x080001ca   Section        2  libinit2.o(.ARM.Collect$$libinit$$00000033)
    .ARM.Collect$$libshutdown$$00000000      0x080001cc   Section        2  libshutdown.o(.ARM.Collect$$libshutdown$$00000000)
    .ARM.Collect$$libshutdown$$00000002      0x080001ce   Section        0  libshutdown2.o(.ARM.Collect$$libshutdown$$00000002)
    .ARM.Collect$$libshutdown$$00000004      0x080001ce   Section        0  libshutdown2.o(.ARM.Collect$$libshutdown$$00000004)
    .ARM.Collect$$libshutdown$$00000007      0x080001ce   Section        0  libshutdown2.o(.ARM.Collect$$libshutdown$$00000007)
    .ARM.Collect$$libshutdown$$0000000A      0x080001ce   Section        0  libshutdown2.o(.ARM.Collect$$libshutdown$$0000000A)
    .ARM.Collect$$libshutdown$$0000000C      0x080001ce   Section        0  libshutdown2.o(.ARM.Collect$$libshutdown$$0000000C)
    .ARM.Collect$$libshutdown$$0000000F      0x080001ce   Section        0  libshutdown2.o(.ARM.Collect$$libshutdown$$0000000F)
    .ARM.Collect$$libshutdown$$00000010      0x080001ce   Section        2  libshutdown2.o(.ARM.Collect$$libshutdown$$00000010)
    .ARM.Collect$$rtentry$$00000000          0x080001d0   Section        0  __rtentry.o(.ARM.Collect$$rtentry$$00000000)
    .ARM.Collect$$rtentry$$00000002          0x080001d0   Section        0  __rtentry2.o(.ARM.Collect$$rtentry$$00000002)
    .ARM.Collect$$rtentry$$00000004          0x080001d0   Section        6  __rtentry4.o(.ARM.Collect$$rtentry$$00000004)
    .ARM.Collect$$rtentry$$00000009          0x080001d6   Section        0  __rtentry2.o(.ARM.Collect$$rtentry$$00000009)
    .ARM.Collect$$rtentry$$0000000A          0x080001d6   Section        4  __rtentry2.o(.ARM.Collect$$rtentry$$0000000A)
    .ARM.Collect$$rtentry$$0000000C          0x080001da   Section        0  __rtentry2.o(.ARM.Collect$$rtentry$$0000000C)
    .ARM.Collect$$rtentry$$0000000D          0x080001da   Section        8  __rtentry2.o(.ARM.Collect$$rtentry$$0000000D)
    .ARM.Collect$$rtexit$$00000000           0x080001e2   Section        2  rtexit.o(.ARM.Collect$$rtexit$$00000000)
    .ARM.Collect$$rtexit$$00000002           0x080001e4   Section        0  rtexit2.o(.ARM.Collect$$rtexit$$00000002)
    .ARM.Collect$$rtexit$$00000003           0x080001e4   Section        4  rtexit2.o(.ARM.Collect$$rtexit$$00000003)
    .ARM.Collect$$rtexit$$00000004           0x080001e8   Section        6  rtexit2.o(.ARM.Collect$$rtexit$$00000004)
    .emb_text                                0x080001f0   Section      150  port.o(.emb_text)
    .text                                    0x08000288   Section       64  startup_stm32f107xc.o(.text)
    .text                                    0x080002c8   Section        2  use_no_semi_2.o(.text)
    .text                                    0x080002ca   Section      238  lludivv7m.o(.text)
    .text                                    0x080003b8   Section        0  __2printf.o(.text)
    .text                                    0x080003d0   Section        0  __printf_flags_ss_wp.o(.text)
    .text                                    0x08000558   Section      138  rt_memcpy_v6.o(.text)
    .text                                    0x080005e2   Section      100  rt_memcpy_w.o(.text)
    .text                                    0x08000646   Section        0  heapauxi.o(.text)
    .text                                    0x0800064c   Section        2  use_no_semi.o(.text)
    .text                                    0x08000650   Section        0  _printf_char_file.o(.text)
    .text                                    0x08000674   Section        8  libspace.o(.text)
    .text                                    0x0800067c   Section        0  _printf_char_common.o(.text)
    _printf_input_char                       0x0800067d   Thumb Code    10  _printf_char_common.o(.text)
    .text                                    0x080006ac   Section        0  ferror.o(.text)
    .text                                    0x080006b4   Section       74  sys_stackheap_outer.o(.text)
    .text                                    0x080006fe   Section        0  exit.o(.text)
    i.BusFault_Handler                       0x08000710   Section        0  stm32f1xx_it.o(i.BusFault_Handler)
    i.DebugMon_Handler                       0x08000714   Section        0  stm32f1xx_it.o(i.DebugMon_Handler)
    i.ETH_IRQHandler                         0x08000718   Section        0  stm32f1xx_it.o(i.ETH_IRQHandler)
    i.HAL_DMA_Abort_IT                       0x08000728   Section        0  stm32f1xx_hal_dma.o(i.HAL_DMA_Abort_IT)
    i.HAL_Delay                              0x080008d0   Section        0  stm32f1xx_hal.o(i.HAL_Delay)
    i.HAL_ETH_ErrorCallback                  0x080008f8   Section        0  stm32f1xx_hal_eth.o(i.HAL_ETH_ErrorCallback)
    i.HAL_ETH_IRQHandler                     0x080008fa   Section        0  stm32f1xx_hal_eth.o(i.HAL_ETH_IRQHandler)
    i.HAL_ETH_RxCpltCallback                 0x080009a0   Section        0  ethernetif.o(i.HAL_ETH_RxCpltCallback)
    i.HAL_ETH_TxCpltCallback                 0x080009b4   Section        0  stm32f1xx_hal_eth.o(i.HAL_ETH_TxCpltCallback)
    i.HAL_GetTick                            0x080009b8   Section        0  stm32f1xx_hal.o(i.HAL_GetTick)
    i.HAL_HCD_Connect_Callback               0x080009c4   Section        0  usbh_conf.o(i.HAL_HCD_Connect_Callback)
    i.HAL_HCD_Disconnect_Callback            0x080009e8   Section        0  usbh_conf.o(i.HAL_HCD_Disconnect_Callback)
    i.HAL_HCD_HC_NotifyURBChange_Callback    0x080009f6   Section        0  usbh_conf.o(i.HAL_HCD_HC_NotifyURBChange_Callback)
    i.HAL_HCD_IRQHandler                     0x08000a08   Section        0  stm32f1xx_hal_hcd.o(i.HAL_HCD_IRQHandler)
    i.HAL_HCD_PortDisabled_Callback          0x08000b72   Section        0  usbh_conf.o(i.HAL_HCD_PortDisabled_Callback)
    i.HAL_HCD_PortEnabled_Callback           0x08000b80   Section        0  usbh_conf.o(i.HAL_HCD_PortEnabled_Callback)
    i.HAL_HCD_SOF_Callback                   0x08000b8e   Section        0  usbh_conf.o(i.HAL_HCD_SOF_Callback)
    i.HAL_HCD_Start                          0x08000b9c   Section        0  stm32f1xx_hal_hcd.o(i.HAL_HCD_Start)
    i.HAL_HCD_Stop                           0x08000bd2   Section        0  stm32f1xx_hal_hcd.o(i.HAL_HCD_Stop)
    i.HAL_IncTick                            0x08000c00   Section        0  stm32f1xx_hal.o(i.HAL_IncTick)
    i.HAL_Init                               0x08000c18   Section        0  stm32f1xx_hal.o(i.HAL_Init)
    i.HAL_InitTick                           0x08000c40   Section        0  stm32f1xx_hal.o(i.HAL_InitTick)
    i.HAL_MspInit                            0x08000c8c   Section        0  stm32f1xx_hal_msp.o(i.HAL_MspInit)
    i.HAL_NVIC_SetPriority                   0x08000c8e   Section        0  stm32f1xx_hal_cortex.o(i.HAL_NVIC_SetPriority)
    i.HAL_NVIC_SetPriorityGrouping           0x08000d0c   Section        0  stm32f1xx_hal_cortex.o(i.HAL_NVIC_SetPriorityGrouping)
    i.HAL_RCC_ClockConfig                    0x08000d34   Section        0  stm32f1xx_hal_rcc.o(i.HAL_RCC_ClockConfig)
    i.HAL_RCC_GetSysClockFreq                0x08000ec0   Section        0  stm32f1xx_hal_rcc.o(i.HAL_RCC_GetSysClockFreq)
    i.HAL_RCC_OscConfig                      0x08000fe4   Section        0  stm32f1xx_hal_rcc.o(i.HAL_RCC_OscConfig)
    i.HAL_SYSTICK_Config                     0x08001550   Section        0  stm32f1xx_hal_cortex.o(i.HAL_SYSTICK_Config)
    i.HAL_UART_ErrorCallback                 0x08001584   Section        0  stm32f1xx_hal_uart.o(i.HAL_UART_ErrorCallback)
    i.HAL_UART_GetState                      0x08001586   Section        0  stm32f1xx_hal_uart.o(i.HAL_UART_GetState)
    i.HAL_UART_IRQHandler                    0x0800159c   Section        0  stm32f1xx_hal_uart.o(i.HAL_UART_IRQHandler)
    i.HAL_UART_Receive_IT                    0x080016e8   Section        0  stm32f1xx_hal_uart.o(i.HAL_UART_Receive_IT)
    i.HAL_UART_RxCpltCallback                0x08001758   Section        0  systemuartinit.o(i.HAL_UART_RxCpltCallback)
    i.HAL_UART_TxCpltCallback                0x080017e0   Section        0  stm32f1xx_hal_uart.o(i.HAL_UART_TxCpltCallback)
    i.HCD_HC_IN_IRQHandler                   0x080017e2   Section        0  stm32f1xx_hal_hcd.o(i.HCD_HC_IN_IRQHandler)
    HCD_HC_IN_IRQHandler                     0x080017e3   Thumb Code  1402  stm32f1xx_hal_hcd.o(i.HCD_HC_IN_IRQHandler)
    i.HCD_HC_OUT_IRQHandler                  0x08001d5c   Section        0  stm32f1xx_hal_hcd.o(i.HCD_HC_OUT_IRQHandler)
    HCD_HC_OUT_IRQHandler                    0x08001d5d   Thumb Code  1306  stm32f1xx_hal_hcd.o(i.HCD_HC_OUT_IRQHandler)
    i.HCD_Port_IRQHandler                    0x08002276   Section        0  stm32f1xx_hal_hcd.o(i.HCD_Port_IRQHandler)
    HCD_Port_IRQHandler                      0x08002277   Thumb Code   182  stm32f1xx_hal_hcd.o(i.HCD_Port_IRQHandler)
    i.HCD_RXQLVL_IRQHandler                  0x0800232c   Section        0  stm32f1xx_hal_hcd.o(i.HCD_RXQLVL_IRQHandler)
    HCD_RXQLVL_IRQHandler                    0x0800232d   Thumb Code   258  stm32f1xx_hal_hcd.o(i.HCD_RXQLVL_IRQHandler)
    i.HardFault_Handler                      0x08002434   Section        0  stm32f1xx_it.o(i.HardFault_Handler)
    i.MemManage_Handler                      0x08002438   Section        0  stm32f1xx_it.o(i.MemManage_Handler)
    i.NMI_Handler                            0x0800243c   Section        0  stm32f1xx_it.o(i.NMI_Handler)
    i.OTG_FS_IRQHandler                      0x08002440   Section        0  stm32f1xx_it.o(i.OTG_FS_IRQHandler)
    i.RCC_Delay                              0x08002450   Section        0  stm32f1xx_hal_rcc.o(i.RCC_Delay)
    RCC_Delay                                0x08002451   Thumb Code    36  stm32f1xx_hal_rcc.o(i.RCC_Delay)
    i.SysTick_Handler                        0x08002478   Section        0  systemdelay.o(i.SysTick_Handler)
    i.SystemClock_Config                     0x0800248c   Section        0  systemclockset.o(i.SystemClock_Config)
    i.SystemInit                             0x080024e4   Section        0  system_stm32f1xx.o(i.SystemInit)
    i.UART_DMAAbortOnError                   0x08002548   Section        0  stm32f1xx_hal_uart.o(i.UART_DMAAbortOnError)
    UART_DMAAbortOnError                     0x08002549   Thumb Code    20  stm32f1xx_hal_uart.o(i.UART_DMAAbortOnError)
    i.UART_EndRxTransfer                     0x0800255c   Section        0  stm32f1xx_hal_uart.o(i.UART_EndRxTransfer)
    UART_EndRxTransfer                       0x0800255d   Thumb Code    32  stm32f1xx_hal_uart.o(i.UART_EndRxTransfer)
    i.UART_EndTransmit_IT                    0x0800257c   Section        0  stm32f1xx_hal_uart.o(i.UART_EndTransmit_IT)
    UART_EndTransmit_IT                      0x0800257d   Thumb Code    32  stm32f1xx_hal_uart.o(i.UART_EndTransmit_IT)
    i.UART_Receive_IT                        0x0800259c   Section        0  stm32f1xx_hal_uart.o(i.UART_Receive_IT)
    UART_Receive_IT                          0x0800259d   Thumb Code   166  stm32f1xx_hal_uart.o(i.UART_Receive_IT)
    i.UART_Transmit_IT                       0x08002642   Section        0  stm32f1xx_hal_uart.o(i.UART_Transmit_IT)
    UART_Transmit_IT                         0x08002643   Thumb Code   104  stm32f1xx_hal_uart.o(i.UART_Transmit_IT)
    i.USART2_IRQHandler                      0x080026ac   Section        0  systemuartinit.o(i.USART2_IRQHandler)
    i.USBH_Delay                             0x080026fc   Section        0  usbh_conf.o(i.USBH_Delay)
    i.USBH_FreePipe                          0x08002708   Section        0  usbh_pipes.o(i.USBH_FreePipe)
    i.USBH_HandleSof                         0x08002726   Section        0  usbh_core.o(i.USBH_HandleSof)
    USBH_HandleSof                           0x08002727   Thumb Code    64  usbh_core.o(i.USBH_HandleSof)
    i.USBH_LL_Connect                        0x08002768   Section        0  usbh_core.o(i.USBH_LL_Connect)
    i.USBH_LL_Disconnect                     0x080027cc   Section        0  usbh_core.o(i.USBH_LL_Disconnect)
    i.USBH_LL_IncTimer                       0x08002844   Section        0  usbh_core.o(i.USBH_LL_IncTimer)
    i.USBH_LL_NotifyURBChange                0x0800285a   Section        0  usbh_core.o(i.USBH_LL_NotifyURBChange)
    i.USBH_LL_PortDisabled                   0x0800286e   Section        0  usbh_core.o(i.USBH_LL_PortDisabled)
    i.USBH_LL_PortEnabled                    0x08002876   Section        0  usbh_core.o(i.USBH_LL_PortEnabled)
    i.USBH_LL_Start                          0x0800287e   Section        0  usbh_conf.o(i.USBH_LL_Start)
    i.USBH_LL_Stop                           0x0800288e   Section        0  usbh_conf.o(i.USBH_LL_Stop)
    i.USB_DisableGlobalInt                   0x0800289e   Section        0  stm32f1xx_ll_usb.o(i.USB_DisableGlobalInt)
    i.USB_DriveVbus                          0x080028ac   Section        0  stm32f1xx_ll_usb.o(i.USB_DriveVbus)
    i.USB_EnableGlobalInt                    0x080028f6   Section        0  stm32f1xx_ll_usb.o(i.USB_EnableGlobalInt)
    i.USB_FlushRxFifo                        0x08002904   Section        0  stm32f1xx_ll_usb.o(i.USB_FlushRxFifo)
    i.USB_FlushTxFifo                        0x08002930   Section        0  stm32f1xx_ll_usb.o(i.USB_FlushTxFifo)
    i.USB_GetMode                            0x08002960   Section        0  stm32f1xx_ll_usb.o(i.USB_GetMode)
    i.USB_HC_Halt                            0x0800296a   Section        0  stm32f1xx_ll_usb.o(i.USB_HC_Halt)
    i.USB_HC_ReadInterrupt                   0x08002ae0   Section        0  stm32f1xx_ll_usb.o(i.USB_HC_ReadInterrupt)
    i.USB_InitFSLSPClkSel                    0x08002aee   Section        0  stm32f1xx_ll_usb.o(i.USB_InitFSLSPClkSel)
    i.USB_ReadInterrupts                     0x08002b32   Section        0  stm32f1xx_ll_usb.o(i.USB_ReadInterrupts)
    i.USB_ReadPacket                         0x08002b3c   Section        0  stm32f1xx_ll_usb.o(i.USB_ReadPacket)
    i.USB_StopHost                           0x08002b5e   Section        0  stm32f1xx_ll_usb.o(i.USB_StopHost)
    i.UsageFault_Handler                     0x08002c12   Section        0  stm32f1xx_it.o(i.UsageFault_Handler)
    i.__NVIC_GetPriorityGrouping             0x08002c18   Section        0  stm32f1xx_hal_cortex.o(i.__NVIC_GetPriorityGrouping)
    __NVIC_GetPriorityGrouping               0x08002c19   Thumb Code    10  stm32f1xx_hal_cortex.o(i.__NVIC_GetPriorityGrouping)
    i.__NVIC_SetPriority                     0x08002c28   Section        0  stm32f1xx_hal_cortex.o(i.__NVIC_SetPriority)
    __NVIC_SetPriority                       0x08002c29   Thumb Code    32  stm32f1xx_hal_cortex.o(i.__NVIC_SetPriority)
    i._is_digit                              0x08002c50   Section        0  __printf_wp.o(i._is_digit)
    i._sys_exit                              0x08002c5e   Section        0  systemuartinit.o(i._sys_exit)
    i.fputc                                  0x08002c64   Section        0  systemuartinit.o(i.fputc)
    i.inHandlerMode                          0x08002c80   Section        0  cmsis_os.o(i.inHandlerMode)
    inHandlerMode                            0x08002c81   Thumb Code    16  cmsis_os.o(i.inHandlerMode)
    i.main                                   0x08002c90   Section        0  main.o(i.main)
    i.osMessagePut                           0x08002c9c   Section        0  cmsis_os.o(i.osMessagePut)
    i.osSemaphoreRelease                     0x08002cfc   Section        0  cmsis_os.o(i.osSemaphoreRelease)
    i.prvAddCurrentTaskToDelayedList         0x08002d4c   Section        0  tasks.o(i.prvAddCurrentTaskToDelayedList)
    prvAddCurrentTaskToDelayedList           0x08002d4d   Thumb Code   124  tasks.o(i.prvAddCurrentTaskToDelayedList)
    i.prvCopyDataToQueue                     0x08002de4   Section        0  queue.o(i.prvCopyDataToQueue)
    prvCopyDataToQueue                       0x08002de5   Thumb Code   124  queue.o(i.prvCopyDataToQueue)
    i.prvIsQueueFull                         0x08002e60   Section        0  queue.o(i.prvIsQueueFull)
    prvIsQueueFull                           0x08002e61   Thumb Code    30  queue.o(i.prvIsQueueFull)
    i.prvResetNextTaskUnblockTime            0x08002e80   Section        0  tasks.o(i.prvResetNextTaskUnblockTime)
    prvResetNextTaskUnblockTime              0x08002e81   Thumb Code    42  tasks.o(i.prvResetNextTaskUnblockTime)
    i.prvUnlockQueue                         0x08002eb4   Section        0  queue.o(i.prvUnlockQueue)
    prvUnlockQueue                           0x08002eb5   Thumb Code   126  queue.o(i.prvUnlockQueue)
    i.uxListRemove                           0x08002f32   Section        0  list.o(i.uxListRemove)
    i.vListInsert                            0x08002f5a   Section        0  list.o(i.vListInsert)
    i.vListInsertEnd                         0x08002f8e   Section        0  list.o(i.vListInsertEnd)
    i.vPortEnterCritical                     0x08002fa8   Section        0  port.o(i.vPortEnterCritical)
    i.vPortExitCritical                      0x08002ffc   Section        0  port.o(i.vPortExitCritical)
    i.vPortValidateInterruptPriority         0x08003038   Section        0  port.o(i.vPortValidateInterruptPriority)
    i.vTaskInternalSetTimeOutState           0x080030b0   Section        0  tasks.o(i.vTaskInternalSetTimeOutState)
    i.vTaskMissedYield                       0x080030c8   Section        0  tasks.o(i.vTaskMissedYield)
    i.vTaskPlaceOnEventList                  0x080030d4   Section        0  tasks.o(i.vTaskPlaceOnEventList)
    i.vTaskSuspendAll                        0x0800310c   Section        0  tasks.o(i.vTaskSuspendAll)
    i.vTaskSwitchContext                     0x0800311c   Section        0  tasks.o(i.vTaskSwitchContext)
    i.xPortSysTickHandler                    0x080031a8   Section        0  port.o(i.xPortSysTickHandler)
    i.xQueueGenericSend                      0x080031dc   Section        0  queue.o(i.xQueueGenericSend)
    i.xQueueGenericSendFromISR               0x08003384   Section        0  queue.o(i.xQueueGenericSendFromISR)
    i.xQueueGiveFromISR                      0x0800347c   Section        0  queue.o(i.xQueueGiveFromISR)
    i.xTaskCheckForTimeOut                   0x0800355c   Section        0  tasks.o(i.xTaskCheckForTimeOut)
    i.xTaskGetSchedulerState                 0x080035e8   Section        0  tasks.o(i.xTaskGetSchedulerState)
    i.xTaskIncrementTick                     0x08003608   Section        0  tasks.o(i.xTaskIncrementTick)
    i.xTaskPriorityDisinherit                0x08003750   Section        0  tasks.o(i.xTaskPriorityDisinherit)
    i.xTaskRemoveFromEventList               0x08003818   Section        0  tasks.o(i.xTaskRemoveFromEventList)
    i.xTaskResumeAll                         0x080038b0   Section        0  tasks.o(i.xTaskResumeAll)
    .constdata                               0x080039b4   Section       24  system_stm32f1xx.o(.constdata)
    .constdata                               0x080039cc   Section       17  __printf_flags_ss_wp.o(.constdata)
    maptable                                 0x080039cc   Data          17  __printf_flags_ss_wp.o(.constdata)
    .data                                    0x20000000   Section        9  stm32f1xx_hal.o(.data)
    .data                                    0x2000000c   Section       60  tasks.o(.data)
    pxDelayedTaskList                        0x20000010   Data           4  tasks.o(.data)
    pxOverflowDelayedTaskList                0x20000014   Data           4  tasks.o(.data)
    uxDeletedTasksWaitingCleanUp             0x20000018   Data           4  tasks.o(.data)
    uxCurrentNumberOfTasks                   0x2000001c   Data           4  tasks.o(.data)
    xTickCount                               0x20000020   Data           4  tasks.o(.data)
    uxTopReadyPriority                       0x20000024   Data           4  tasks.o(.data)
    xSchedulerRunning                        0x20000028   Data           4  tasks.o(.data)
    uxPendedTicks                            0x2000002c   Data           4  tasks.o(.data)
    xYieldPending                            0x20000030   Data           4  tasks.o(.data)
    xNumOfOverflows                          0x20000034   Data           4  tasks.o(.data)
    uxTaskNumber                             0x20000038   Data           4  tasks.o(.data)
    xNextTaskUnblockTime                     0x2000003c   Data           4  tasks.o(.data)
    xIdleTaskHandle                          0x20000040   Data           4  tasks.o(.data)
    uxSchedulerSuspended                     0x20000044   Data           4  tasks.o(.data)
    .data                                    0x20000048   Section       12  port.o(.data)
    uxCriticalNesting                        0x20000048   Data           4  port.o(.data)
    ucMaxSysCallPriority                     0x2000004c   Data           1  port.o(.data)
    ulMaxPRIGROUPValue                       0x20000050   Data           4  port.o(.data)
    .data                                    0x20000054   Section        7  systemuartinit.o(.data)
    .data                                    0x2000005c   Section        4  system_stm32f1xx.o(.data)
    .data                                    0x20000060   Section        4  ethernetif.o(.data)
    .bss                                     0x20000064   Section      240  tasks.o(.bss)
    pxReadyTasksLists                        0x20000064   Data         140  tasks.o(.bss)
    xDelayedTaskList1                        0x200000f0   Data          20  tasks.o(.bss)
    xDelayedTaskList2                        0x20000104   Data          20  tasks.o(.bss)
    xPendingReadyList                        0x20000118   Data          20  tasks.o(.bss)
    xTasksWaitingTermination                 0x2000012c   Data          20  tasks.o(.bss)
    xSuspendedTaskList                       0x20000140   Data          20  tasks.o(.bss)
    .bss                                     0x20000154   Section      264  systemuartinit.o(.bss)
    .bss                                     0x2000025c   Section      708  usbh_conf.o(.bss)
    .bss                                     0x20000520   Section    18552  ethernetif.o(.bss)
    .bss                                     0x20004d98   Section       96  libspace.o(.bss)
    HEAP                                     0x20004df8   Section      512  startup_stm32f107xc.o(HEAP)
    Heap_Mem                                 0x20004df8   Data         512  startup_stm32f107xc.o(HEAP)
    STACK                                    0x20004ff8   Section     1024  startup_stm32f107xc.o(STACK)
    Stack_Mem                                0x20004ff8   Data        1024  startup_stm32f107xc.o(STACK)
    __initial_sp                             0x200053f8   Data           0  startup_stm32f107xc.o(STACK)

    Global Symbols

    Symbol Name                              Value     Ov Type        Size  Object(Section)

    BuildAttributes$$THM_ISAv4$P$D$K$B$S$PE$A:L22UL41UL21$X:L11$S22US41US21$IEEE1$IW$USESV6$~STKCKD$USESV7$~SHL$OTIME$ROPI$IEEEJ$EBA8$UX$STANDARDLIB$REQ8$PRES8$EABIv2 0x00000000   Number         0  anon$$obj.o ABSOLUTE
    __ARM_use_no_argv                        0x00000000   Number         0  main.o ABSOLUTE
    _printf_flags                            0x00000000   Number         0  printf_stubs.o ABSOLUTE
    _printf_return_value                     0x00000000   Number         0  printf_stubs.o ABSOLUTE
    _printf_sizespec                         0x00000000   Number         0  printf_stubs.o ABSOLUTE
    _printf_widthprec                        0x00000000   Number         0  printf_stubs.o ABSOLUTE
    __ARM_exceptions_init                     - Undefined Weak Reference
    __alloca_initialize                       - Undefined Weak Reference
    __arm_preinit_                            - Undefined Weak Reference
    __cpp_initialize__aeabi_                  - Undefined Weak Reference
    __cxa_finalize                            - Undefined Weak Reference
    __sigvec_lookup                           - Undefined Weak Reference
    __user_heap_extent                        - Undefined Weak Reference
    _atexit_init                              - Undefined Weak Reference
    _call_atexit_fns                          - Undefined Weak Reference
    _clock_init                               - Undefined Weak Reference
    _fp_trap_init                             - Undefined Weak Reference
    _fp_trap_shutdown                         - Undefined Weak Reference
    _get_lc_collate                           - Undefined Weak Reference
    _get_lc_monetary                          - Undefined Weak Reference
    _get_lc_time                              - Undefined Weak Reference
    _getenv_init                              - Undefined Weak Reference
    _handle_redirection                       - Undefined Weak Reference
    _initio                                   - Undefined Weak Reference
    _mutex_acquire                            - Undefined Weak Reference
    _mutex_free                               - Undefined Weak Reference
    _mutex_release                            - Undefined Weak Reference
    _printf_mbtowc                            - Undefined Weak Reference
    _printf_wc                                - Undefined Weak Reference
    _signal_finish                            - Undefined Weak Reference
    _signal_init                              - Undefined Weak Reference
    _terminateio                              - Undefined Weak Reference
    __Vectors_Size                           0x00000150   Number         0  startup_stm32f107xc.o ABSOLUTE
    __Vectors                                0x08000000   Data           4  startup_stm32f107xc.o(RESET)
    __Vectors_End                            0x08000150   Data           0  startup_stm32f107xc.o(RESET)
    __main                                   0x08000151   Thumb Code     8  __main.o(!!!main)
    __scatterload                            0x08000159   Thumb Code     0  __scatter.o(!!!scatter)
    __scatterload_rt2                        0x08000159   Thumb Code    44  __scatter.o(!!!scatter)
    __scatterload_rt2_thumb_only             0x08000159   Thumb Code     0  __scatter.o(!!!scatter)
    __scatterload_null                       0x08000167   Thumb Code     0  __scatter.o(!!!scatter)
    __scatterload_copy                       0x0800018d   Thumb Code    26  __scatter_copy.o(!!handler_copy)
    __scatterload_zeroinit                   0x080001a9   Thumb Code    28  __scatter_zi.o(!!handler_zi)
    _printf_percent                          0x080001c5   Thumb Code     0  _printf_percent.o(.ARM.Collect$$_printf_percent$$00000000)
    _printf_percent_end                      0x080001c5   Thumb Code     0  _printf_percent_end.o(.ARM.Collect$$_printf_percent$$00000017)
    __rt_lib_init                            0x080001c9   Thumb Code     0  libinit.o(.ARM.Collect$$libinit$$00000000)
    __rt_lib_init_alloca_1                   0x080001cb   Thumb Code     0  libinit2.o(.ARM.Collect$$libinit$$0000002E)
    __rt_lib_init_argv_1                     0x080001cb   Thumb Code     0  libinit2.o(.ARM.Collect$$libinit$$0000002C)
    __rt_lib_init_atexit_1                   0x080001cb   Thumb Code     0  libinit2.o(.ARM.Collect$$libinit$$0000001B)
    __rt_lib_init_clock_1                    0x080001cb   Thumb Code     0  libinit2.o(.ARM.Collect$$libinit$$00000021)
    __rt_lib_init_cpp_1                      0x080001cb   Thumb Code     0  libinit2.o(.ARM.Collect$$libinit$$00000032)
    __rt_lib_init_exceptions_1               0x080001cb   Thumb Code     0  libinit2.o(.ARM.Collect$$libinit$$00000030)
    __rt_lib_init_fp_1                       0x080001cb   Thumb Code     0  libinit2.o(.ARM.Collect$$libinit$$00000002)
    __rt_lib_init_fp_trap_1                  0x080001cb   Thumb Code     0  libinit2.o(.ARM.Collect$$libinit$$0000001F)
    __rt_lib_init_getenv_1                   0x080001cb   Thumb Code     0  libinit2.o(.ARM.Collect$$libinit$$00000023)
    __rt_lib_init_heap_1                     0x080001cb   Thumb Code     0  libinit2.o(.ARM.Collect$$libinit$$0000000A)
    __rt_lib_init_lc_collate_1               0x080001cb   Thumb Code     0  libinit2.o(.ARM.Collect$$libinit$$00000011)
    __rt_lib_init_lc_ctype_1                 0x080001cb   Thumb Code     0  libinit2.o(.ARM.Collect$$libinit$$00000013)
    __rt_lib_init_lc_monetary_1              0x080001cb   Thumb Code     0  libinit2.o(.ARM.Collect$$libinit$$00000015)
    __rt_lib_init_lc_numeric_1               0x080001cb   Thumb Code     0  libinit2.o(.ARM.Collect$$libinit$$00000017)
    __rt_lib_init_lc_time_1                  0x080001cb   Thumb Code     0  libinit2.o(.ARM.Collect$$libinit$$00000019)
    __rt_lib_init_preinit_1                  0x080001cb   Thumb Code     0  libinit2.o(.ARM.Collect$$libinit$$00000004)
    __rt_lib_init_rand_1                     0x080001cb   Thumb Code     0  libinit2.o(.ARM.Collect$$libinit$$0000000E)
    __rt_lib_init_return                     0x080001cb   Thumb Code     0  libinit2.o(.ARM.Collect$$libinit$$00000033)
    __rt_lib_init_signal_1                   0x080001cb   Thumb Code     0  libinit2.o(.ARM.Collect$$libinit$$0000001D)
    __rt_lib_init_stdio_1                    0x080001cb   Thumb Code     0  libinit2.o(.ARM.Collect$$libinit$$00000025)
    __rt_lib_init_user_alloc_1               0x080001cb   Thumb Code     0  libinit2.o(.ARM.Collect$$libinit$$0000000C)
    __rt_lib_shutdown                        0x080001cd   Thumb Code     0  libshutdown.o(.ARM.Collect$$libshutdown$$00000000)
    __rt_lib_shutdown_cpp_1                  0x080001cf   Thumb Code     0  libshutdown2.o(.ARM.Collect$$libshutdown$$00000002)
    __rt_lib_shutdown_fp_trap_1              0x080001cf   Thumb Code     0  libshutdown2.o(.ARM.Collect$$libshutdown$$00000007)
    __rt_lib_shutdown_heap_1                 0x080001cf   Thumb Code     0  libshutdown2.o(.ARM.Collect$$libshutdown$$0000000F)
    __rt_lib_shutdown_return                 0x080001cf   Thumb Code     0  libshutdown2.o(.ARM.Collect$$libshutdown$$00000010)
    __rt_lib_shutdown_signal_1               0x080001cf   Thumb Code     0  libshutdown2.o(.ARM.Collect$$libshutdown$$0000000A)
    __rt_lib_shutdown_stdio_1                0x080001cf   Thumb Code     0  libshutdown2.o(.ARM.Collect$$libshutdown$$00000004)
    __rt_lib_shutdown_user_alloc_1           0x080001cf   Thumb Code     0  libshutdown2.o(.ARM.Collect$$libshutdown$$0000000C)
    __rt_entry                               0x080001d1   Thumb Code     0  __rtentry.o(.ARM.Collect$$rtentry$$00000000)
    __rt_entry_presh_1                       0x080001d1   Thumb Code     0  __rtentry2.o(.ARM.Collect$$rtentry$$00000002)
    __rt_entry_sh                            0x080001d1   Thumb Code     0  __rtentry4.o(.ARM.Collect$$rtentry$$00000004)
    __rt_entry_li                            0x080001d7   Thumb Code     0  __rtentry2.o(.ARM.Collect$$rtentry$$0000000A)
    __rt_entry_postsh_1                      0x080001d7   Thumb Code     0  __rtentry2.o(.ARM.Collect$$rtentry$$00000009)
    __rt_entry_main                          0x080001db   Thumb Code     0  __rtentry2.o(.ARM.Collect$$rtentry$$0000000D)
    __rt_entry_postli_1                      0x080001db   Thumb Code     0  __rtentry2.o(.ARM.Collect$$rtentry$$0000000C)
    __rt_exit                                0x080001e3   Thumb Code     0  rtexit.o(.ARM.Collect$$rtexit$$00000000)
    __rt_exit_ls                             0x080001e5   Thumb Code     0  rtexit2.o(.ARM.Collect$$rtexit$$00000003)
    __rt_exit_prels_1                        0x080001e5   Thumb Code     0  rtexit2.o(.ARM.Collect$$rtexit$$00000002)
    __rt_exit_exit                           0x080001e9   Thumb Code     0  rtexit2.o(.ARM.Collect$$rtexit$$00000004)
    SVC_Handler                              0x080001f1   Thumb Code    32  port.o(.emb_text)
    __asm___6_port_c_39a90d8d__prvStartFirstTask 0x08000215   Thumb Code    28  port.o(.emb_text)
    PendSV_Handler                           0x08000235   Thumb Code    72  port.o(.emb_text)
    vPortGetIPSR                             0x08000281   Thumb Code     6  port.o(.emb_text)
    Reset_Handler                            0x08000289   Thumb Code     8  startup_stm32f107xc.o(.text)
    ADC1_2_IRQHandler                        0x080002a3   Thumb Code     0  startup_stm32f107xc.o(.text)
    CAN1_RX0_IRQHandler                      0x080002a3   Thumb Code     0  startup_stm32f107xc.o(.text)
    CAN1_RX1_IRQHandler                      0x080002a3   Thumb Code     0  startup_stm32f107xc.o(.text)
    CAN1_SCE_IRQHandler                      0x080002a3   Thumb Code     0  startup_stm32f107xc.o(.text)
    CAN1_TX_IRQHandler                       0x080002a3   Thumb Code     0  startup_stm32f107xc.o(.text)
    CAN2_RX0_IRQHandler                      0x080002a3   Thumb Code     0  startup_stm32f107xc.o(.text)
    CAN2_RX1_IRQHandler                      0x080002a3   Thumb Code     0  startup_stm32f107xc.o(.text)
    CAN2_SCE_IRQHandler                      0x080002a3   Thumb Code     0  startup_stm32f107xc.o(.text)
    CAN2_TX_IRQHandler                       0x080002a3   Thumb Code     0  startup_stm32f107xc.o(.text)
    DMA1_Channel1_IRQHandler                 0x080002a3   Thumb Code     0  startup_stm32f107xc.o(.text)
    DMA1_Channel2_IRQHandler                 0x080002a3   Thumb Code     0  startup_stm32f107xc.o(.text)
    DMA1_Channel3_IRQHandler                 0x080002a3   Thumb Code     0  startup_stm32f107xc.o(.text)
    DMA1_Channel4_IRQHandler                 0x080002a3   Thumb Code     0  startup_stm32f107xc.o(.text)
    DMA1_Channel5_IRQHandler                 0x080002a3   Thumb Code     0  startup_stm32f107xc.o(.text)
    DMA1_Channel6_IRQHandler                 0x080002a3   Thumb Code     0  startup_stm32f107xc.o(.text)
    DMA1_Channel7_IRQHandler                 0x080002a3   Thumb Code     0  startup_stm32f107xc.o(.text)
    DMA2_Channel1_IRQHandler                 0x080002a3   Thumb Code     0  startup_stm32f107xc.o(.text)
    DMA2_Channel2_IRQHandler                 0x080002a3   Thumb Code     0  startup_stm32f107xc.o(.text)
    DMA2_Channel3_IRQHandler                 0x080002a3   Thumb Code     0  startup_stm32f107xc.o(.text)
    DMA2_Channel4_IRQHandler                 0x080002a3   Thumb Code     0  startup_stm32f107xc.o(.text)
    DMA2_Channel5_IRQHandler                 0x080002a3   Thumb Code     0  startup_stm32f107xc.o(.text)
    ETH_WKUP_IRQHandler                      0x080002a3   Thumb Code     0  startup_stm32f107xc.o(.text)
    EXTI0_IRQHandler                         0x080002a3   Thumb Code     0  startup_stm32f107xc.o(.text)
    EXTI15_10_IRQHandler                     0x080002a3   Thumb Code     0  startup_stm32f107xc.o(.text)
    EXTI1_IRQHandler                         0x080002a3   Thumb Code     0  startup_stm32f107xc.o(.text)
    EXTI2_IRQHandler                         0x080002a3   Thumb Code     0  startup_stm32f107xc.o(.text)
    EXTI3_IRQHandler                         0x080002a3   Thumb Code     0  startup_stm32f107xc.o(.text)
    EXTI4_IRQHandler                         0x080002a3   Thumb Code     0  startup_stm32f107xc.o(.text)
    EXTI9_5_IRQHandler                       0x080002a3   Thumb Code     0  startup_stm32f107xc.o(.text)
    FLASH_IRQHandler                         0x080002a3   Thumb Code     0  startup_stm32f107xc.o(.text)
    I2C1_ER_IRQHandler                       0x080002a3   Thumb Code     0  startup_stm32f107xc.o(.text)
    I2C1_EV_IRQHandler                       0x080002a3   Thumb Code     0  startup_stm32f107xc.o(.text)
    I2C2_ER_IRQHandler                       0x080002a3   Thumb Code     0  startup_stm32f107xc.o(.text)
    I2C2_EV_IRQHandler                       0x080002a3   Thumb Code     0  startup_stm32f107xc.o(.text)
    OTG_FS_WKUP_IRQHandler                   0x080002a3   Thumb Code     0  startup_stm32f107xc.o(.text)
    PVD_IRQHandler                           0x080002a3   Thumb Code     0  startup_stm32f107xc.o(.text)
    RCC_IRQHandler                           0x080002a3   Thumb Code     0  startup_stm32f107xc.o(.text)
    RTC_Alarm_IRQHandler                     0x080002a3   Thumb Code     0  startup_stm32f107xc.o(.text)
    RTC_IRQHandler                           0x080002a3   Thumb Code     0  startup_stm32f107xc.o(.text)
    SPI1_IRQHandler                          0x080002a3   Thumb Code     0  startup_stm32f107xc.o(.text)
    SPI2_IRQHandler                          0x080002a3   Thumb Code     0  startup_stm32f107xc.o(.text)
    SPI3_IRQHandler                          0x080002a3   Thumb Code     0  startup_stm32f107xc.o(.text)
    TAMPER_IRQHandler                        0x080002a3   Thumb Code     0  startup_stm32f107xc.o(.text)
    TIM1_BRK_IRQHandler                      0x080002a3   Thumb Code     0  startup_stm32f107xc.o(.text)
    TIM1_CC_IRQHandler                       0x080002a3   Thumb Code     0  startup_stm32f107xc.o(.text)
    TIM1_TRG_COM_IRQHandler                  0x080002a3   Thumb Code     0  startup_stm32f107xc.o(.text)
    TIM1_UP_IRQHandler                       0x080002a3   Thumb Code     0  startup_stm32f107xc.o(.text)
    TIM2_IRQHandler                          0x080002a3   Thumb Code     0  startup_stm32f107xc.o(.text)
    TIM3_IRQHandler                          0x080002a3   Thumb Code     0  startup_stm32f107xc.o(.text)
    TIM4_IRQHandler                          0x080002a3   Thumb Code     0  startup_stm32f107xc.o(.text)
    TIM5_IRQHandler                          0x080002a3   Thumb Code     0  startup_stm32f107xc.o(.text)
    TIM6_IRQHandler                          0x080002a3   Thumb Code     0  startup_stm32f107xc.o(.text)
    TIM7_IRQHandler                          0x080002a3   Thumb Code     0  startup_stm32f107xc.o(.text)
    UART4_IRQHandler                         0x080002a3   Thumb Code     0  startup_stm32f107xc.o(.text)
    UART5_IRQHandler                         0x080002a3   Thumb Code     0  startup_stm32f107xc.o(.text)
    USART1_IRQHandler                        0x080002a3   Thumb Code     0  startup_stm32f107xc.o(.text)
    USART3_IRQHandler                        0x080002a3   Thumb Code     0  startup_stm32f107xc.o(.text)
    WWDG_IRQHandler                          0x080002a3   Thumb Code     0  startup_stm32f107xc.o(.text)
    __user_initial_stackheap                 0x080002a5   Thumb Code     0  startup_stm32f107xc.o(.text)
    __use_no_semihosting                     0x080002c9   Thumb Code     2  use_no_semi_2.o(.text)
    __aeabi_uldivmod                         0x080002cb   Thumb Code     0  lludivv7m.o(.text)
    _ll_udiv                                 0x080002cb   Thumb Code   238  lludivv7m.o(.text)
    __2printf                                0x080003b9   Thumb Code    20  __2printf.o(.text)
    __printf                                 0x080003d1   Thumb Code   388  __printf_flags_ss_wp.o(.text)
    __aeabi_memcpy                           0x08000559   Thumb Code     0  rt_memcpy_v6.o(.text)
    __rt_memcpy                              0x08000559   Thumb Code   138  rt_memcpy_v6.o(.text)
    _memcpy_lastbytes                        0x080005bf   Thumb Code     0  rt_memcpy_v6.o(.text)
    __aeabi_memcpy4                          0x080005e3   Thumb Code     0  rt_memcpy_w.o(.text)
    __aeabi_memcpy8                          0x080005e3   Thumb Code     0  rt_memcpy_w.o(.text)
    __rt_memcpy_w                            0x080005e3   Thumb Code   100  rt_memcpy_w.o(.text)
    _memcpy_lastbytes_aligned                0x0800062b   Thumb Code     0  rt_memcpy_w.o(.text)
    __use_two_region_memory                  0x08000647   Thumb Code     2  heapauxi.o(.text)
    __rt_heap_escrow                         0x08000649   Thumb Code     2  heapauxi.o(.text)
    __rt_heap_expand                         0x0800064b   Thumb Code     2  heapauxi.o(.text)
    __I$use$semihosting                      0x0800064d   Thumb Code     0  use_no_semi.o(.text)
    __use_no_semihosting_swi                 0x0800064d   Thumb Code     2  use_no_semi.o(.text)
    _printf_char_file                        0x08000651   Thumb Code    32  _printf_char_file.o(.text)
    __user_libspace                          0x08000675   Thumb Code     8  libspace.o(.text)
    __user_perproc_libspace                  0x08000675   Thumb Code     0  libspace.o(.text)
    __user_perthread_libspace                0x08000675   Thumb Code     0  libspace.o(.text)
    _printf_char_common                      0x08000687   Thumb Code    32  _printf_char_common.o(.text)
    ferror                                   0x080006ad   Thumb Code     8  ferror.o(.text)
    __user_setup_stackheap                   0x080006b5   Thumb Code    74  sys_stackheap_outer.o(.text)
    exit                                     0x080006ff   Thumb Code    18  exit.o(.text)
    BusFault_Handler                         0x08000711   Thumb Code     4  stm32f1xx_it.o(i.BusFault_Handler)
    DebugMon_Handler                         0x08000715   Thumb Code     2  stm32f1xx_it.o(i.DebugMon_Handler)
    ETH_IRQHandler                           0x08000719   Thumb Code    10  stm32f1xx_it.o(i.ETH_IRQHandler)
    HAL_DMA_Abort_IT                         0x08000729   Thumb Code   414  stm32f1xx_hal_dma.o(i.HAL_DMA_Abort_IT)
    HAL_Delay                                0x080008d1   Thumb Code    36  stm32f1xx_hal.o(i.HAL_Delay)
    HAL_ETH_ErrorCallback                    0x080008f9   Thumb Code     2  stm32f1xx_hal_eth.o(i.HAL_ETH_ErrorCallback)
    HAL_ETH_IRQHandler                       0x080008fb   Thumb Code   164  stm32f1xx_hal_eth.o(i.HAL_ETH_IRQHandler)
    HAL_ETH_RxCpltCallback                   0x080009a1   Thumb Code    14  ethernetif.o(i.HAL_ETH_RxCpltCallback)
    HAL_ETH_TxCpltCallback                   0x080009b5   Thumb Code     2  stm32f1xx_hal_eth.o(i.HAL_ETH_TxCpltCallback)
    HAL_GetTick                              0x080009b9   Thumb Code     6  stm32f1xx_hal.o(i.HAL_GetTick)
    HAL_HCD_Connect_Callback                 0x080009c5   Thumb Code    30  usbh_conf.o(i.HAL_HCD_Connect_Callback)
    HAL_HCD_Disconnect_Callback              0x080009e9   Thumb Code    14  usbh_conf.o(i.HAL_HCD_Disconnect_Callback)
    HAL_HCD_HC_NotifyURBChange_Callback      0x080009f7   Thumb Code    18  usbh_conf.o(i.HAL_HCD_HC_NotifyURBChange_Callback)
    HAL_HCD_IRQHandler                       0x08000a09   Thumb Code   362  stm32f1xx_hal_hcd.o(i.HAL_HCD_IRQHandler)
    HAL_HCD_PortDisabled_Callback            0x08000b73   Thumb Code    14  usbh_conf.o(i.HAL_HCD_PortDisabled_Callback)
    HAL_HCD_PortEnabled_Callback             0x08000b81   Thumb Code    14  usbh_conf.o(i.HAL_HCD_PortEnabled_Callback)
    HAL_HCD_SOF_Callback                     0x08000b8f   Thumb Code    14  usbh_conf.o(i.HAL_HCD_SOF_Callback)
    HAL_HCD_Start                            0x08000b9d   Thumb Code    54  stm32f1xx_hal_hcd.o(i.HAL_HCD_Start)
    HAL_HCD_Stop                             0x08000bd3   Thumb Code    46  stm32f1xx_hal_hcd.o(i.HAL_HCD_Stop)
    HAL_IncTick                              0x08000c01   Thumb Code    16  stm32f1xx_hal.o(i.HAL_IncTick)
    HAL_Init                                 0x08000c19   Thumb Code    34  stm32f1xx_hal.o(i.HAL_Init)
    HAL_InitTick                             0x08000c41   Thumb Code    64  stm32f1xx_hal.o(i.HAL_InitTick)
    HAL_MspInit                              0x08000c8d   Thumb Code     2  stm32f1xx_hal_msp.o(i.HAL_MspInit)
    HAL_NVIC_SetPriority                     0x08000c8f   Thumb Code   124  stm32f1xx_hal_cortex.o(i.HAL_NVIC_SetPriority)
    HAL_NVIC_SetPriorityGrouping             0x08000d0d   Thumb Code    32  stm32f1xx_hal_cortex.o(i.HAL_NVIC_SetPriorityGrouping)
    HAL_RCC_ClockConfig                      0x08000d35   Thumb Code   376  stm32f1xx_hal_rcc.o(i.HAL_RCC_ClockConfig)
    HAL_RCC_GetSysClockFreq                  0x08000ec1   Thumb Code   248  stm32f1xx_hal_rcc.o(i.HAL_RCC_GetSysClockFreq)
    HAL_RCC_OscConfig                        0x08000fe5   Thumb Code  1378  stm32f1xx_hal_rcc.o(i.HAL_RCC_OscConfig)
    HAL_SYSTICK_Config                       0x08001551   Thumb Code    52  stm32f1xx_hal_cortex.o(i.HAL_SYSTICK_Config)
    HAL_UART_ErrorCallback                   0x08001585   Thumb Code     2  stm32f1xx_hal_uart.o(i.HAL_UART_ErrorCallback)
    HAL_UART_GetState                        0x08001587   Thumb Code    20  stm32f1xx_hal_uart.o(i.HAL_UART_GetState)
    HAL_UART_IRQHandler                      0x0800159d   Thumb Code   326  stm32f1xx_hal_uart.o(i.HAL_UART_IRQHandler)
    HAL_UART_Receive_IT                      0x080016e9   Thumb Code   112  stm32f1xx_hal_uart.o(i.HAL_UART_Receive_IT)
    HAL_UART_RxCpltCallback                  0x08001759   Thumb Code   120  systemuartinit.o(i.HAL_UART_RxCpltCallback)
    HAL_UART_TxCpltCallback                  0x080017e1   Thumb Code     2  stm32f1xx_hal_uart.o(i.HAL_UART_TxCpltCallback)
    HardFault_Handler                        0x08002435   Thumb Code     4  stm32f1xx_it.o(i.HardFault_Handler)
    MemManage_Handler                        0x08002439   Thumb Code     4  stm32f1xx_it.o(i.MemManage_Handler)
    NMI_Handler                              0x0800243d   Thumb Code     2  stm32f1xx_it.o(i.NMI_Handler)
    OTG_FS_IRQHandler                        0x08002441   Thumb Code    10  stm32f1xx_it.o(i.OTG_FS_IRQHandler)
    SysTick_Handler                          0x08002479   Thumb Code    20  systemdelay.o(i.SysTick_Handler)
    SystemClock_Config                       0x0800248d   Thumb Code    86  systemclockset.o(i.SystemClock_Config)
    SystemInit                               0x080024e5   Thumb Code    84  system_stm32f1xx.o(i.SystemInit)
    USART2_IRQHandler                        0x080026ad   Thumb Code    66  systemuartinit.o(i.USART2_IRQHandler)
    USBH_Delay                               0x080026fd   Thumb Code    12  usbh_conf.o(i.USBH_Delay)
    USBH_FreePipe                            0x08002709   Thumb Code    30  usbh_pipes.o(i.USBH_FreePipe)
    USBH_LL_Connect                          0x08002769   Thumb Code    70  usbh_core.o(i.USBH_LL_Connect)
    USBH_LL_Disconnect                       0x080027cd   Thumb Code    92  usbh_core.o(i.USBH_LL_Disconnect)
    USBH_LL_IncTimer                         0x08002845   Thumb Code    22  usbh_core.o(i.USBH_LL_IncTimer)
    USBH_LL_NotifyURBChange                  0x0800285b   Thumb Code    20  usbh_core.o(i.USBH_LL_NotifyURBChange)
    USBH_LL_PortDisabled                     0x0800286f   Thumb Code     8  usbh_core.o(i.USBH_LL_PortDisabled)
    USBH_LL_PortEnabled                      0x08002877   Thumb Code     8  usbh_core.o(i.USBH_LL_PortEnabled)
    USBH_LL_Start                            0x0800287f   Thumb Code    16  usbh_conf.o(i.USBH_LL_Start)
    USBH_LL_Stop                             0x0800288f   Thumb Code    16  usbh_conf.o(i.USBH_LL_Stop)
    USB_DisableGlobalInt                     0x0800289f   Thumb Code    14  stm32f1xx_ll_usb.o(i.USB_DisableGlobalInt)
    USB_DriveVbus                            0x080028ad   Thumb Code    74  stm32f1xx_ll_usb.o(i.USB_DriveVbus)
    USB_EnableGlobalInt                      0x080028f7   Thumb Code    14  stm32f1xx_ll_usb.o(i.USB_EnableGlobalInt)
    USB_FlushRxFifo                          0x08002905   Thumb Code    38  stm32f1xx_ll_usb.o(i.USB_FlushRxFifo)
    USB_FlushTxFifo                          0x08002931   Thumb Code    44  stm32f1xx_ll_usb.o(i.USB_FlushTxFifo)
    USB_GetMode                              0x08002961   Thumb Code    10  stm32f1xx_ll_usb.o(i.USB_GetMode)
    USB_HC_Halt                              0x0800296b   Thumb Code   374  stm32f1xx_ll_usb.o(i.USB_HC_Halt)
    USB_HC_ReadInterrupt                     0x08002ae1   Thumb Code    14  stm32f1xx_ll_usb.o(i.USB_HC_ReadInterrupt)
    USB_InitFSLSPClkSel                      0x08002aef   Thumb Code    68  stm32f1xx_ll_usb.o(i.USB_InitFSLSPClkSel)
    USB_ReadInterrupts                       0x08002b33   Thumb Code    10  stm32f1xx_ll_usb.o(i.USB_ReadInterrupts)
    USB_ReadPacket                           0x08002b3d   Thumb Code    34  stm32f1xx_ll_usb.o(i.USB_ReadPacket)
    USB_StopHost                             0x08002b5f   Thumb Code   180  stm32f1xx_ll_usb.o(i.USB_StopHost)
    UsageFault_Handler                       0x08002c13   Thumb Code     4  stm32f1xx_it.o(i.UsageFault_Handler)
    _is_digit                                0x08002c51   Thumb Code    14  __printf_wp.o(i._is_digit)
    _sys_exit                                0x08002c5f   Thumb Code     4  systemuartinit.o(i._sys_exit)
    fputc                                    0x08002c65   Thumb Code    24  systemuartinit.o(i.fputc)
    main                                     0x08002c91   Thumb Code    12  main.o(i.main)
    osMessagePut                             0x08002c9d   Thumb Code    92  cmsis_os.o(i.osMessagePut)
    osSemaphoreRelease                       0x08002cfd   Thumb Code    76  cmsis_os.o(i.osSemaphoreRelease)
    uxListRemove                             0x08002f33   Thumb Code    40  list.o(i.uxListRemove)
    vListInsert                              0x08002f5b   Thumb Code    52  list.o(i.vListInsert)
    vListInsertEnd                           0x08002f8f   Thumb Code    24  list.o(i.vListInsertEnd)
    vPortEnterCritical                       0x08002fa9   Thumb Code    76  port.o(i.vPortEnterCritical)
    vPortExitCritical                        0x08002ffd   Thumb Code    56  port.o(i.vPortExitCritical)
    vPortValidateInterruptPriority           0x08003039   Thumb Code   106  port.o(i.vPortValidateInterruptPriority)
    vTaskInternalSetTimeOutState             0x080030b1   Thumb Code    14  tasks.o(i.vTaskInternalSetTimeOutState)
    vTaskMissedYield                         0x080030c9   Thumb Code     8  tasks.o(i.vTaskMissedYield)
    vTaskPlaceOnEventList                    0x080030d5   Thumb Code    52  tasks.o(i.vTaskPlaceOnEventList)
    vTaskSuspendAll                          0x0800310d   Thumb Code    12  tasks.o(i.vTaskSuspendAll)
    vTaskSwitchContext                       0x0800311d   Thumb Code   118  tasks.o(i.vTaskSwitchContext)
    xPortSysTickHandler                      0x080031a9   Thumb Code    46  port.o(i.xPortSysTickHandler)
    xQueueGenericSend                        0x080031dd   Thumb Code   420  queue.o(i.xQueueGenericSend)
    xQueueGenericSendFromISR                 0x08003385   Thumb Code   248  queue.o(i.xQueueGenericSendFromISR)
    xQueueGiveFromISR                        0x0800347d   Thumb Code   224  queue.o(i.xQueueGiveFromISR)
    xTaskCheckForTimeOut                     0x0800355d   Thumb Code   132  tasks.o(i.xTaskCheckForTimeOut)
    xTaskGetSchedulerState                   0x080035e9   Thumb Code    24  tasks.o(i.xTaskGetSchedulerState)
    xTaskIncrementTick                       0x08003609   Thumb Code   282  tasks.o(i.xTaskIncrementTick)
    xTaskPriorityDisinherit                  0x08003751   Thumb Code   188  tasks.o(i.xTaskPriorityDisinherit)
    xTaskRemoveFromEventList                 0x08003819   Thumb Code   128  tasks.o(i.xTaskRemoveFromEventList)
    xTaskResumeAll                           0x080038b1   Thumb Code   224  tasks.o(i.xTaskResumeAll)
    AHBPrescTable                            0x080039b4   Data          16  system_stm32f1xx.o(.constdata)
    APBPrescTable                            0x080039c4   Data           8  system_stm32f1xx.o(.constdata)
    Region$$Table$$Base                      0x080039e0   Number         0  anon$$obj.o(Region$$Table)
    Region$$Table$$Limit                     0x08003a00   Number         0  anon$$obj.o(Region$$Table)
    uwTick                                   0x20000000   Data           4  stm32f1xx_hal.o(.data)
    uwTickPrio                               0x20000004   Data           4  stm32f1xx_hal.o(.data)
    uwTickFreq                               0x20000008   Data           1  stm32f1xx_hal.o(.data)
    pxCurrentTCB                             0x2000000c   Data           4  tasks.o(.data)
    __stdout                                 0x20000054   Data           4  systemuartinit.o(.data)
    USART_RX_STA                             0x20000058   Data           2  systemuartinit.o(.data)
    aRxBuffer                                0x2000005a   Data           1  systemuartinit.o(.data)
    SystemCoreClock                          0x2000005c   Data           4  system_stm32f1xx.o(.data)
    s_xSemaphore                             0x20000060   Data           4  ethernetif.o(.data)
    USART_RX_BUF                             0x20000154   Data         200  systemuartinit.o(.bss)
    UART2_Handler                            0x2000021c   Data          64  systemuartinit.o(.bss)
    hhcd                                     0x2000025c   Data         708  usbh_conf.o(.bss)
    DMARxDscrTab                             0x20000520   Data         128  ethernetif.o(.bss)
    DMATxDscrTab                             0x200005a0   Data          64  ethernetif.o(.bss)
    Rx_Buff                                  0x200005e0   Data       12192  ethernetif.o(.bss)
    Tx_Buff                                  0x20003580   Data        6096  ethernetif.o(.bss)
    EthHandle                                0x20004d50   Data          72  ethernetif.o(.bss)
    __libspace_start                         0x20004d98   Data          96  libspace.o(.bss)
    __temporary_stack_top$libspace           0x20004df8   Data           0  libspace.o(.bss)



==============================================================================

Memory Map of the image

  Image Entry point : 0x08000151

  Load Region LR_IROM1 (Base: 0x08000000, Size: 0x00003a64, Max: 0x00040000, ABSOLUTE)

    Execution Region ER_IROM1 (Base: 0x08000000, Size: 0x00003a00, Max: 0x00040000, ABSOLUTE)

    Base Addr    Size         Type   Attr      Idx    E Section Name        Object

    0x08000000   0x00000150   Data   RO            3    RESET               startup_stm32f107xc.o
    0x08000150   0x00000008   Code   RO         9059  * !!!main             c_w.l(__main.o)
    0x08000158   0x00000034   Code   RO         9382    !!!scatter          c_w.l(__scatter.o)
    0x0800018c   0x0000001a   Code   RO         9384    !!handler_copy      c_w.l(__scatter_copy.o)
    0x080001a6   0x00000002   PAD
    0x080001a8   0x0000001c   Code   RO         9386    !!handler_zi        c_w.l(__scatter_zi.o)
    0x080001c4   0x00000000   Code   RO         9033    .ARM.Collect$$_printf_percent$$00000000  c_w.l(_printf_percent.o)
    0x080001c4   0x00000004   Code   RO         9125    .ARM.Collect$$_printf_percent$$00000017  c_w.l(_printf_percent_end.o)
    0x080001c8   0x00000002   Code   RO         9313    .ARM.Collect$$libinit$$00000000  c_w.l(libinit.o)
    0x080001ca   0x00000000   Code   RO         9138    .ARM.Collect$$libinit$$00000002  c_w.l(libinit2.o)
    0x080001ca   0x00000000   Code   RO         9140    .ARM.Collect$$libinit$$00000004  c_w.l(libinit2.o)
    0x080001ca   0x00000000   Code   RO         9143    .ARM.Collect$$libinit$$0000000A  c_w.l(libinit2.o)
    0x080001ca   0x00000000   Code   RO         9145    .ARM.Collect$$libinit$$0000000C  c_w.l(libinit2.o)
    0x080001ca   0x00000000   Code   RO         9147    .ARM.Collect$$libinit$$0000000E  c_w.l(libinit2.o)
    0x080001ca   0x00000000   Code   RO         9150    .ARM.Collect$$libinit$$00000011  c_w.l(libinit2.o)
    0x080001ca   0x00000000   Code   RO         9152    .ARM.Collect$$libinit$$00000013  c_w.l(libinit2.o)
    0x080001ca   0x00000000   Code   RO         9154    .ARM.Collect$$libinit$$00000015  c_w.l(libinit2.o)
    0x080001ca   0x00000000   Code   RO         9156    .ARM.Collect$$libinit$$00000017  c_w.l(libinit2.o)
    0x080001ca   0x00000000   Code   RO         9158    .ARM.Collect$$libinit$$00000019  c_w.l(libinit2.o)
    0x080001ca   0x00000000   Code   RO         9160    .ARM.Collect$$libinit$$0000001B  c_w.l(libinit2.o)
    0x080001ca   0x00000000   Code   RO         9162    .ARM.Collect$$libinit$$0000001D  c_w.l(libinit2.o)
    0x080001ca   0x00000000   Code   RO         9164    .ARM.Collect$$libinit$$0000001F  c_w.l(libinit2.o)
    0x080001ca   0x00000000   Code   RO         9166    .ARM.Collect$$libinit$$00000021  c_w.l(libinit2.o)
    0x080001ca   0x00000000   Code   RO         9168    .ARM.Collect$$libinit$$00000023  c_w.l(libinit2.o)
    0x080001ca   0x00000000   Code   RO         9170    .ARM.Collect$$libinit$$00000025  c_w.l(libinit2.o)
    0x080001ca   0x00000000   Code   RO         9174    .ARM.Collect$$libinit$$0000002C  c_w.l(libinit2.o)
    0x080001ca   0x00000000   Code   RO         9176    .ARM.Collect$$libinit$$0000002E  c_w.l(libinit2.o)
    0x080001ca   0x00000000   Code   RO         9178    .ARM.Collect$$libinit$$00000030  c_w.l(libinit2.o)
    0x080001ca   0x00000000   Code   RO         9180    .ARM.Collect$$libinit$$00000032  c_w.l(libinit2.o)
    0x080001ca   0x00000002   Code   RO         9181    .ARM.Collect$$libinit$$00000033  c_w.l(libinit2.o)
    0x080001cc   0x00000002   Code   RO         9379    .ARM.Collect$$libshutdown$$00000000  c_w.l(libshutdown.o)
    0x080001ce   0x00000000   Code   RO         9337    .ARM.Collect$$libshutdown$$00000002  c_w.l(libshutdown2.o)
    0x080001ce   0x00000000   Code   RO         9339    .ARM.Collect$$libshutdown$$00000004  c_w.l(libshutdown2.o)
    0x080001ce   0x00000000   Code   RO         9342    .ARM.Collect$$libshutdown$$00000007  c_w.l(libshutdown2.o)
    0x080001ce   0x00000000   Code   RO         9345    .ARM.Collect$$libshutdown$$0000000A  c_w.l(libshutdown2.o)
    0x080001ce   0x00000000   Code   RO         9347    .ARM.Collect$$libshutdown$$0000000C  c_w.l(libshutdown2.o)
    0x080001ce   0x00000000   Code   RO         9350    .ARM.Collect$$libshutdown$$0000000F  c_w.l(libshutdown2.o)
    0x080001ce   0x00000002   Code   RO         9351    .ARM.Collect$$libshutdown$$00000010  c_w.l(libshutdown2.o)
    0x080001d0   0x00000000   Code   RO         9065    .ARM.Collect$$rtentry$$00000000  c_w.l(__rtentry.o)
    0x080001d0   0x00000000   Code   RO         9196    .ARM.Collect$$rtentry$$00000002  c_w.l(__rtentry2.o)
    0x080001d0   0x00000006   Code   RO         9208    .ARM.Collect$$rtentry$$00000004  c_w.l(__rtentry4.o)
    0x080001d6   0x00000000   Code   RO         9198    .ARM.Collect$$rtentry$$00000009  c_w.l(__rtentry2.o)
    0x080001d6   0x00000004   Code   RO         9199    .ARM.Collect$$rtentry$$0000000A  c_w.l(__rtentry2.o)
    0x080001da   0x00000000   Code   RO         9201    .ARM.Collect$$rtentry$$0000000C  c_w.l(__rtentry2.o)
    0x080001da   0x00000008   Code   RO         9202    .ARM.Collect$$rtentry$$0000000D  c_w.l(__rtentry2.o)
    0x080001e2   0x00000002   Code   RO         9319    .ARM.Collect$$rtexit$$00000000  c_w.l(rtexit.o)
    0x080001e4   0x00000000   Code   RO         9355    .ARM.Collect$$rtexit$$00000002  c_w.l(rtexit2.o)
    0x080001e4   0x00000004   Code   RO         9356    .ARM.Collect$$rtexit$$00000003  c_w.l(rtexit2.o)
    0x080001e8   0x00000006   Code   RO         9357    .ARM.Collect$$rtexit$$00000004  c_w.l(rtexit2.o)
    0x080001ee   0x00000002   PAD
    0x080001f0   0x00000096   Code   RO         4218    .emb_text           port.o
    0x08000286   0x00000002   PAD
    0x08000288   0x00000040   Code   RO            4    .text               startup_stm32f107xc.o
    0x080002c8   0x00000002   Code   RO         8906    .text               c_w.l(use_no_semi_2.o)
    0x080002ca   0x000000ee   Code   RO         8970    .text               c_w.l(lludivv7m.o)
    0x080003b8   0x00000018   Code   RO         8976    .text               c_w.l(__2printf.o)
    0x080003d0   0x00000188   Code   RO         9026    .text               c_w.l(__printf_flags_ss_wp.o)
    0x08000558   0x0000008a   Code   RO         9045    .text               c_w.l(rt_memcpy_v6.o)
    0x080005e2   0x00000064   Code   RO         9047    .text               c_w.l(rt_memcpy_w.o)
    0x08000646   0x00000006   Code   RO         9057    .text               c_w.l(heapauxi.o)
    0x0800064c   0x00000002   Code   RO         9061    .text               c_w.l(use_no_semi.o)
    0x0800064e   0x00000002   PAD
    0x08000650   0x00000024   Code   RO         9103    .text               c_w.l(_printf_char_file.o)
    0x08000674   0x00000008   Code   RO         9192    .text               c_w.l(libspace.o)
    0x0800067c   0x00000030   Code   RO         9227    .text               c_w.l(_printf_char_common.o)
    0x080006ac   0x00000008   Code   RO         9231    .text               c_w.l(ferror.o)
    0x080006b4   0x0000004a   Code   RO         9249    .text               c_w.l(sys_stackheap_outer.o)
    0x080006fe   0x00000012   Code   RO         9294    .text               c_w.l(exit.o)
    0x08000710   0x00000004   Code   RO         4653    i.BusFault_Handler  stm32f1xx_it.o
    0x08000714   0x00000002   Code   RO         4654    i.DebugMon_Handler  stm32f1xx_it.o
    0x08000716   0x00000002   PAD
    0x08000718   0x00000010   Code   RO         4655    i.ETH_IRQHandler    stm32f1xx_it.o
    0x08000728   0x000001a8   Code   RO          348    i.HAL_DMA_Abort_IT  stm32f1xx_hal_dma.o
    0x080008d0   0x00000028   Code   RO           20    i.HAL_Delay         stm32f1xx_hal.o
    0x080008f8   0x00000002   Code   RO          462    i.HAL_ETH_ErrorCallback  stm32f1xx_hal_eth.o
    0x080008fa   0x000000a4   Code   RO          466    i.HAL_ETH_IRQHandler  stm32f1xx_hal_eth.o
    0x0800099e   0x00000002   PAD
    0x080009a0   0x00000014   Code   RO         8646    i.HAL_ETH_RxCpltCallback  ethernetif.o
    0x080009b4   0x00000002   Code   RO          475    i.HAL_ETH_TxCpltCallback  stm32f1xx_hal_eth.o
    0x080009b6   0x00000002   PAD
    0x080009b8   0x0000000c   Code   RO           24    i.HAL_GetTick       stm32f1xx_hal.o
    0x080009c4   0x00000024   Code   RO         4760    i.HAL_HCD_Connect_Callback  usbh_conf.o
    0x080009e8   0x0000000e   Code   RO         4761    i.HAL_HCD_Disconnect_Callback  usbh_conf.o
    0x080009f6   0x00000012   Code   RO         4762    i.HAL_HCD_HC_NotifyURBChange_Callback  usbh_conf.o
    0x08000a08   0x0000016a   Code   RO          967    i.HAL_HCD_IRQHandler  stm32f1xx_hal_hcd.o
    0x08000b72   0x0000000e   Code   RO         4765    i.HAL_HCD_PortDisabled_Callback  usbh_conf.o
    0x08000b80   0x0000000e   Code   RO         4766    i.HAL_HCD_PortEnabled_Callback  usbh_conf.o
    0x08000b8e   0x0000000e   Code   RO         4767    i.HAL_HCD_SOF_Callback  usbh_conf.o
    0x08000b9c   0x00000036   Code   RO          975    i.HAL_HCD_Start     stm32f1xx_hal_hcd.o
    0x08000bd2   0x0000002e   Code   RO          976    i.HAL_HCD_Stop      stm32f1xx_hal_hcd.o
    0x08000c00   0x00000018   Code   RO           30    i.HAL_IncTick       stm32f1xx_hal.o
    0x08000c18   0x00000028   Code   RO           31    i.HAL_Init          stm32f1xx_hal.o
    0x08000c40   0x0000004c   Code   RO           32    i.HAL_InitTick      stm32f1xx_hal.o
    0x08000c8c   0x00000002   Code   RO         4624    i.HAL_MspInit       stm32f1xx_hal_msp.o
    0x08000c8e   0x0000007c   Code   RO         2653    i.HAL_NVIC_SetPriority  stm32f1xx_hal_cortex.o
    0x08000d0a   0x00000002   PAD
    0x08000d0c   0x00000028   Code   RO         2654    i.HAL_NVIC_SetPriorityGrouping  stm32f1xx_hal_cortex.o
    0x08000d34   0x0000018c   Code   RO         2768    i.HAL_RCC_ClockConfig  stm32f1xx_hal_rcc.o
    0x08000ec0   0x00000124   Code   RO         2777    i.HAL_RCC_GetSysClockFreq  stm32f1xx_hal_rcc.o
    0x08000fe4   0x0000056c   Code   RO         2780    i.HAL_RCC_OscConfig  stm32f1xx_hal_rcc.o
    0x08001550   0x00000034   Code   RO         2658    i.HAL_SYSTICK_Config  stm32f1xx_hal_cortex.o
    0x08001584   0x00000002   Code   RO         1649    i.HAL_UART_ErrorCallback  stm32f1xx_hal_uart.o
    0x08001586   0x00000014   Code   RO         1651    i.HAL_UART_GetState  stm32f1xx_hal_uart.o
    0x0800159a   0x00000002   PAD
    0x0800159c   0x0000014c   Code   RO         1652    i.HAL_UART_IRQHandler  stm32f1xx_hal_uart.o
    0x080016e8   0x00000070   Code   RO         1658    i.HAL_UART_Receive_IT  stm32f1xx_hal_uart.o
    0x08001758   0x00000088   Code   RO         4497    i.HAL_UART_RxCpltCallback  systemuartinit.o
    0x080017e0   0x00000002   Code   RO         1664    i.HAL_UART_TxCpltCallback  stm32f1xx_hal_uart.o
    0x080017e2   0x0000057a   Code   RO          977    i.HCD_HC_IN_IRQHandler  stm32f1xx_hal_hcd.o
    0x08001d5c   0x0000051a   Code   RO          978    i.HCD_HC_OUT_IRQHandler  stm32f1xx_hal_hcd.o
    0x08002276   0x000000b6   Code   RO          979    i.HCD_Port_IRQHandler  stm32f1xx_hal_hcd.o
    0x0800232c   0x00000108   Code   RO          980    i.HCD_RXQLVL_IRQHandler  stm32f1xx_hal_hcd.o
    0x08002434   0x00000004   Code   RO         4656    i.HardFault_Handler  stm32f1xx_it.o
    0x08002438   0x00000004   Code   RO         4657    i.MemManage_Handler  stm32f1xx_it.o
    0x0800243c   0x00000002   Code   RO         4658    i.NMI_Handler       stm32f1xx_it.o
    0x0800243e   0x00000002   PAD
    0x08002440   0x00000010   Code   RO         4659    i.OTG_FS_IRQHandler  stm32f1xx_it.o
    0x08002450   0x00000028   Code   RO         2781    i.RCC_Delay         stm32f1xx_hal_rcc.o
    0x08002478   0x00000014   Code   RO         4399    i.SysTick_Handler   systemdelay.o
    0x0800248c   0x00000056   Code   RO         4359    i.SystemClock_Config  systemclockset.o
    0x080024e2   0x00000002   PAD
    0x080024e4   0x00000064   Code   RO         4724    i.SystemInit        system_stm32f1xx.o
    0x08002548   0x00000014   Code   RO         1666    i.UART_DMAAbortOnError  stm32f1xx_hal_uart.o
    0x0800255c   0x00000020   Code   RO         1676    i.UART_EndRxTransfer  stm32f1xx_hal_uart.o
    0x0800257c   0x00000020   Code   RO         1677    i.UART_EndTransmit_IT  stm32f1xx_hal_uart.o
    0x0800259c   0x000000a6   Code   RO         1679    i.UART_Receive_IT   stm32f1xx_hal_uart.o
    0x08002642   0x00000068   Code   RO         1681    i.UART_Transmit_IT  stm32f1xx_hal_uart.o
    0x080026aa   0x00000002   PAD
    0x080026ac   0x00000050   Code   RO         4498    i.USART2_IRQHandler  systemuartinit.o
    0x080026fc   0x0000000c   Code   RO         4768    i.USBH_Delay        usbh_conf.o
    0x08002708   0x0000001e   Code   RO         5286    i.USBH_FreePipe     usbh_pipes.o
    0x08002726   0x00000040   Code   RO         4941    i.USBH_HandleSof    usbh_core.o
    0x08002766   0x00000002   PAD
    0x08002768   0x00000064   Code   RO         4944    i.USBH_LL_Connect   usbh_core.o
    0x080027cc   0x00000078   Code   RO         4945    i.USBH_LL_Disconnect  usbh_core.o
    0x08002844   0x00000016   Code   RO         4946    i.USBH_LL_IncTimer  usbh_core.o
    0x0800285a   0x00000014   Code   RO         4947    i.USBH_LL_NotifyURBChange  usbh_core.o
    0x0800286e   0x00000008   Code   RO         4948    i.USBH_LL_PortDisabled  usbh_core.o
    0x08002876   0x00000008   Code   RO         4949    i.USBH_LL_PortEnabled  usbh_core.o
    0x0800287e   0x00000010   Code   RO         4780    i.USBH_LL_Start     usbh_conf.o
    0x0800288e   0x00000010   Code   RO         4781    i.USBH_LL_Stop      usbh_conf.o
    0x0800289e   0x0000000e   Code   RO         2247    i.USB_DisableGlobalInt  stm32f1xx_ll_usb.o
    0x080028ac   0x0000004a   Code   RO         2249    i.USB_DriveVbus     stm32f1xx_ll_usb.o
    0x080028f6   0x0000000e   Code   RO         2255    i.USB_EnableGlobalInt  stm32f1xx_ll_usb.o
    0x08002904   0x0000002c   Code   RO         2256    i.USB_FlushRxFifo   stm32f1xx_ll_usb.o
    0x08002930   0x00000030   Code   RO         2257    i.USB_FlushTxFifo   stm32f1xx_ll_usb.o
    0x08002960   0x0000000a   Code   RO         2261    i.USB_GetMode       stm32f1xx_ll_usb.o
    0x0800296a   0x00000176   Code   RO         2262    i.USB_HC_Halt       stm32f1xx_ll_usb.o
    0x08002ae0   0x0000000e   Code   RO         2264    i.USB_HC_ReadInterrupt  stm32f1xx_ll_usb.o
    0x08002aee   0x00000044   Code   RO         2267    i.USB_InitFSLSPClkSel  stm32f1xx_ll_usb.o
    0x08002b32   0x0000000a   Code   RO         2272    i.USB_ReadInterrupts  stm32f1xx_ll_usb.o
    0x08002b3c   0x00000022   Code   RO         2273    i.USB_ReadPacket    stm32f1xx_ll_usb.o
    0x08002b5e   0x000000b4   Code   RO         2280    i.USB_StopHost      stm32f1xx_ll_usb.o
    0x08002c12   0x00000004   Code   RO         4660    i.UsageFault_Handler  stm32f1xx_it.o
    0x08002c16   0x00000002   PAD
    0x08002c18   0x00000010   Code   RO         2660    i.__NVIC_GetPriorityGrouping  stm32f1xx_hal_cortex.o
    0x08002c28   0x00000028   Code   RO         2661    i.__NVIC_SetPriority  stm32f1xx_hal_cortex.o
    0x08002c50   0x0000000e   Code   RO         9019    i._is_digit         c_w.l(__printf_wp.o)
    0x08002c5e   0x00000004   Code   RO         4499    i._sys_exit         systemuartinit.o
    0x08002c62   0x00000002   PAD
    0x08002c64   0x0000001c   Code   RO         4500    i.fputc             systemuartinit.o
    0x08002c80   0x00000010   Code   RO         3834    i.inHandlerMode     cmsis_os.o
    0x08002c90   0x0000000c   Code   RO         4571    i.main              main.o
    0x08002c9c   0x00000060   Code   RO         3854    i.osMessagePut      cmsis_os.o
    0x08002cfc   0x00000050   Code   RO         3870    i.osSemaphoreRelease  cmsis_os.o
    0x08002d4c   0x00000098   Code   RO         3489    i.prvAddCurrentTaskToDelayedList  tasks.o
    0x08002de4   0x0000007c   Code   RO         3113    i.prvCopyDataToQueue  queue.o
    0x08002e60   0x0000001e   Code   RO         3118    i.prvIsQueueFull    queue.o
    0x08002e7e   0x00000002   PAD
    0x08002e80   0x00000034   Code   RO         3497    i.prvResetNextTaskUnblockTime  tasks.o
    0x08002eb4   0x0000007e   Code   RO         3119    i.prvUnlockQueue    queue.o
    0x08002f32   0x00000028   Code   RO         3072    i.uxListRemove      list.o
    0x08002f5a   0x00000034   Code   RO         3075    i.vListInsert       list.o
    0x08002f8e   0x00000018   Code   RO         3076    i.vListInsertEnd    list.o
    0x08002fa6   0x00000002   PAD
    0x08002fa8   0x00000054   Code   RO         4222    i.vPortEnterCritical  port.o
    0x08002ffc   0x0000003c   Code   RO         4223    i.vPortExitCritical  port.o
    0x08003038   0x00000078   Code   RO         4225    i.vPortValidateInterruptPriority  port.o
    0x080030b0   0x00000018   Code   RO         3512    i.vTaskInternalSetTimeOutState  tasks.o
    0x080030c8   0x0000000c   Code   RO         3513    i.vTaskMissedYield  tasks.o
    0x080030d4   0x00000038   Code   RO         3515    i.vTaskPlaceOnEventList  tasks.o
    0x0800310c   0x00000010   Code   RO         3525    i.vTaskSuspendAll   tasks.o
    0x0800311c   0x0000008c   Code   RO         3526    i.vTaskSwitchContext  tasks.o
    0x080031a8   0x00000034   Code   RO         4227    i.xPortSysTickHandler  port.o
    0x080031dc   0x000001a8   Code   RO         3133    i.xQueueGenericSend  queue.o
    0x08003384   0x000000f8   Code   RO         3134    i.xQueueGenericSendFromISR  queue.o
    0x0800347c   0x000000e0   Code   RO         3137    i.xQueueGiveFromISR  queue.o
    0x0800355c   0x0000008c   Code   RO         3527    i.xTaskCheckForTimeOut  tasks.o
    0x080035e8   0x00000020   Code   RO         3532    i.xTaskGetSchedulerState  tasks.o
    0x08003608   0x00000148   Code   RO         3535    i.xTaskIncrementTick  tasks.o
    0x08003750   0x000000c8   Code   RO         3538    i.xTaskPriorityDisinherit  tasks.o
    0x08003818   0x00000098   Code   RO         3540    i.xTaskRemoveFromEventList  tasks.o
    0x080038b0   0x00000104   Code   RO         3541    i.xTaskResumeAll    tasks.o
    0x080039b4   0x00000018   Data   RO         4725    .constdata          system_stm32f1xx.o
    0x080039cc   0x00000011   Data   RO         9027    .constdata          c_w.l(__printf_flags_ss_wp.o)
    0x080039dd   0x00000003   PAD
    0x080039e0   0x00000020   Data   RO         9380    Region$$Table       anon$$obj.o


    Execution Region RW_IRAM1 (Base: 0x20000000, Size: 0x000053f8, Max: 0x00010000, ABSOLUTE)

    Base Addr    Size         Type   Attr      Idx    E Section Name        Object

    0x20000000   0x00000009   Data   RW           38    .data               stm32f1xx_hal.o
    0x20000009   0x00000003   PAD
    0x2000000c   0x0000003c   Data   RW         3544    .data               tasks.o
    0x20000048   0x0000000c   Data   RW         4228    .data               port.o
    0x20000054   0x00000007   Data   RW         4503    .data               systemuartinit.o
    0x2000005b   0x00000001   PAD
    0x2000005c   0x00000004   Data   RW         4726    .data               system_stm32f1xx.o
    0x20000060   0x00000004   Data   RW         8656    .data               ethernetif.o
    0x20000064   0x000000f0   Zero   RW         3543    .bss                tasks.o
    0x20000154   0x00000108   Zero   RW         4502    .bss                systemuartinit.o
    0x2000025c   0x000002c4   Zero   RW         4783    .bss                usbh_conf.o
    0x20000520   0x00004878   Zero   RW         8653    .bss                ethernetif.o
    0x20004d98   0x00000060   Zero   RW         9193    .bss                c_w.l(libspace.o)
    0x20004df8   0x00000200   Zero   RW            2    HEAP                startup_stm32f107xc.o
    0x20004ff8   0x00000400   Zero   RW            1    STACK               startup_stm32f107xc.o


==============================================================================

Image component sizes


      Code (inc. data)   RO Data    RW Data    ZI Data      Debug   Object Name

       192          8          0          0          0      17116   cmsis_os.o
         0          0          0          0          0       9976   croutine.o
        20          6          0          4      18552       5216   ethernetif.o
         0          0          0          0          0      10224   event_groups.o
       116          0          0          0          0       1946   list.o
        12          0          0          0          0      11751   main.o
       466         44          0         12          0       5936   port.o
      1176          4          0          0          0       9759   queue.o
        64         26        336          0       1536        796   startup_stm32f107xc.o
       192         36          0          9          0     645325   stm32f1xx_hal.o
       272         22          0          0          0      28274   stm32f1xx_hal_cortex.o
       424         10          0          0          0       1055   stm32f1xx_hal_dma.o
       168          0          0          0          0       1918   stm32f1xx_hal_eth.o
      3616          6          0          0          0       5768   stm32f1xx_hal_hcd.o
         2          0          0          0          0        394   stm32f1xx_hal_msp.o
      2116         96          0          0          0       4268   stm32f1xx_hal_rcc.o
       822          6          0          0          0       6087   stm32f1xx_hal_uart.o
        52         12          0          0          0       3218   stm32f1xx_it.o
       884         10          0          0          0       7455   stm32f1xx_ll_usb.o
       100         16         24          4          0       1031   system_stm32f1xx.o
        86          0          0          0          0        693   systemclockset.o
        20          0          0          0          0        446   systemdelay.o
       248         34          0          7        264       4034   systemuartinit.o
      1564        216          0         60        240      12263   tasks.o
       154          6          0          0        708       5744   usbh_conf.o
       342         58          0          0          0       4469   usbh_core.o
        30          0          0          0          0        928   usbh_pipes.o

    ----------------------------------------------------------------------
     13166        616        392        100      21300     806090   Object Totals
         0          0         32          0          0          0   (incl. Generated)
        28          0          0          4          0          0   (incl. Padding)

    ----------------------------------------------------------------------

      Code (inc. data)   RO Data    RW Data    ZI Data      Debug   Library Member Name

        24          4          0          0          0         84   __2printf.o
         8          0          0          0          0         68   __main.o
       392          4         17          0          0         92   __printf_flags_ss_wp.o
        14          0          0          0          0         68   __printf_wp.o
         0          0          0          0          0          0   __rtentry.o
        12          0          0          0          0          0   __rtentry2.o
         6          0          0          0          0          0   __rtentry4.o
        52          8          0          0          0          0   __scatter.o
        26          0          0          0          0          0   __scatter_copy.o
        28          0          0          0          0          0   __scatter_zi.o
        48          6          0          0          0         96   _printf_char_common.o
        36          4          0          0          0         80   _printf_char_file.o
         0          0          0          0          0          0   _printf_percent.o
         4          0          0          0          0          0   _printf_percent_end.o
        18          0          0          0          0         80   exit.o
         8          0          0          0          0         68   ferror.o
         6          0          0          0          0        152   heapauxi.o
         2          0          0          0          0          0   libinit.o
         2          0          0          0          0          0   libinit2.o
         2          0          0          0          0          0   libshutdown.o
         2          0          0          0          0          0   libshutdown2.o
         8          4          0          0         96         68   libspace.o
       238          0          0          0          0        100   lludivv7m.o
       138          0          0          0          0         68   rt_memcpy_v6.o
       100          0          0          0          0         80   rt_memcpy_w.o
         2          0          0          0          0          0   rtexit.o
        10          0          0          0          0          0   rtexit2.o
        74          0          0          0          0         80   sys_stackheap_outer.o
         2          0          0          0          0         68   use_no_semi.o
         2          0          0          0          0         68   use_no_semi_2.o

    ----------------------------------------------------------------------
      1270         30         20          0         96       1320   Library Totals
         6          0          3          0          0          0   (incl. Padding)

    ----------------------------------------------------------------------

      Code (inc. data)   RO Data    RW Data    ZI Data      Debug   Library Name

      1264         30         17          0         96       1320   c_w.l

    ----------------------------------------------------------------------
      1270         30         20          0         96       1320   Library Totals

    ----------------------------------------------------------------------

==============================================================================


      Code (inc. data)   RO Data    RW Data    ZI Data      Debug   

     14436        646        412        100      21396     801218   Grand Totals
     14436        646        412        100      21396     801218   ELF Image Totals
     14436        646        412        100          0          0   ROM Totals

==============================================================================

    Total RO  Size (Code + RO Data)                14848 (  14.50kB)
    Total RW  Size (RW Data + ZI Data)             21496 (  20.99kB)
    Total ROM Size (Code + RO Data + RW Data)      14948 (  14.60kB)

==============================================================================

