Component: ARM Compiler 5.06 update 4 (build 422) Tool: armlink [4d35d2]

==============================================================================

Section Cross References

    startup_stm32f107xc.o(RESET) refers to startup_stm32f107xc.o(STACK) for __initial_sp
    startup_stm32f107xc.o(RESET) refers to startup_stm32f107xc.o(.text) for Reset_Handler
    startup_stm32f107xc.o(RESET) refers to stm32f1xx_it.o(i.NMI_Handler) for NMI_Handler
    startup_stm32f107xc.o(RESET) refers to stm32f1xx_it.o(i.HardFault_Handler) for HardFault_Handler
    startup_stm32f107xc.o(RESET) refers to stm32f1xx_it.o(i.MemManage_Handler) for MemManage_Handler
    startup_stm32f107xc.o(RESET) refers to stm32f1xx_it.o(i.BusFault_Handler) for BusFault_Handler
    startup_stm32f107xc.o(RESET) refers to stm32f1xx_it.o(i.UsageFault_Handler) for UsageFault_Handler
    startup_stm32f107xc.o(RESET) refers to port.o(.emb_text) for SVC_Handler
    startup_stm32f107xc.o(RESET) refers to stm32f1xx_it.o(i.DebugMon_Handler) for DebugMon_Handler
    startup_stm32f107xc.o(RESET) refers to systemdelay.o(i.SysTick_Handler) for SysTick_Handler
    startup_stm32f107xc.o(RESET) refers to systemuartinit.o(i.USART2_IRQHandler) for USART2_IRQHandler
    startup_stm32f107xc.o(RESET) refers to stm32f1xx_it.o(i.ETH_IRQHandler) for ETH_IRQHandler
    startup_stm32f107xc.o(RESET) refers to stm32f1xx_it.o(i.OTG_FS_IRQHandler) for OTG_FS_IRQHandler
    startup_stm32f107xc.o(.text) refers to system_stm32f1xx.o(i.SystemInit) for SystemInit
    startup_stm32f107xc.o(.text) refers to entry.o(.ARM.Collect$$$$00000000) for __main
    stm32f1xx_hal.o(i.HAL_DeInit) refers to stm32f1xx_hal_msp.o(i.HAL_MspDeInit) for HAL_MspDeInit
    stm32f1xx_hal.o(i.HAL_Delay) refers to stm32f1xx_hal.o(i.HAL_GetTick) for HAL_GetTick
    stm32f1xx_hal.o(i.HAL_Delay) refers to stm32f1xx_hal.o(.data) for .data
    stm32f1xx_hal.o(i.HAL_GetTick) refers to stm32f1xx_hal.o(.data) for .data
    stm32f1xx_hal.o(i.HAL_GetTickFreq) refers to stm32f1xx_hal.o(.data) for .data
    stm32f1xx_hal.o(i.HAL_GetTickPrio) refers to stm32f1xx_hal.o(.data) for .data
    stm32f1xx_hal.o(i.HAL_IncTick) refers to stm32f1xx_hal.o(.data) for .data
    stm32f1xx_hal.o(i.HAL_Init) refers to stm32f1xx_hal_cortex.o(i.HAL_NVIC_SetPriorityGrouping) for HAL_NVIC_SetPriorityGrouping
    stm32f1xx_hal.o(i.HAL_Init) refers to stm32f1xx_hal.o(i.HAL_InitTick) for HAL_InitTick
    stm32f1xx_hal.o(i.HAL_Init) refers to stm32f1xx_hal_msp.o(i.HAL_MspInit) for HAL_MspInit
    stm32f1xx_hal.o(i.HAL_InitTick) refers to stm32f1xx_hal_cortex.o(i.HAL_SYSTICK_Config) for HAL_SYSTICK_Config
    stm32f1xx_hal.o(i.HAL_InitTick) refers to stm32f1xx_hal_cortex.o(i.HAL_NVIC_SetPriority) for HAL_NVIC_SetPriority
    stm32f1xx_hal.o(i.HAL_InitTick) refers to stm32f1xx_hal.o(.data) for .data
    stm32f1xx_hal.o(i.HAL_InitTick) refers to system_stm32f1xx.o(.data) for SystemCoreClock
    stm32f1xx_hal.o(i.HAL_SetTickFreq) refers to stm32f1xx_hal.o(i.HAL_InitTick) for HAL_InitTick
    stm32f1xx_hal.o(i.HAL_SetTickFreq) refers to stm32f1xx_hal.o(.data) for .data
    stm32f1xx_hal_dma.o(i.HAL_DMA_PollForTransfer) refers to stm32f1xx_hal.o(i.HAL_GetTick) for HAL_GetTick
    stm32f1xx_hal_dma.o(i.HAL_DMA_Start) refers to stm32f1xx_hal_dma.o(i.DMA_SetConfig) for DMA_SetConfig
    stm32f1xx_hal_dma.o(i.HAL_DMA_Start_IT) refers to stm32f1xx_hal_dma.o(i.DMA_SetConfig) for DMA_SetConfig
    stm32f1xx_hal_eth.o(i.ETH_Delay) refers to system_stm32f1xx.o(.data) for SystemCoreClock
    stm32f1xx_hal_eth.o(i.ETH_FlushTransmitFIFO) refers to stm32f1xx_hal_eth.o(i.ETH_Delay) for ETH_Delay
    stm32f1xx_hal_eth.o(i.ETH_MACDMAConfig) refers to stm32f1xx_hal.o(i.HAL_Delay) for HAL_Delay
    stm32f1xx_hal_eth.o(i.HAL_ETH_ConfigDMA) refers to stm32f1xx_hal.o(i.HAL_Delay) for HAL_Delay
    stm32f1xx_hal_eth.o(i.HAL_ETH_ConfigMAC) refers to stm32f1xx_hal.o(i.HAL_Delay) for HAL_Delay
    stm32f1xx_hal_eth.o(i.HAL_ETH_DeInit) refers to stm32f1xx_hal_eth.o(i.HAL_ETH_MspDeInit) for HAL_ETH_MspDeInit
    stm32f1xx_hal_eth.o(i.HAL_ETH_IRQHandler) refers to ethernetif.o(i.HAL_ETH_RxCpltCallback) for HAL_ETH_RxCpltCallback
    stm32f1xx_hal_eth.o(i.HAL_ETH_IRQHandler) refers to stm32f1xx_hal_eth.o(i.HAL_ETH_TxCpltCallback) for HAL_ETH_TxCpltCallback
    stm32f1xx_hal_eth.o(i.HAL_ETH_IRQHandler) refers to stm32f1xx_hal_eth.o(i.HAL_ETH_ErrorCallback) for HAL_ETH_ErrorCallback
    stm32f1xx_hal_eth.o(i.HAL_ETH_Init) refers to ethernetif.o(i.HAL_ETH_MspInit) for HAL_ETH_MspInit
    stm32f1xx_hal_eth.o(i.HAL_ETH_Init) refers to stm32f1xx_hal.o(i.HAL_GetTick) for HAL_GetTick
    stm32f1xx_hal_eth.o(i.HAL_ETH_Init) refers to stm32f1xx_hal_rcc.o(i.HAL_RCC_GetHCLKFreq) for HAL_RCC_GetHCLKFreq
    stm32f1xx_hal_eth.o(i.HAL_ETH_Init) refers to stm32f1xx_hal_eth.o(i.HAL_ETH_WritePHYRegister) for HAL_ETH_WritePHYRegister
    stm32f1xx_hal_eth.o(i.HAL_ETH_Init) refers to stm32f1xx_hal.o(i.HAL_Delay) for HAL_Delay
[...]
    dhcp_start                               0x080088c9   Thumb Code   164  dhcp.o(i.dhcp_start)
    dhcp_stop                                0x08008a19   Thumb Code    72  dhcp.o(i.dhcp_stop)
    dhcp_supplied_address                    0x08008add   Thumb Code    28  dhcp.o(i.dhcp_supplied_address)
    ec20PowerInit                            0x08008ca1   Thumb Code   394  main.o(i.ec20PowerInit)
    etharp_input                             0x08009105   Thumb Code   166  etharp.o(i.etharp_input)
    etharp_output                            0x0800920d   Thumb Code   274  etharp.o(i.etharp_output)
    etharp_query                             0x080094a9   Thumb Code   300  etharp.o(i.etharp_query)
    etharp_request                           0x080097d1   Thumb Code     6  etharp.o(i.etharp_request)
    etharp_tmr                               0x080097fd   Thumb Code    92  etharp.o(i.etharp_tmr)
    ethernet_input                           0x08009969   Thumb Code   154  ethernet.o(i.ethernet_input)
    ethernet_output                          0x08009a09   Thumb Code    98  ethernet.o(i.ethernet_output)
    ethernetif_init                          0x08009aed   Thumb Code    50  ethernetif.o(i.ethernetif_init)
    fputc                                    0x08009bbd   Thumb Code    18  systemuartinit.o(i.fputc)
    free                                     0x08009bd5   Thumb Code    76  malloc.o(i.free)
    icmp_dest_unreach                        0x08009c25   Thumb Code     8  icmp.o(i.icmp_dest_unreach)
    icmp_input                               0x08009c2d   Thumb Code   280  icmp.o(i.icmp_input)
    icmp_time_exceeded                       0x08009ef9   Thumb Code     8  icmp.o(i.icmp_time_exceeded)
    inet_chksum_pbuf                         0x08009f0d   Thumb Code    72  inet_chksum.o(i.inet_chksum_pbuf)
    init_usb_host                            0x08009f55   Thumb Code    84  main.o(i.init_usb_host)
    ip4_addr_isbroadcast_u32                 0x0800a00d   Thumb Code    46  ip4_addr.o(i.ip4_addr_isbroadcast_u32)
    ip4_frag                                 0x0800a03d   Thumb Code   390  ip4_frag.o(i.ip4_frag)
    ip4_input                                0x0800a27d   Thumb Code   440  ip4.o(i.ip4_input)
    ip4_output_if                            0x0800a43d   Thumb Code    30  ip4.o(i.ip4_output_if)
    ip4_output_if_src                        0x0800a45d   Thumb Code   204  ip4.o(i.ip4_output_if_src)
    ip4_reass                                0x0800a5b9   Thumb Code   430  ip4_frag.o(i.ip4_reass)
    ip4_route                                0x0800a76d   Thumb Code    82  ip4.o(i.ip4_route)
    ip4addr_ntoa                             0x0800a7c9   Thumb Code     8  ip4_addr.o(i.ip4addr_ntoa)
    ip4addr_ntoa_r                           0x0800a7d5   Thumb Code   120  ip4_addr.o(i.ip4addr_ntoa_r)
    ip_reass_tmr                             0x0800adb1   Thumb Code    40  ip4_frag.o(i.ip_reass_tmr)
    lwip_htonl                               0x0800b0c9   Thumb Code     4  def.o(i.lwip_htonl)
    lwip_htons                               0x0800b0cd   Thumb Code     4  def.o(i.lwip_htons)
    lwip_init                                0x0800b0d1   Thumb Code    34  init.o(i.lwip_init)
    lwip_standard_chksum                     0x0800b0f5   Thumb Code    88  inet_chksum.o(i.lwip_standard_chksum)
    main                                     0x0800b14d   Thumb Code   154  main.o(i.main)
    malloc                                   0x0800b215   Thumb Code    92  malloc.o(i.malloc)
    mem_free                                 0x0800b281   Thumb Code   138  mem.o(i.mem_free)
    mem_init                                 0x0800b3a9   Thumb Code    72  mem.o(i.mem_init)
    mem_malloc                               0x0800b45d   Thumb Code   274  mem.o(i.mem_malloc)
    mem_trim                                 0x0800b65d   Thumb Code   268  mem.o(i.mem_trim)
    memp_free                                0x0800b7ed   Thumb Code    34  memp.o(i.memp_free)
    memp_init                                0x0800b879   Thumb Code    26  memp.o(i.memp_init)
    memp_init_pool                           0x0800b899   Thumb Code    42  memp.o(i.memp_init_pool)
    memp_malloc                              0x0800b8c5   Thumb Code    38  memp.o(i.memp_malloc)
    my_lwip_init_done                        0x0800b959   Thumb Code    14  main.o(i.my_lwip_init_done)
    netif_add                                0x0800b981   Thumb Code   104  netif.o(i.netif_add)
    netif_init                               0x0800ba4d   Thumb Code     2  netif.o(i.netif_init)
    netif_set_addr                           0x0800ba69   Thumb Code    72  netif.o(i.netif_set_addr)
    netif_set_default                        0x0800bab1   Thumb Code     6  netif.o(i.netif_set_default)
    netif_set_gw                             0x0800babd   Thumb Code     8  netif.o(i.netif_set_gw)
    netif_set_ipaddr                         0x0800bac5   Thumb Code    60  netif.o(i.netif_set_ipaddr)
    netif_set_netmask                        0x0800bb05   Thumb Code     8  netif.o(i.netif_set_netmask)
    netif_set_up                             0x0800bb0d   Thumb Code    28  netif.o(i.netif_set_up)
    osKernelStart                            0x0800bb29   Thumb Code    10  cmsis_os.o(i.osKernelStart)
    osKernelSysTick                          0x0800bb33   Thumb Code    24  cmsis_os.o(i.osKernelSysTick)
    osMessageCreate                          0x0800bb4b   Thumb Code     8  cmsis_os.o(i.osMessageCreate)
    osMessageGet                             0x0800bb55   Thumb Code   144  cmsis_os.o(i.osMessageGet)
    osMessagePut                             0x0800bbe9   Thumb Code    86  cmsis_os.o(i.osMessagePut)
    osMutexCreate                            0x0800bc45   Thumb Code     6  cmsis_os.o(i.osMutexCreate)
    osMutexRelease                           0x0800bc4d   Thumb Code    74  cmsis_os.o(i.osMutexRelease)
    osMutexWait                              0x0800bc9d   Thumb Code    96  cmsis_os.o(i.osMutexWait)
    osSemaphoreCreate                        0x0800bd01   Thumb Code    44  cmsis_os.o(i.osSemaphoreCreate)
    osSemaphoreRelease                       0x0800bd2d   Thumb Code    74  cmsis_os.o(i.osSemaphoreRelease)
    osSemaphoreWait                          0x0800bd7d   Thumb Code    96  cmsis_os.o(i.osSemaphoreWait)
    osThreadCreate                           0x0800bde1   Thumb Code    46  cmsis_os.o(i.osThreadCreate)
    osThreadTerminate                        0x0800be0f   Thumb Code    10  cmsis_os.o(i.osThreadTerminate)
    pbuf_alloc                               0x0800be19   Thumb Code   470  pbuf.o(i.pbuf_alloc)
    pbuf_alloced_custom                      0x0800c179   Thumb Code    98  pbuf.o(i.pbuf_alloced_custom)
    pbuf_cat                                 0x0800c249   Thumb Code    96  pbuf.o(i.pbuf_cat)
    pbuf_chain                               0x0800c369   Thumb Code    18  pbuf.o(i.pbuf_chain)
    pbuf_clen                                0x0800c37b   Thumb Code    18  pbuf.o(i.pbuf_clen)
    pbuf_copy                                0x0800c38d   Thumb Code   240  pbuf.o(i.pbuf_copy)
    pbuf_copy_partial                        0x0800c565   Thumb Code   126  pbuf.o(i.pbuf_copy_partial)
    pbuf_free                                0x0800c671   Thumb Code   186  pbuf.o(i.pbuf_free)
    pbuf_header                              0x0800c7d5   Thumb Code     6  pbuf.o(i.pbuf_header)
    pbuf_header_force                        0x0800c7db   Thumb Code     6  pbuf.o(i.pbuf_header_force)
    pbuf_realloc                             0x0800c8f5   Thumb Code   192  pbuf.o(i.pbuf_realloc)
    pbuf_ref                                 0x0800ca79   Thumb Code    46  pbuf.o(i.pbuf_ref)
    printlog                                 0x0800cc71   Thumb Code    30  systemlog.o(i.printlog)
    pvPortMalloc                             0x0800d0f1   Thumb Code   210  heap_4.o(i.pvPortMalloc)
    pvTaskIncrementMutexHeldCount            0x0800d1c9   Thumb Code    18  tasks.o(i.pvTaskIncrementMutexHeldCount)
    pxPortInitialiseStack                    0x0800d1e1   Thumb Code    32  port.o(i.pxPortInitialiseStack)
    sys_arch_mbox_fetch                      0x0800d2a1   Thumb Code    68  sys_arch.o(i.sys_arch_mbox_fetch)
    sys_arch_protect                         0x0800d2e5   Thumb Code    18  sys_arch.o(i.sys_arch_protect)
    sys_arch_unprotect                       0x0800d2fd   Thumb Code     8  sys_arch.o(i.sys_arch_unprotect)
    sys_init                                 0x0800d361   Thumb Code    14  sys_arch.o(i.sys_init)
    sys_mbox_new                             0x0800d379   Thumb Code    34  sys_arch.o(i.sys_mbox_new)
    sys_mbox_trypost                         0x0800d3a1   Thumb Code    20  sys_arch.o(i.sys_mbox_trypost)
    sys_mbox_valid                           0x0800d3b5   Thumb Code    10  sys_arch.o(i.sys_mbox_valid)
    sys_mutex_lock                           0x0800d3bf   Thumb Code    10  sys_arch.o(i.sys_mutex_lock)
    sys_mutex_new                            0x0800d3c9   Thumb Code    28  sys_arch.o(i.sys_mutex_new)
    sys_mutex_unlock                         0x0800d3e5   Thumb Code     6  sys_arch.o(i.sys_mutex_unlock)
    sys_now                                  0x0800d3eb   Thumb Code     4  ethernetif.o(i.sys_now)
    sys_thread_new                           0x0800d3ef   Thumb Code    48  sys_arch.o(i.sys_thread_new)
    sys_timeout                              0x0800d421   Thumb Code   158  timeouts.o(i.sys_timeout)
    sys_timeouts_init                        0x0800d551   Thumb Code    38  timeouts.o(i.sys_timeouts_init)
    sys_timeouts_mbox_fetch                  0x0800d585   Thumb Code    66  timeouts.o(i.sys_timeouts_mbox_fetch)
    tcp_abandon                              0x0800d5cd   Thumb Code   218  tcp.o(i.tcp_abandon)
    tcp_abort                                0x0800d729   Thumb Code     6  tcp.o(i.tcp_abort)
    tcp_alloc                                0x0800d731   Thumb Code   240  tcp.o(i.tcp_alloc)
    tcp_close                                0x0800d82d   Thumb Code    20  tcp.o(i.tcp_close)
    tcp_eff_send_mss_impl                    0x0800db7d   Thumb Code    34  tcp.o(i.tcp_eff_send_mss_impl)
    tcp_enqueue_flags                        0x0800dba1   Thumb Code   258  tcp_out.o(i.tcp_enqueue_flags)
    tcp_fasttmr                              0x0800dd9d   Thumb Code   102  tcp.o(i.tcp_fasttmr)
    tcp_init                                 0x0800de39   Thumb Code     2  tcp.o(i.tcp_init)
    tcp_input                                0x0800de3d   Thumb Code  1472  tcp_in.o(i.tcp_input)
    tcp_keepalive                            0x0800e43d   Thumb Code    82  tcp_out.o(i.tcp_keepalive)
    tcp_netif_ip_addr_changed                0x0800e6ed   Thumb Code    72  tcp.o(i.tcp_netif_ip_addr_changed)
    tcp_next_iss                             0x0800e75d   Thumb Code    12  tcp.o(i.tcp_next_iss)
    tcp_output                               0x0800e76d   Thumb Code   554  tcp_out.o(i.tcp_output)
    tcp_pcb_purge                            0x0800ec41   Thumb Code    58  tcp.o(i.tcp_pcb_purge)
    tcp_pcb_remove                           0x0800ec7d   Thumb Code   122  tcp.o(i.tcp_pcb_remove)
    tcp_process_refused_data                 0x0800f1e9   Thumb Code   106  tcp.o(i.tcp_process_refused_data)
    tcp_recv_null                            0x0800f8b1   Thumb Code    36  tcp.o(i.tcp_recv_null)
    tcp_recved                               0x0800f8d5   Thumb Code   106  tcp.o(i.tcp_recved)
    tcp_rexmit                               0x0800f9d5   Thumb Code    86  tcp_out.o(i.tcp_rexmit)
    tcp_rexmit_fast                          0x0800fa2b   Thumb Code    88  tcp_out.o(i.tcp_rexmit_fast)
    tcp_rexmit_rto                           0x0800fa83   Thumb Code    50  tcp_out.o(i.tcp_rexmit_rto)
    tcp_rst                                  0x0800fab5   Thumb Code   148  tcp_out.o(i.tcp_rst)
    tcp_seg_free                             0x0800fbc5   Thumb Code    28  tcp.o(i.tcp_seg_free)
    tcp_segs_free                            0x0800fbe1   Thumb Code    18  tcp.o(i.tcp_segs_free)
    tcp_send_empty_ack                       0x0800fbf3   Thumb Code   114  tcp_out.o(i.tcp_send_empty_ack)
    tcp_send_fin                             0x0800fc65   Thumb Code    68  tcp_out.o(i.tcp_send_fin)
    tcp_slowtmr                              0x0800fca9   Thumb Code   748  tcp.o(i.tcp_slowtmr)
    tcp_timer_needed                         0x0801014d   Thumb Code    36  timeouts.o(i.tcp_timer_needed)
    tcp_tmr                                  0x080101e9   Thumb Code    28  tcp.o(i.tcp_tmr)
    tcp_trigger_input_pcb_close              0x08010209   Thumb Code    12  tcp_in.o(i.tcp_trigger_input_pcb_close)
    tcp_update_rcv_ann_wnd                   0x08010219   Thumb Code    76  tcp.o(i.tcp_update_rcv_ann_wnd)
    tcp_zero_window_probe                    0x080102c9   Thumb Code   180  tcp_out.o(i.tcp_zero_window_probe)
    tcpip_init                               0x0801037d   Thumb Code    84  tcpip.o(i.tcpip_init)
    tcpip_inpkt                              0x08010471   Thumb Code    82  tcpip.o(i.tcpip_inpkt)
    tcpip_input                              0x08010521   Thumb Code    20  tcpip.o(i.tcpip_input)
    uart_init                                0x08010659   Thumb Code    44  systemuartinit.o(i.uart_init)
    udp_bind                                 0x08010691   Thumb Code   164  udp.o(i.udp_bind)
    udp_connect                              0x0801073d   Thumb Code    76  udp.o(i.udp_connect)
    udp_init                                 0x0801078d   Thumb Code     2  udp.o(i.udp_init)
    udp_input                                0x08010791   Thumb Code   294  udp.o(i.udp_input)
    udp_netif_ip_addr_changed                0x0801091d   Thumb Code    48  udp.o(i.udp_netif_ip_addr_changed)
    udp_new                                  0x08010951   Thumb Code    26  udp.o(i.udp_new)
    udp_recv                                 0x0801096b   Thumb Code     6  udp.o(i.udp_recv)
    udp_remove                               0x08010971   Thumb Code    42  udp.o(i.udp_remove)
    udp_sendto_if                            0x080109a1   Thumb Code    54  udp.o(i.udp_sendto_if)
    udp_sendto_if_src                        0x080109d9   Thumb Code   186  udp.o(i.udp_sendto_if_src)
    uxListRemove                             0x08010b0d   Thumb Code    38  list.o(i.uxListRemove)
    vListInitialise                          0x08010b33   Thumb Code    22  list.o(i.vListInitialise)
    vListInitialiseItem                      0x08010b49   Thumb Code     6  list.o(i.vListInitialiseItem)
    vListInsert                              0x08010b4f   Thumb Code    48  list.o(i.vListInsert)
    vListInsertEnd                           0x08010b7f   Thumb Code    24  list.o(i.vListInsertEnd)
    vPortEnterCritical                       0x08010b99   Thumb Code    54  port.o(i.vPortEnterCritical)
    vPortExitCritical                        0x08010bd9   Thumb Code    34  port.o(i.vPortExitCritical)
    vPortFree                                0x08010c01   Thumb Code    88  heap_4.o(i.vPortFree)
    vPortSetupTimerInterrupt                 0x08010c5d   Thumb Code    32  port.o(i.vPortSetupTimerInterrupt)
    vPortValidateInterruptPriority           0x08010c81   Thumb Code    74  port.o(i.vPortValidateInterruptPriority)
    vTaskDelay                               0x08010cd5   Thumb Code    66  tasks.o(i.vTaskDelay)
    vTaskDelete                              0x08010d21   Thumb Code   158  tasks.o(i.vTaskDelete)
    vTaskInternalSetTimeOutState             0x08010dcd   Thumb Code    12  tasks.o(i.vTaskInternalSetTimeOutState)
    vTaskMissedYield                         0x08010ddd   Thumb Code     8  tasks.o(i.vTaskMissedYield)
    vTaskPlaceOnEventList                    0x08010de9   Thumb Code    44  tasks.o(i.vTaskPlaceOnEventList)
    vTaskPriorityDisinheritAfterTimeout      0x08010e19   Thumb Code   160  tasks.o(i.vTaskPriorityDisinheritAfterTimeout)
    vTaskStartScheduler                      0x08010ec1   Thumb Code    86  tasks.o(i.vTaskStartScheduler)
    vTaskSuspendAll                          0x08010f29   Thumb Code    10  tasks.o(i.vTaskSuspendAll)
    vTaskSwitchContext                       0x08010f39   Thumb Code    82  tasks.o(i.vTaskSwitchContext)
    xPortStartScheduler                      0x08010f95   Thumb Code   154  port.o(i.xPortStartScheduler)
    xPortSysTickHandler                      0x0801103d   Thumb Code    38  port.o(i.xPortSysTickHandler)
    xQueueCreateCountingSemaphore            0x08011069   Thumb Code    58  queue.o(i.xQueueCreateCountingSemaphore)
    xQueueCreateMutex                        0x080110a3   Thumb Code    36  queue.o(i.xQueueCreateMutex)
    xQueueGenericCreate                      0x080110c7   Thumb Code    82  queue.o(i.xQueueGenericCreate)
    xQueueGenericReset                       0x08011119   Thumb Code   132  queue.o(i.xQueueGenericReset)
    xQueueGenericSend                        0x080111a1   Thumb Code   346  queue.o(i.xQueueGenericSend)
    xQueueGenericSendFromISR                 0x08011301   Thumb Code   188  queue.o(i.xQueueGenericSendFromISR)
    xQueueGiveFromISR                        0x080113bd   Thumb Code   156  queue.o(i.xQueueGiveFromISR)
    xQueueReceive                            0x08011459   Thumb Code   308  queue.o(i.xQueueReceive)
    xQueueReceiveFromISR                     0x08011591   Thumb Code   154  queue.o(i.xQueueReceiveFromISR)
    xQueueSemaphoreTake                      0x0801162d   Thumb Code   372  queue.o(i.xQueueSemaphoreTake)
    xTaskCheckForTimeOut                     0x080117a5   Thumb Code   112  tasks.o(i.xTaskCheckForTimeOut)
    xTaskCreate                              0x08011819   Thumb Code    86  tasks.o(i.xTaskCreate)
    xTaskGetSchedulerState                   0x08011871   Thumb Code    22  tasks.o(i.xTaskGetSchedulerState)
    xTaskGetTickCount                        0x0801188d   Thumb Code     6  tasks.o(i.xTaskGetTickCount)
    xTaskGetTickCountFromISR                 0x08011899   Thumb Code    12  tasks.o(i.xTaskGetTickCountFromISR)
    xTaskIncrementTick                       0x080118a9   Thumb Code   192  tasks.o(i.xTaskIncrementTick)
    xTaskPriorityDisinherit                  0x08011971   Thumb Code   144  tasks.o(i.xTaskPriorityDisinherit)
    xTaskPriorityInherit                     0x08011a09   Thumb Code   138  tasks.o(i.xTaskPriorityInherit)
    xTaskRemoveFromEventList                 0x08011a9d   Thumb Code   108  tasks.o(i.xTaskRemoveFromEventList)
    xTaskResumeAll                           0x08011b11   Thumb Code   182  tasks.o(i.xTaskResumeAll)
    AHBPrescTable                            0x08011c6c   Data          16  system_stm32f1xx.o(.constdata)
    APBPrescTable                            0x08011c7c   Data           8  system_stm32f1xx.o(.constdata)
    memp_UDP_PCB                             0x08011dd4   Data          12  memp.o(.constdata)
    memp_TCP_PCB                             0x08011de0   Data          12  memp.o(.constdata)
    memp_TCP_PCB_LISTEN                      0x08011dec   Data          12  memp.o(.constdata)
    memp_TCP_SEG                             0x08011df8   Data          12  memp.o(.constdata)
    memp_REASSDATA                           0x08011e04   Data          12  memp.o(.constdata)
    memp_FRAG_PBUF                           0x08011e10   Data          12  memp.o(.constdata)
    memp_NETBUF                              0x08011e1c   Data          12  memp.o(.constdata)
    memp_NETCONN                             0x08011e28   Data          12  memp.o(.constdata)
    memp_TCPIP_MSG_API                       0x08011e34   Data          12  memp.o(.constdata)
    memp_TCPIP_MSG_INPKT                     0x08011e40   Data          12  memp.o(.constdata)
    memp_SYS_TIMEOUT                         0x08011e4c   Data          12  memp.o(.constdata)
    memp_PBUF                                0x08011e58   Data          12  memp.o(.constdata)
    memp_PBUF_POOL                           0x08011e64   Data          12  memp.o(.constdata)
    memp_pools                               0x08011e70   Data          52  memp.o(.constdata)
    tcp_pcb_lists                            0x08011ee8   Data          16  tcp.o(.constdata)
    lwip_cyclic_timers                       0x08011ef8   Data          40  timeouts.o(.constdata)
    ip_addr_any                              0x08011f20   Data           4  ip4_addr.o(.constdata)
    ip_addr_broadcast                        0x08011f24   Data           4  ip4_addr.o(.constdata)
    ethbroadcast                             0x08011f28   Data           6  ethernet.o(.constdata)
    ethzero                                  0x08011f2e   Data           6  ethernet.o(.constdata)
    os_mutex_def_lwip_sys_mutex              0x08011f48   Data           4  sys_arch.o(.constdata)
    Region$$Table$$Base                      0x08012140   Number         0  anon$$obj.o(Region$$Table)
    Region$$Table$$Limit                     0x08012160   Number         0  anon$$obj.o(Region$$Table)
    uwTickFreq                               0x20000000   Data           1  stm32f1xx_hal.o(.data)
    uwTickPrio                               0x20000004   Data           4  stm32f1xx_hal.o(.data)
    uwTick                                   0x20000008   Data           4  stm32f1xx_hal.o(.data)
    pxCurrentTCB                             0x20000010   Data           4  tasks.o(.data)
    aRxBuffer                                0x20000078   Data           1  systemuartinit.o(.data)
    USART_RX_STA                             0x2000007a   Data           2  systemuartinit.o(.data)
    __stdout                                 0x2000007c   Data           4  systemuartinit.o(.data)
    DHCP_state                               0x20000080   Data           1  main.o(.data)
    SystemCoreClock                          0x20000084   Data           4  system_stm32f1xx.o(.data)
    USBH_msc                                 0x20000088   Data          32  usbh_msc.o(.data)
    CH340_Class                              0x200000a8   Data          32  usbh_ch340.o(.data)
    HUB_Class                                0x200000c8   Data          32  usbh_hub.o(.data)
    netif_list                               0x20000130   Data           4  netif.o(.data)
    netif_default                            0x20000134   Data           4  netif.o(.data)
    tcp_active_pcbs_changed                  0x20000138   Data           1  tcp.o(.data)
    tcp_ticks                                0x20000144   Data           4  tcp.o(.data)
    tcp_bound_pcbs                           0x20000148   Data           4  tcp.o(.data)
    tcp_listen_pcbs                          0x2000014c   Data           4  tcp.o(.data)
    tcp_active_pcbs                          0x20000150   Data           4  tcp.o(.data)
    tcp_tw_pcbs                              0x20000154   Data           4  tcp.o(.data)
    tcp_input_pcb                            0x20000178   Data           4  tcp_in.o(.data)
    udp_pcbs                                 0x2000018c   Data           4  udp.o(.data)
    dhcp_rx_options_given                    0x2000019c   Data           8  dhcp.o(.data)
    lock_tcpip_core                          0x200001bc   Data           4  tcpip.o(.data)
    s_xSemaphore                             0x200001c0   Data           4  ethernetif.o(.data)
    lwip_sys_mutex                           0x200001c4   Data           4  sys_arch.o(.data)
    __microlib_freelist                      0x200001cc   Data           4  mvars.o(.data)
    __microlib_freelist_initialised          0x200001d0   Data           4  mvars.o(.data)
    USART_RX_BUF                             0x20003ec4   Data         200  systemuartinit.o(.bss)
    DEBUG_UART_Handler                       0x20003f8c   Data          64  systemuartinit.o(.bss)
    hUSBHost                                 0x20003fcc   Data         828  main.o(.bss)
    gnetif                                   0x20004308   Data          56  main.o(.bss)
    hhcd                                     0x20004340   Data         708  usbh_conf.o(.bss)
    ip_data                                  0x20004604   Data          24  ip.o(.bss)
    ram_heap                                 0x2000461c   Data       10259  mem.o(.bss)
    memp_memory_UDP_PCB_base                 0x20006e2f   Data         195  memp.o(.bss)
    memp_memory_TCP_PCB_base                 0x20006ef2   Data        1483  memp.o(.bss)
    memp_memory_TCP_PCB_LISTEN_base          0x200074bd   Data         143  memp.o(.bss)
    memp_memory_TCP_SEG_base                 0x2000754c   Data         131  memp.o(.bss)
    memp_memory_REASSDATA_base               0x200075cf   Data         163  memp.o(.bss)
    memp_memory_FRAG_PBUF_base               0x20007672   Data         363  memp.o(.bss)
    memp_memory_NETBUF_base                  0x200077dd   Data          35  memp.o(.bss)
    memp_memory_NETCONN_base                 0x20007800   Data         163  memp.o(.bss)
    memp_memory_TCPIP_MSG_API_base           0x200078a3   Data         131  memp.o(.bss)
    memp_memory_TCPIP_MSG_INPKT_base         0x20007926   Data         131  memp.o(.bss)
    memp_memory_SYS_TIMEOUT_base             0x200079a9   Data         163  memp.o(.bss)
    memp_memory_PBUF_base                    0x20007a4c   Data         163  memp.o(.bss)
    memp_memory_PBUF_POOL_base               0x20007aef   Data       12323  memp.o(.bss)
    dhcp_rx_options_val                      0x2000ab24   Data          32  dhcp.o(.bss)
    DMARxDscrTab                             0x2000ac44   Data         128  ethernetif.o(.bss)
    DMATxDscrTab                             0x2000acc4   Data          64  ethernetif.o(.bss)
    Rx_Buff                                  0x2000ad04   Data       12192  ethernetif.o(.bss)
    Tx_Buff                                  0x2000dca4   Data        6096  ethernetif.o(.bss)
    EthHandle                                0x2000f474   Data          72  ethernetif.o(.bss)
    __heap_base                              0x2000f4c0   Data           0  startup_stm32f107xc.o(HEAP)
    __heap_limit                             0x20010cc0   Data           0  startup_stm32f107xc.o(HEAP)
    __initial_sp                             0x200114c0   Data           0  startup_stm32f107xc.o(STACK)



==============================================================================

Memory Map of the image

  Image Entry point : 0x08000151

  Load Region LR_IROM1 (Base: 0x08000000, Size: 0x00012334, Max: 0x00040000, ABSOLUTE, COMPRESSED[0x000121c8])

    Execution Region ER_IROM1 (Base: 0x08000000, Size: 0x00012160, Max: 0x00040000, ABSOLUTE)

    Base Addr    Size         Type   Attr      Idx    E Section Name        Object

    0x08000000   0x00000150   Data   RO            3    RESET               startup_stm32f107xc.o
    0x08000150   0x00000000   Code   RO         9698  * .ARM.Collect$$$$00000000  mc_w.l(entry.o)
    0x08000150   0x00000004   Code   RO        10011    .ARM.Collect$$$$00000001  mc_w.l(entry2.o)
    0x08000154   0x00000004   Code   RO        10014    .ARM.Collect$$$$00000004  mc_w.l(entry5.o)
    0x08000158   0x00000000   Code   RO        10016    .ARM.Collect$$$$00000008  mc_w.l(entry7b.o)
    0x08000158   0x00000000   Code   RO        10018    .ARM.Collect$$$$0000000A  mc_w.l(entry8b.o)
    0x08000158   0x00000008   Code   RO        10019    .ARM.Collect$$$$0000000B  mc_w.l(entry9a.o)
    0x08000160   0x00000000   Code   RO        10021    .ARM.Collect$$$$0000000D  mc_w.l(entry10a.o)
    0x08000160   0x00000000   Code   RO        10023    .ARM.Collect$$$$0000000F  mc_w.l(entry11a.o)
    0x08000160   0x00000004   Code   RO        10012    .ARM.Collect$$$$00002712  mc_w.l(entry2.o)
    0x08000164   0x00000096   Code   RO         5031    .emb_text           port.o
    0x080001fa   0x00000002   PAD
    0x080001fc   0x00000024   Code   RO            4    .text               startup_stm32f107xc.o
    0x08000220   0x00000062   Code   RO         9701    .text               mc_w.l(uldiv.o)
    0x08000282   0x00000020   Code   RO         9703    .text               mc_w.l(llushr.o)
    0x080002a2   0x00000002   PAD
    0x080002a4   0x00000024   Code   RO         9705    .text               mc_w.l(rand.o)
    0x080002c8   0x00000024   Code   RO         9708    .text               mc_w.l(memcpya.o)
    0x080002ec   0x00000024   Code   RO         9712    .text               mc_w.l(memseta.o)
    0x08000310   0x0000001a   Code   RO         9716    .text               mc_w.l(memcmp.o)
    0x0800032a   0x0000002c   Code   RO        10025    .text               mc_w.l(uidiv.o)
    0x08000356   0x0000001e   Code   RO        10027    .text               mc_w.l(llshl.o)
    0x08000374   0x00000000   Code   RO        10031    .text               mc_w.l(iusefp.o)
    0x08000374   0x0000014e   Code   RO        10032    .text               mf_w.l(dadd.o)
    0x080004c2   0x000000e4   Code   RO        10034    .text               mf_w.l(dmul.o)
    0x080005a6   0x000000de   Code   RO        10036    .text               mf_w.l(ddiv.o)
    0x08000684   0x00000030   Code   RO        10038    .text               mf_w.l(dfixul.o)
    0x080006b4   0x00000030   Code   RO        10040    .text               mf_w.l(cdrcmple.o)
    0x080006e4   0x00000024   Code   RO        10042    .text               mc_w.l(init.o)
    0x08000708   0x00000024   Code   RO        10044    .text               mc_w.l(llsshr.o)
    0x0800072c   0x000000ba   Code   RO        10046    .text               mf_w.l(depilogue.o)
    0x080007e6   0x00000056   Code   RO        10056    .text               mc_w.l(__dczerorl2.o)
    0x0800083c   0x00000002   Code   RO         5646    i.BusFault_Handler  stm32f1xx_it.o
    0x0800083e   0x0000007e   Code   RO         6939    i.CDC_ProcessReception  usbh_ch340.o
    0x080008bc   0x00000080   Code   RO         6940    i.CDC_ProcessTransmission  usbh_ch340.o
    0x0800093c   0x000001c8   Code   RO         5385    i.DHCP_thread       main.o
    0x08000b04   0x00000058   Code   RO         5919    i.DeInitStateMachine  usbh_core.o
    0x08000b5c   0x00000002   Code   RO         5647    i.DebugMon_Handler  stm32f1xx_it.o
    0x08000b5e   0x00000002   PAD
    0x08000b60   0x00000020   Code   RO          382    i.ETH_Delay         stm32f1xx_hal_eth.o
    0x08000b80   0x0000002e   Code   RO          383    i.ETH_FlushTransmitFIFO  stm32f1xx_hal_eth.o
    0x08000bae   0x00000002   PAD
    0x08000bb0   0x0000000c   Code   RO         5648    i.ETH_IRQHandler    stm32f1xx_it.o
    0x08000bbc   0x00000124   Code   RO          384    i.ETH_MACDMAConfig  stm32f1xx_hal_eth.o
    0x08000ce0   0x00000130   Code   RO          285    i.HAL_DMA_Abort_IT  stm32f1xx_hal_dma.o
    0x08000e10   0x00000024   Code   RO           20    i.HAL_Delay         stm32f1xx_hal.o
    0x08000e34   0x00000074   Code   RO          387    i.HAL_ETH_DMARxDescListInit  stm32f1xx_hal_eth.o
    0x08000ea8   0x00000078   Code   RO          388    i.HAL_ETH_DMATxDescListInit  stm32f1xx_hal_eth.o
    0x08000f20   0x00000002   Code   RO          390    i.HAL_ETH_ErrorCallback  stm32f1xx_hal_eth.o
    0x08000f22   0x00000088   Code   RO          392    i.HAL_ETH_GetReceivedFrame_IT  stm32f1xx_hal_eth.o
    0x08000faa   0x0000007a   Code   RO          394    i.HAL_ETH_IRQHandler  stm32f1xx_hal_eth.o
    0x08001024   0x000001a4   Code   RO          395    i.HAL_ETH_Init      stm32f1xx_hal_eth.o
    0x080011c8   0x0000011c   Code   RO         9447    i.HAL_ETH_MspInit   ethernetif.o
    0x080012e4   0x00000084   Code   RO          398    i.HAL_ETH_ReadPHYRegister  stm32f1xx_hal_eth.o
    0x08001368   0x0000000c   Code   RO         9448    i.HAL_ETH_RxCpltCallback  ethernetif.o
    0x08001374   0x00000084   Code   RO          400    i.HAL_ETH_Start     stm32f1xx_hal_eth.o
    0x080013f8   0x00000108   Code   RO          402    i.HAL_ETH_TransmitFrame  stm32f1xx_hal_eth.o
    0x08001500   0x00000002   Code   RO          403    i.HAL_ETH_TxCpltCallback  stm32f1xx_hal_eth.o
    0x08001502   0x00000002   PAD
    0x08001504   0x00000078   Code   RO          404    i.HAL_ETH_WritePHYRegister  stm32f1xx_hal_eth.o
    0x0800157c   0x000001e0   Code   RO          726    i.HAL_GPIO_Init     stm32f1xx_hal_gpio.o
    0x0800175c   0x0000000a   Code   RO          728    i.HAL_GPIO_ReadPin  stm32f1xx_hal_gpio.o
    0x08001766   0x0000000a   Code   RO          730    i.HAL_GPIO_WritePin  stm32f1xx_hal_gpio.o
    0x08001770   0x0000000c   Code   RO           24    i.HAL_GetTick       stm32f1xx_hal.o
    0x0800177c   0x0000001c   Code   RO         5754    i.HAL_HCD_Connect_Callback  usbh_conf.o
    0x08001798   0x00000008   Code   RO         5755    i.HAL_HCD_Disconnect_Callback  usbh_conf.o
    0x080017a0   0x00000006   Code   RO          828    i.HAL_HCD_GetCurrentFrame  stm32f1xx_hal_hcd.o
    0x080017a6   0x00000006   Code   RO          829    i.HAL_HCD_GetCurrentSpeed  stm32f1xx_hal_hcd.o
    0x080017ac   0x0000000e   Code   RO          832    i.HAL_HCD_HC_GetURBState  stm32f1xx_hal_hcd.o
    0x080017ba   0x0000000c   Code   RO          833    i.HAL_HCD_HC_GetXferCount  stm32f1xx_hal_hcd.o
    0x080017c6   0x00000024   Code   RO          834    i.HAL_HCD_HC_Halt   stm32f1xx_hal_hcd.o
    0x080017ea   0x00000072   Code   RO          835    i.HAL_HCD_HC_Init   stm32f1xx_hal_hcd.o
    0x0800185c   0x00000008   Code   RO         5756    i.HAL_HCD_HC_NotifyURBChange_Callback  usbh_conf.o
    0x08001864   0x00000092   Code   RO          837    i.HAL_HCD_HC_SubmitRequest  stm32f1xx_hal_hcd.o
    0x080018f6   0x00000002   PAD
    0x080018f8   0x00000130   Code   RO          838    i.HAL_HCD_IRQHandler  stm32f1xx_hal_hcd.o
    0x08001a28   0x00000072   Code   RO          839    i.HAL_HCD_Init      stm32f1xx_hal_hcd.o
    0x08001a9a   0x00000002   PAD
    0x08001a9c   0x000000a4   Code   RO         5758    i.HAL_HCD_MspInit   usbh_conf.o
    0x08001b40   0x00000008   Code   RO         5759    i.HAL_HCD_PortDisabled_Callback  usbh_conf.o
    0x08001b48   0x00000008   Code   RO         5760    i.HAL_HCD_PortEnabled_Callback  usbh_conf.o
    0x08001b50   0x00000006   Code   RO          844    i.HAL_HCD_ResetPort  stm32f1xx_hal_hcd.o
    0x08001b56   0x00000008   Code   RO         5761    i.HAL_HCD_SOF_Callback  usbh_conf.o
    0x08001b5e   0x0000002c   Code   RO          846    i.HAL_HCD_Start     stm32f1xx_hal_hcd.o
    0x08001b8a   0x00000024   Code   RO          847    i.HAL_HCD_Stop      stm32f1xx_hal_hcd.o
    0x08001bae   0x00000002   PAD
    0x08001bb0   0x00000010   Code   RO           30    i.HAL_IncTick       stm32f1xx_hal.o
    0x08001bc0   0x00000024   Code   RO           31    i.HAL_Init          stm32f1xx_hal.o
    0x08001be4   0x00000040   Code   RO           32    i.HAL_InitTick      stm32f1xx_hal.o
    0x08001c24   0x00000002   Code   RO         5617    i.HAL_MspInit       stm32f1xx_hal_msp.o
    0x08001c26   0x0000001a   Code   RO         2450    i.HAL_NVIC_EnableIRQ  stm32f1xx_hal_cortex.o
    0x08001c40   0x00000040   Code   RO         2456    i.HAL_NVIC_SetPriority  stm32f1xx_hal_cortex.o
    0x08001c80   0x00000024   Code   RO         2457    i.HAL_NVIC_SetPriorityGrouping  stm32f1xx_hal_cortex.o
    0x08001ca4   0x00000188   Code   RO         2673    i.HAL_RCCEx_PeriphCLKConfig  stm32f1xx_hal_rcc_ex.o
    0x08001e2c   0x0000012c   Code   RO         2566    i.HAL_RCC_ClockConfig  stm32f1xx_hal_rcc.o
    0x08001f58   0x0000000c   Code   RO         2571    i.HAL_RCC_GetHCLKFreq  stm32f1xx_hal_rcc.o
    0x08001f64   0x00000020   Code   RO         2573    i.HAL_RCC_GetPCLK1Freq  stm32f1xx_hal_rcc.o
    0x08001f84   0x00000020   Code   RO         2574    i.HAL_RCC_GetPCLK2Freq  stm32f1xx_hal_rcc.o
    0x08001fa4   0x000000c4   Code   RO         2575    i.HAL_RCC_GetSysClockFreq  stm32f1xx_hal_rcc.o
    0x08002068   0x000003e4   Code   RO         2578    i.HAL_RCC_OscConfig  stm32f1xx_hal_rcc.o
    0x0800244c   0x00000018   Code   RO         2459    i.HAL_SYSTICK_CLKSourceConfig  stm32f1xx_hal_cortex.o
    0x08002464   0x00000028   Code   RO         2461    i.HAL_SYSTICK_Config  stm32f1xx_hal_cortex.o
    0x0800248c   0x00000002   Code   RO         1487    i.HAL_UART_ErrorCallback  stm32f1xx_hal_uart.o
    0x0800248e   0x0000000a   Code   RO         1489    i.HAL_UART_GetState  stm32f1xx_hal_uart.o
    0x08002498   0x00000110   Code   RO         1490    i.HAL_UART_IRQHandler  stm32f1xx_hal_uart.o
    0x080025a8   0x00000062   Code   RO         1491    i.HAL_UART_Init     stm32f1xx_hal_uart.o
    0x0800260a   0x00000002   PAD
    0x0800260c   0x00000098   Code   RO         5309    i.HAL_UART_MspInit  systemuartinit.o
    0x080026a4   0x00000052   Code   RO         1496    i.HAL_UART_Receive_IT  stm32f1xx_hal_uart.o
    0x080026f6   0x00000002   PAD
    0x080026f8   0x00000058   Code   RO         5310    i.HAL_UART_RxCpltCallback  systemuartinit.o
    0x08002750   0x00000002   Code   RO         1502    i.HAL_UART_TxCpltCallback  stm32f1xx_hal_uart.o
    0x08002752   0x00000002   PAD
    0x08002754   0x0000021c   Code   RO          848    i.HCD_HC_IN_IRQHandler  stm32f1xx_hal_hcd.o
    0x08002970   0x00000234   Code   RO          849    i.HCD_HC_OUT_IRQHandler  stm32f1xx_hal_hcd.o
    0x08002ba4   0x000000c0   Code   RO          850    i.HCD_Port_IRQHandler  stm32f1xx_hal_hcd.o
    0x08002c64   0x00000070   Code   RO          851    i.HCD_RXQLVL_IRQHandler  stm32f1xx_hal_hcd.o
    0x08002cd4   0x00000034   Code   RO         7091    i.HUB_Child_DeInitStateMachine  usbh_hub.o
    0x08002d08   0x00000002   Code   RO         5649    i.HardFault_Handler  stm32f1xx_it.o
    0x08002d0a   0x00000002   Code   RO         5650    i.MemManage_Handler  stm32f1xx_it.o
    0x08002d0c   0x00000002   Code   RO         5651    i.NMI_Handler       stm32f1xx_it.o
    0x08002d0e   0x00000002   PAD
    0x08002d10   0x0000000c   Code   RO         5652    i.OTG_FS_IRQHandler  stm32f1xx_it.o
    0x08002d1c   0x00000134   Code   RO         6941    i.SetLineCoding     usbh_ch340.o
    0x08002e50   0x00000016   Code   RO         5212    i.SysTick_Handler   systemdelay.o
    0x08002e66   0x00000070   Code   RO         5172    i.SystemClock_Config  systemclockset.o
    0x08002ed6   0x00000002   PAD
    0x08002ed8   0x00000054   Code   RO         5717    i.SystemInit        system_stm32f1xx.o
    0x08002f2c   0x00000048   Code   RO         5386    i.TEST_Task         main.o
    0x08002f74   0x00000010   Code   RO         1504    i.UART_DMAAbortOnError  stm32f1xx_hal_uart.o
    0x08002f84   0x0000001c   Code   RO         1514    i.UART_EndRxTransfer  stm32f1xx_hal_uart.o
    0x08002fa0   0x00000096   Code   RO         1516    i.UART_Receive_IT   stm32f1xx_hal_uart.o
    0x08003036   0x00000002   PAD
    0x08003038   0x000000b8   Code   RO         1517    i.UART_SetConfig    stm32f1xx_hal_uart.o
    0x080030f0   0x00000062   Code   RO         1518    i.UART_Transmit_IT  stm32f1xx_hal_uart.o
    0x08003152   0x00000002   PAD
    0x08003154   0x00000044   Code   RO         5311    i.USART2_IRQHandler  systemuartinit.o
    0x08003198   0x00000030   Code   RO         6251    i.USBH_AllocPipe    usbh_pipes.o
    0x080031c8   0x00000020   Code   RO         6179    i.USBH_BulkReceiveData  usbh_ioreq.o
    0x080031e8   0x00000028   Code   RO         6180    i.USBH_BulkSendData  usbh_ioreq.o
    0x08003210   0x00000002   Code   RO         6946    i.USBH_CDC_LineCodingChanged  usbh_ch340.o
    0x08003212   0x00000002   Code   RO         6948    i.USBH_CDC_ReceiveCallback  usbh_ch340.o
    0x08003214   0x00000002   Code   RO         6952    i.USBH_CDC_TransmitCallback  usbh_ch340.o
    0x08003216   0x00000024   Code   RO         6953    i.USBH_CH340_ClassRequest  usbh_ch340.o
    0x0800323a   0x0000007a   Code   RO         6954    i.USBH_CH340_InterfaceDeInit  usbh_ch340.o
    0x080032b4   0x000000e8   Code   RO         6955    i.USBH_CH340_InterfaceInit  usbh_ch340.o
    0x0800339c   0x000000e8   Code   RO         6956    i.USBH_CH340_Process  usbh_ch340.o
    0x08003484   0x00000004   Code   RO         6957    i.USBH_CH340_SOFProcess  usbh_ch340.o
    0x08003488   0x00000026   Code   RO         5920    i.USBH_Children_Process_OS  usbh_core.o
    0x080034ae   0x0000000a   Code   RO         6252    i.USBH_ClosePipe    usbh_pipes.o
    0x080034b8   0x0000001e   Code   RO         6090    i.USBH_ClrFeature   usbh_ctlreq.o
    0x080034d6   0x0000001e   Code   RO         6181    i.USBH_CtlReceiveData  usbh_ioreq.o
    0x080034f4   0x0000009c   Code   RO         6091    i.USBH_CtlReq       usbh_ctlreq.o
    0x08003590   0x00000028   Code   RO         6182    i.USBH_CtlSendData  usbh_ioreq.o
    0x080035b8   0x0000001e   Code   RO         6183    i.USBH_CtlSendSetup  usbh_ioreq.o
    0x080035d6   0x00000004   Code   RO         5762    i.USBH_Delay        usbh_conf.o
    0x080035da   0x00000002   PAD
    0x080035dc   0x000000c0   Code   RO         5922    i.USBH_FindInterface  usbh_core.o
    0x0800369c   0x00000018   Code   RO         6253    i.USBH_FreePipe     usbh_pipes.o
    0x080036b4   0x0000001c   Code   RO         5924    i.USBH_Free_One_Address  usbh_core.o
    0x080036d0   0x00000034   Code   RO         6092    i.USBH_GetDescriptor  usbh_ctlreq.o
    0x08003704   0x0000000e   Code   RO         6093    i.USBH_GetNextDesc  usbh_ctlreq.o
    0x08003712   0x0000002c   Code   RO         6094    i.USBH_Get_CfgDesc  usbh_ctlreq.o
    0x0800373e   0x00000080   Code   RO         6095    i.USBH_Get_DevDesc  usbh_ctlreq.o
    0x080037be   0x00000030   Code   RO         5926    i.USBH_Get_One_Address  usbh_core.o
    0x080037ee   0x00000048   Code   RO         6096    i.USBH_Get_StringDesc  usbh_ctlreq.o
    0x08003836   0x00000002   PAD
    0x08003838   0x000002f4   Code   RO         7092    i.USBH_HUB_ClassRequest  usbh_hub.o
    0x08003b2c   0x00000070   Code   RO         7093    i.USBH_HUB_ClearPort  usbh_hub.o
    0x08003b9c   0x00000014   Code   RO         7094    i.USBH_HUB_GetHUBDescriptor  usbh_hub.o
    0x08003bb0   0x0000001e   Code   RO         7095    i.USBH_HUB_GetHUBStatus  usbh_hub.o
    0x08003bce   0x00000002   PAD
    0x08003bd0   0x00000078   Code   RO         7096    i.USBH_HUB_GetPortStatus  usbh_hub.o
    0x08003c48   0x000000c4   Code   RO         7099    i.USBH_HUB_InterfaceDeInit  usbh_hub.o
    0x08003d0c   0x0000016c   Code   RO         7100    i.USBH_HUB_InterfaceInit  usbh_hub.o
    0x08003e78   0x000003dc   Code   RO         7101    i.USBH_HUB_Process  usbh_hub.o
    0x08004254   0x0000003a   Code   RO         7102    i.USBH_HUB_SOFProcess  usbh_hub.o
    0x0800428e   0x00000020   Code   RO         7103    i.USBH_HUB_SetHUBPower  usbh_hub.o
    0x080042ae   0x00000002   PAD
    0x080042b0   0x00000070   Code   RO         7104    i.USBH_HUB_SetPort  usbh_hub.o
    0x08004320   0x000001e8   Code   RO         6097    i.USBH_HandleControl  usbh_ctlreq.o
    0x08004508   0x00000388   Code   RO         5927    i.USBH_HandleEnum   usbh_core.o
    0x08004890   0x00000032   Code   RO         5928    i.USBH_HandleSof    usbh_core.o
    0x080048c2   0x00000002   PAD
    0x080048c4   0x000000c0   Code   RO         5929    i.USBH_Init         usbh_core.o
    0x08004984   0x00000020   Code   RO         6184    i.USBH_InterruptReceiveData  usbh_ioreq.o
    0x080049a4   0x0000000e   Code   RO         5763    i.USBH_LL_ClosePipe  usbh_conf.o
    0x080049b2   0x00000002   PAD
    0x080049b4   0x00000080   Code   RO         5931    i.USBH_LL_Connect   usbh_core.o
    0x08004a34   0x00000074   Code   RO         5932    i.USBH_LL_Disconnect  usbh_core.o
    0x08004aa8   0x0000004c   Code   RO         5765    i.USBH_LL_DriverVBUS  usbh_conf.o
    0x08004af4   0x00000008   Code   RO         5766    i.USBH_LL_GetLastXferSize  usbh_conf.o
    0x08004afc   0x00000022   Code   RO         5767    i.USBH_LL_GetSpeed  usbh_conf.o
    0x08004b1e   0x00000002   PAD
    0x08004b20   0x00000020   Code   RO         5768    i.USBH_LL_GetToggle  usbh_conf.o
    0x08004b40   0x00000008   Code   RO         5769    i.USBH_LL_GetURBState  usbh_conf.o
    0x08004b48   0x0000000e   Code   RO         5933    i.USBH_LL_IncTimer  usbh_core.o
    0x08004b56   0x00000002   PAD
    0x08004b58   0x00000044   Code   RO         5770    i.USBH_LL_Init      usbh_conf.o
    0x08004b9c   0x00000012   Code   RO         5934    i.USBH_LL_NotifyURBChange  usbh_core.o
    0x08004bae   0x00000018   Code   RO         5771    i.USBH_LL_OpenPipe  usbh_conf.o
    0x08004bc6   0x00000002   PAD
    0x08004bc8   0x00000028   Code   RO         5935    i.USBH_LL_PortDisabled  usbh_core.o
    0x08004bf0   0x00000074   Code   RO         5936    i.USBH_LL_PortEnabled  usbh_core.o
    0x08004c64   0x0000000e   Code   RO         5772    i.USBH_LL_ResetPort  usbh_conf.o
    0x08004c72   0x00000006   Code   RO         5937    i.USBH_LL_SetTimer  usbh_core.o
    0x08004c78   0x00000024   Code   RO         5773    i.USBH_LL_SetToggle  usbh_conf.o
    0x08004c9c   0x0000000e   Code   RO         5774    i.USBH_LL_Start     usbh_conf.o
    0x08004caa   0x0000000e   Code   RO         5775    i.USBH_LL_Stop      usbh_conf.o
    0x08004cb8   0x00000020   Code   RO         5776    i.USBH_LL_SubmitURB  usbh_conf.o
    0x08004cd8   0x0000001e   Code   RO         6384    i.USBH_MSC_BOT_Abort  usbh_msc_bot.o
    0x08004cf6   0x00000002   PAD
    0x08004cf8   0x00000024   Code   RO         6385    i.USBH_MSC_BOT_Init  usbh_msc_bot.o
    0x08004d1c   0x000001fc   Code   RO         6386    i.USBH_MSC_BOT_Process  usbh_msc_bot.o
    0x08004f18   0x00000016   Code   RO         6387    i.USBH_MSC_BOT_REQ_GetMaxLUN  usbh_msc_bot.o
    0x08004f2e   0x00000016   Code   RO         6388    i.USBH_MSC_BOT_REQ_Reset  usbh_msc_bot.o
    0x08004f44   0x0000009c   Code   RO         6293    i.USBH_MSC_ClassRequest  usbh_msc.o
    0x08004fe0   0x0000003e   Code   RO         6296    i.USBH_MSC_InterfaceDeInit  usbh_msc.o
    0x0800501e   0x0000014c   Code   RO         6297    i.USBH_MSC_InterfaceInit  usbh_msc.o
    0x0800516a   0x00000002   PAD
    0x0800516c   0x00000530   Code   RO         6299    i.USBH_MSC_Process  usbh_msc.o
    0x0800569c   0x000000c0   Code   RO         6435    i.USBH_MSC_SCSI_Inquiry  usbh_msc_scsi.o
    0x0800575c   0x0000007a   Code   RO         6437    i.USBH_MSC_SCSI_ReadCapacity  usbh_msc_scsi.o
    0x080057d6   0x00000092   Code   RO         6438    i.USBH_MSC_SCSI_RequestSense  usbh_msc_scsi.o
    0x08005868   0x0000004c   Code   RO         6439    i.USBH_MSC_SCSI_TestUnitReady  usbh_msc_scsi.o
    0x080058b4   0x00000004   Code   RO         6302    i.USBH_MSC_SOFProcess  usbh_msc.o
    0x080058b8   0x00000014   Code   RO         6254    i.USBH_OpenPipe     usbh_pipes.o
    0x080058cc   0x000000e8   Code   RO         6098    i.USBH_ParseCfgDesc  usbh_ctlreq.o
    0x080059b4   0x000003a4   Code   RO         5938    i.USBH_Process      usbh_core.o
    0x08005d58   0x00000028   Code   RO         5939    i.USBH_Process_OS   usbh_core.o
    0x08005d80   0x0000002a   Code   RO         5940    i.USBH_ReEnumerate  usbh_core.o
    0x08005daa   0x00000002   PAD
    0x08005dac   0x00000080   Code   RO         5941    i.USBH_RegisterClass  usbh_core.o
    0x08005e2c   0x000000f4   Code   RO         5942    i.USBH_SelectInterface  usbh_core.o
    0x08005f20   0x0000001c   Code   RO         6099    i.USBH_SetAddress   usbh_ctlreq.o
    0x08005f3c   0x0000001c   Code   RO         6100    i.USBH_SetCfg       usbh_ctlreq.o
    0x08005f58   0x0000001e   Code   RO         5943    i.USBH_Start        usbh_core.o
    0x08005f76   0x0000002e   Code   RO         5944    i.USBH_Stop         usbh_core.o
    0x08005fa4   0x00000002   Code   RO         5387    i.USBH_UserProcess  main.o
    0x08005fa6   0x00000002   PAD
    0x08005fa8   0x00000058   Code   RO         2067    i.USB_CoreInit      stm32f1xx_ll_usb.o
    0x08006000   0x00000038   Code   RO         2068    i.USB_CoreReset     stm32f1xx_ll_usb.o
    0x08006038   0x0000000c   Code   RO         2075    i.USB_DisableGlobalInt  stm32f1xx_ll_usb.o
    0x08006044   0x0000002c   Code   RO         2077    i.USB_DriveVbus     stm32f1xx_ll_usb.o
    0x08006070   0x0000000c   Code   RO         2083    i.USB_EnableGlobalInt  stm32f1xx_ll_usb.o
    0x0800607c   0x00000020   Code   RO         2084    i.USB_FlushRxFifo   stm32f1xx_ll_usb.o
    0x0800609c   0x00000024   Code   RO         2085    i.USB_FlushTxFifo   stm32f1xx_ll_usb.o
    0x080060c0   0x00000008   Code   RO         2086    i.USB_GetCurrentFrame  stm32f1xx_ll_usb.o
    0x080060c8   0x0000000e   Code   RO         2088    i.USB_GetHostSpeed  stm32f1xx_ll_usb.o
    0x080060d6   0x00000008   Code   RO         2089    i.USB_GetMode       stm32f1xx_ll_usb.o
    0x080060de   0x000000c2   Code   RO         2090    i.USB_HC_Halt       stm32f1xx_ll_usb.o
    0x080061a0   0x000000d8   Code   RO         2091    i.USB_HC_Init       stm32f1xx_ll_usb.o
    0x08006278   0x00000008   Code   RO         2092    i.USB_HC_ReadInterrupt  stm32f1xx_ll_usb.o
    0x08006280   0x00000108   Code   RO         2093    i.USB_HC_StartXfer  stm32f1xx_ll_usb.o
    0x08006388   0x00000094   Code   RO         2094    i.USB_HostInit      stm32f1xx_ll_usb.o
    0x0800641c   0x00000036   Code   RO         2095    i.USB_InitFSLSPClkSel  stm32f1xx_ll_usb.o
    0x08006452   0x00000008   Code   RO         2100    i.USB_ReadInterrupts  stm32f1xx_ll_usb.o
    0x0800645a   0x0000001c   Code   RO         2101    i.USB_ReadPacket    stm32f1xx_ll_usb.o
    0x08006476   0x00000002   PAD
    0x08006478   0x0000006c   Code   RO         2102    i.USB_ResetPort     stm32f1xx_ll_usb.o
    0x080064e4   0x0000002e   Code   RO         2103    i.USB_SetCurrentMode  stm32f1xx_ll_usb.o
    0x08006512   0x00000002   PAD
    0x08006514   0x0000007e   Code   RO         2108    i.USB_StopHost      stm32f1xx_ll_usb.o
    0x08006592   0x00000020   Code   RO         2109    i.USB_WritePacket   stm32f1xx_ll_usb.o
    0x080065b2   0x00000002   Code   RO         5653    i.UsageFault_Handler  stm32f1xx_it.o
    0x080065b4   0x00000020   Code   RO         9955    i.__0printf         mc_w.l(printfa.o)
    0x080065d4   0x00000010   Code   RO         9959    i.__0vprintf        mc_w.l(printfa.o)
    0x080065e4   0x00000020   Code   RO         2463    i.__NVIC_SetPriority  stm32f1xx_hal_cortex.o
    0x08006604   0x0000000e   Code   RO        10050    i.__scatterload_copy  mc_w.l(handlers.o)
    0x08006612   0x00000002   Code   RO        10051    i.__scatterload_null  mc_w.l(handlers.o)
    0x08006614   0x0000000e   Code   RO        10052    i.__scatterload_zeroinit  mc_w.l(handlers.o)
    0x08006622   0x00000002   PAD
    0x08006624   0x00000184   Code   RO         9962    i._fp_digits        mc_w.l(printfa.o)
    0x080067a8   0x000006dc   Code   RO         9963    i._printf_core      mc_w.l(printfa.o)
    0x08006e84   0x00000024   Code   RO         9964    i._printf_post_padding  mc_w.l(printfa.o)
    0x08006ea8   0x0000002e   Code   RO         9965    i._printf_pre_padding  mc_w.l(printfa.o)
    0x08006ed6   0x00000002   PAD
    0x08006ed8   0x00000120   Code   RO         6958    i.ch34x_attach      usbh_ch340.o
    0x08006ff8   0x00000088   Code   RO         6959    i.ch34x_get_baud_rate  usbh_ch340.o
    0x08007080   0x00000074   Code   RO         6960    i.ch34x_vendor_read  usbh_ch340.o
    0x080070f4   0x00000028   Code   RO         6961    i.ch34x_vendor_write  usbh_ch340.o
    0x0800711c   0x0000001c   Code   RO         8295    i.cyclic_timer      timeouts.o
    0x08007138   0x00000034   Code   RO         5213    i.delay_init        systemdelay.o
    0x0800716c   0x00000038   Code   RO         5214    i.delay_ms          systemdelay.o
    0x080071a4   0x00000034   Code   RO         5215    i.delay_us          systemdelay.o
    0x080071d8   0x00000088   Code   RO         8469    i.dhcp_arp_reply    dhcp.o
    0x08007260   0x00000174   Code   RO         8470    i.dhcp_bind         dhcp.o
    0x080073d4   0x00000034   Code   RO         8471    i.dhcp_check        dhcp.o
    0x08007408   0x000000ac   Code   RO         8473    i.dhcp_coarse_tmr   dhcp.o
    0x080074b4   0x000002b0   Code   RO         8474    i.dhcp_create_msg   dhcp.o
    0x08007764   0x000000a4   Code   RO         8475    i.dhcp_dec_pcb_refcount  dhcp.o
    0x08007808   0x00000088   Code   RO         8476    i.dhcp_decline      dhcp.o
    0x08007890   0x0000010c   Code   RO         8477    i.dhcp_delete_msg   dhcp.o
    0x0800799c   0x000000cc   Code   RO         8478    i.dhcp_discover     dhcp.o
    0x08007a68   0x00000034   Code   RO         8479    i.dhcp_fine_tmr     dhcp.o
    0x08007a9c   0x00000064   Code   RO         8480    i.dhcp_handle_ack   dhcp.o
    0x08007b00   0x000000d8   Code   RO         8481    i.dhcp_inc_pcb_refcount  dhcp.o
    0x08007bd8   0x00000090   Code   RO         8484    i.dhcp_option       dhcp.o
    0x08007c68   0x000000b4   Code   RO         8485    i.dhcp_option_byte  dhcp.o
    0x08007d1c   0x000000e8   Code   RO         8486    i.dhcp_option_long  dhcp.o
    0x08007e04   0x0000008c   Code   RO         8487    i.dhcp_option_short  dhcp.o
    0x08007e90   0x00000144   Code   RO         8488    i.dhcp_option_trailer  dhcp.o
    0x08007fd4   0x00000364   Code   RO         8489    i.dhcp_parse_reply  dhcp.o
    0x08008338   0x000000b8   Code   RO         8490    i.dhcp_rebind       dhcp.o
    0x080083f0   0x000000d4   Code   RO         8491    i.dhcp_reboot       dhcp.o
    0x080084c4   0x000001a0   Code   RO         8492    i.dhcp_recv         dhcp.o
    0x08008664   0x000000a8   Code   RO         8493    i.dhcp_release      dhcp.o
    0x0800870c   0x000000b4   Code   RO         8494    i.dhcp_renew        dhcp.o
    0x080087c0   0x000000f8   Code   RO         8495    i.dhcp_select       dhcp.o
    0x080088b8   0x00000010   Code   RO         8496    i.dhcp_set_state    dhcp.o
    0x080088c8   0x00000150   Code   RO         8498    i.dhcp_start        dhcp.o
    0x08008a18   0x000000c4   Code   RO         8499    i.dhcp_stop         dhcp.o
    0x08008adc   0x0000001c   Code   RO         8500    i.dhcp_supplied_address  dhcp.o
    0x08008af8   0x00000066   Code   RO         8501    i.dhcp_timeout      dhcp.o
    0x08008b5e   0x00000002   PAD
    0x08008b60   0x00000098   Code   RO         7456    i.do_memp_free_pool  memp.o
    0x08008bf8   0x000000a8   Code   RO         7457    i.do_memp_malloc_pool  memp.o
    0x08008ca0   0x000001f8   Code   RO         5388    i.ec20PowerInit     main.o
    0x08008e98   0x00000248   Code   RO         8665    i.etharp_find_entry  etharp.o
    0x080090e0   0x00000024   Code   RO         8666    i.etharp_free_entry  etharp.o
    0x08009104   0x00000108   Code   RO         8668    i.etharp_input      etharp.o
    0x0800920c   0x0000019c   Code   RO         8669    i.etharp_output     etharp.o
    0x080093a8   0x00000100   Code   RO         8670    i.etharp_output_to_arp_index  etharp.o
    0x080094a8   0x000001c8   Code   RO         8671    i.etharp_query      etharp.o
    0x08009670   0x00000160   Code   RO         8672    i.etharp_raw        etharp.o
    0x080097d0   0x0000000c   Code   RO         8673    i.etharp_request    etharp.o
    0x080097dc   0x00000020   Code   RO         8674    i.etharp_request_dst  etharp.o
    0x080097fc   0x00000060   Code   RO         8675    i.etharp_tmr        etharp.o
    0x0800985c   0x0000010c   Code   RO         8676    i.etharp_update_arp_entry  etharp.o
    0x08009968   0x000000a0   Code   RO         9416    i.ethernet_input    ethernet.o
    0x08009a08   0x000000e4   Code   RO         9417    i.ethernet_output   ethernet.o
    0x08009aec   0x0000009c   Code   RO         9449    i.ethernetif_init   ethernetif.o
    0x08009b88   0x00000034   Code   RO         9450    i.ethernetif_input  ethernetif.o
    0x08009bbc   0x00000018   Code   RO         5313    i.fputc             systemuartinit.o
    0x08009bd4   0x00000050   Code   RO         9983    i.free              mc_w.l(malloc.o)
    0x08009c24   0x00000008   Code   RO         8751    i.icmp_dest_unreach  icmp.o
    0x08009c2c   0x000001d4   Code   RO         8752    i.icmp_input        icmp.o
    0x08009e00   0x000000f8   Code   RO         8753    i.icmp_send_response  icmp.o
    0x08009ef8   0x00000008   Code   RO         8754    i.icmp_time_exceeded  icmp.o
    0x08009f00   0x0000000c   Code   RO         4647    i.inHandlerMode     cmsis_os.o
    0x08009f0c   0x00000048   Code   RO         7248    i.inet_chksum_pbuf  inet_chksum.o
    0x08009f54   0x000000b8   Code   RO         5389    i.init_usb_host     main.o
    0x0800a00c   0x0000002e   Code   RO         8824    i.ip4_addr_isbroadcast_u32  ip4_addr.o
    0x0800a03a   0x00000002   PAD
    0x0800a03c   0x00000240   Code   RO         8878    i.ip4_frag          ip4_frag.o
    0x0800a27c   0x000001c0   Code   RO         8786    i.ip4_input         ip4.o
    0x0800a43c   0x0000001e   Code   RO         8788    i.ip4_output_if     ip4.o
    0x0800a45a   0x00000002   PAD
    0x0800a45c   0x0000015c   Code   RO         8789    i.ip4_output_if_src  ip4.o
    0x0800a5b8   0x000001b4   Code   RO         8879    i.ip4_reass         ip4_frag.o
    0x0800a76c   0x0000005c   Code   RO         8790    i.ip4_route         ip4.o
    0x0800a7c8   0x0000000c   Code   RO         8827    i.ip4addr_ntoa      ip4_addr.o
    0x0800a7d4   0x00000078   Code   RO         8828    i.ip4addr_ntoa_r    ip4_addr.o
    0x0800a84c   0x0000007c   Code   RO         8880    i.ip_frag_free_pbuf_custom_ref  ip4_frag.o
    0x0800a8c8   0x0000024c   Code   RO         8881    i.ip_reass_chain_frag_into_datagram_and_validate  ip4_frag.o
    0x0800ab14   0x000000a4   Code   RO         8882    i.ip_reass_dequeue_datagram  ip4_frag.o
    0x0800abb8   0x00000178   Code   RO         8883    i.ip_reass_free_complete_datagram  ip4_frag.o
    0x0800ad30   0x00000080   Code   RO         8884    i.ip_reass_remove_oldest_datagram  ip4_frag.o
    0x0800adb0   0x0000002c   Code   RO         8885    i.ip_reass_tmr      ip4_frag.o
    0x0800addc   0x00000084   Code   RO         8886    i.ipfrag_free_pbuf_custom  ip4_frag.o
    0x0800ae60   0x00000104   Code   RO         9451    i.low_level_init    ethernetif.o
    0x0800af64   0x000000bc   Code   RO         9452    i.low_level_input   ethernetif.o
    0x0800b020   0x000000a8   Code   RO         9453    i.low_level_output  ethernetif.o
    0x0800b0c8   0x00000004   Code   RO         7191    i.lwip_htonl        def.o
    0x0800b0cc   0x00000004   Code   RO         7192    i.lwip_htons        def.o
    0x0800b0d0   0x00000022   Code   RO         7318    i.lwip_init         init.o
    0x0800b0f2   0x00000002   PAD
    0x0800b0f4   0x00000058   Code   RO         7255    i.lwip_standard_chksum  inet_chksum.o
    0x0800b14c   0x000000bc   Code   RO         5390    i.main              main.o
    0x0800b208   0x0000000c   Code   RO         4649    i.makeFreeRtosPriority  cmsis_os.o
    0x0800b214   0x0000006c   Code   RO         9984    i.malloc            mc_w.l(malloc.o)
    0x0800b280   0x00000128   Code   RO         7412    i.mem_free          mem.o
    0x0800b3a8   0x000000b4   Code   RO         7413    i.mem_init          mem.o
    0x0800b45c   0x00000200   Code   RO         7414    i.mem_malloc        mem.o
    0x0800b65c   0x00000190   Code   RO         7415    i.mem_trim          mem.o
    0x0800b7ec   0x0000008c   Code   RO         7458    i.memp_free         memp.o
    0x0800b878   0x00000020   Code   RO         7460    i.memp_init         memp.o
    0x0800b898   0x0000002a   Code   RO         7461    i.memp_init_pool    memp.o
    0x0800b8c2   0x00000002   PAD
    0x0800b8c4   0x00000094   Code   RO         7462    i.memp_malloc       memp.o
    0x0800b958   0x00000028   Code   RO         5391    i.my_lwip_init_done  main.o
    0x0800b980   0x000000cc   Code   RO         7585    i.netif_add         netif.o
    0x0800ba4c   0x00000002   Code   RO         7587    i.netif_init        netif.o
    0x0800ba4e   0x0000001a   Code   RO         7589    i.netif_issue_reports  netif.o
    0x0800ba68   0x00000048   Code   RO         7591    i.netif_set_addr    netif.o
    0x0800bab0   0x0000000c   Code   RO         7592    i.netif_set_default  netif.o
    0x0800babc   0x00000008   Code   RO         7594    i.netif_set_gw      netif.o
    0x0800bac4   0x00000040   Code   RO         7595    i.netif_set_ipaddr  netif.o
    0x0800bb04   0x00000008   Code   RO         7599    i.netif_set_netmask  netif.o
    0x0800bb0c   0x0000001c   Code   RO         7600    i.netif_set_up      netif.o
    0x0800bb28   0x0000000a   Code   RO         4654    i.osKernelStart     cmsis_os.o
    0x0800bb32   0x00000018   Code   RO         4655    i.osKernelSysTick   cmsis_os.o
    0x0800bb4a   0x00000008   Code   RO         4663    i.osMessageCreate   cmsis_os.o
    0x0800bb52   0x00000002   PAD
    0x0800bb54   0x00000094   Code   RO         4665    i.osMessageGet      cmsis_os.o
    0x0800bbe8   0x0000005c   Code   RO         4667    i.osMessagePut      cmsis_os.o
    0x0800bc44   0x00000006   Code   RO         4669    i.osMutexCreate     cmsis_os.o
    0x0800bc4a   0x00000002   PAD
    0x0800bc4c   0x00000050   Code   RO         4671    i.osMutexRelease    cmsis_os.o
    0x0800bc9c   0x00000064   Code   RO         4672    i.osMutexWait       cmsis_os.o
    0x0800bd00   0x0000002c   Code   RO         4680    i.osSemaphoreCreate  cmsis_os.o
    0x0800bd2c   0x00000050   Code   RO         4683    i.osSemaphoreRelease  cmsis_os.o
    0x0800bd7c   0x00000064   Code   RO         4684    i.osSemaphoreWait   cmsis_os.o
    0x0800bde0   0x0000002e   Code   RO         4688    i.osThreadCreate    cmsis_os.o
    0x0800be0e   0x0000000a   Code   RO         4699    i.osThreadTerminate  cmsis_os.o
    0x0800be18   0x00000360   Code   RO         7700    i.pbuf_alloc        pbuf.o
    0x0800c178   0x000000d0   Code   RO         7701    i.pbuf_alloced_custom  pbuf.o
    0x0800c248   0x00000120   Code   RO         7702    i.pbuf_cat          pbuf.o
    0x0800c368   0x00000012   Code   RO         7703    i.pbuf_chain        pbuf.o
    0x0800c37a   0x00000012   Code   RO         7704    i.pbuf_clen         pbuf.o
    0x0800c38c   0x000001d8   Code   RO         7706    i.pbuf_copy         pbuf.o
    0x0800c564   0x0000010c   Code   RO         7707    i.pbuf_copy_partial  pbuf.o
    0x0800c670   0x00000164   Code   RO         7709    i.pbuf_free         pbuf.o
    0x0800c7d4   0x00000006   Code   RO         7711    i.pbuf_header       pbuf.o
    0x0800c7da   0x00000006   Code   RO         7712    i.pbuf_header_force  pbuf.o
    0x0800c7e0   0x00000114   Code   RO         7713    i.pbuf_header_impl  pbuf.o
    0x0800c8f4   0x00000184   Code   RO         7717    i.pbuf_realloc      pbuf.o
    0x0800ca78   0x0000008c   Code   RO         7718    i.pbuf_ref          pbuf.o
    0x0800cb04   0x0000016c   Code   RO         7416    i.plug_holes        mem.o
    0x0800cc70   0x00000034   Code   RO         5269    i.printlog          systemlog.o
    0x0800cca4   0x00000070   Code   RO         4318    i.prvAddCurrentTaskToDelayedList  tasks.o
    0x0800cd14   0x000000d0   Code   RO         4319    i.prvAddNewTaskToReadyList  tasks.o
    0x0800cde4   0x00000026   Code   RO         3961    i.prvCopyDataFromQueue  queue.o
    0x0800ce0a   0x0000006c   Code   RO         3962    i.prvCopyDataToQueue  queue.o
    0x0800ce76   0x00000014   Code   RO         4320    i.prvDeleteTCB      tasks.o
    0x0800ce8a   0x00000002   PAD
    0x0800ce8c   0x0000004c   Code   RO         5108    i.prvHeapInit       heap_4.o
    0x0800ced8   0x00000060   Code   RO         4321    i.prvIdleTask       tasks.o
    0x0800cf38   0x0000009c   Code   RO         4322    i.prvInitialiseNewTask  tasks.o
    0x0800cfd4   0x0000004c   Code   RO         5109    i.prvInsertBlockIntoFreeList  heap_4.o
    0x0800d020   0x0000001c   Code   RO         3963    i.prvIsQueueEmpty   queue.o
    0x0800d03c   0x00000020   Code   RO         4324    i.prvResetNextTaskUnblockTime  tasks.o
    0x0800d05c   0x00000028   Code   RO         5032    i.prvTaskExitError  port.o
    0x0800d084   0x0000006a   Code   RO         3964    i.prvUnlockQueue    queue.o
    0x0800d0ee   0x00000002   PAD
    0x0800d0f0   0x000000d8   Code   RO         5110    i.pvPortMalloc      heap_4.o
    0x0800d1c8   0x00000018   Code   RO         4326    i.pvTaskIncrementMutexHeldCount  tasks.o
    0x0800d1e0   0x00000024   Code   RO         5033    i.pxPortInitialiseStack  port.o
    0x0800d204   0x0000009c   Code   RO         5392    i.start_lwip_thread  main.o
    0x0800d2a0   0x00000044   Code   RO         9530    i.sys_arch_mbox_fetch  sys_arch.o
    0x0800d2e4   0x00000018   Code   RO         9532    i.sys_arch_protect  sys_arch.o
    0x0800d2fc   0x0000000c   Code   RO         9534    i.sys_arch_unprotect  sys_arch.o
    0x0800d308   0x00000058   Code   RO         8296    i.sys_check_timeouts  timeouts.o
    0x0800d360   0x00000018   Code   RO         9535    i.sys_init          sys_arch.o
    0x0800d378   0x00000028   Code   RO         9537    i.sys_mbox_new      sys_arch.o
    0x0800d3a0   0x00000014   Code   RO         9540    i.sys_mbox_trypost  sys_arch.o
    0x0800d3b4   0x0000000a   Code   RO         9541    i.sys_mbox_valid    sys_arch.o
    0x0800d3be   0x0000000a   Code   RO         9543    i.sys_mutex_lock    sys_arch.o
    0x0800d3c8   0x0000001c   Code   RO         9544    i.sys_mutex_new     sys_arch.o
    0x0800d3e4   0x00000006   Code   RO         9545    i.sys_mutex_unlock  sys_arch.o
    0x0800d3ea   0x00000004   Code   RO         9454    i.sys_now           ethernetif.o
    0x0800d3ee   0x00000030   Code   RO         9551    i.sys_thread_new    sys_arch.o
    0x0800d41e   0x00000002   PAD
    0x0800d420   0x00000130   Code   RO         8298    i.sys_timeout       timeouts.o
    0x0800d550   0x00000034   Code   RO         8299    i.sys_timeouts_init  timeouts.o
    0x0800d584   0x00000048   Code   RO         8300    i.sys_timeouts_mbox_fetch  timeouts.o
    0x0800d5cc   0x0000015c   Code   RO         7876    i.tcp_abandon       tcp.o
    0x0800d728   0x00000006   Code   RO         7877    i.tcp_abort         tcp.o
    0x0800d72e   0x00000002   PAD
    0x0800d730   0x000000fc   Code   RO         7880    i.tcp_alloc         tcp.o
    0x0800d82c   0x00000014   Code   RO         7883    i.tcp_close         tcp.o
    0x0800d840   0x00000178   Code   RO         7884    i.tcp_close_shutdown  tcp.o
    0x0800d9b8   0x000000b4   Code   RO         7885    i.tcp_close_shutdown_fin  tcp.o
    0x0800da6c   0x00000110   Code   RO         8197    i.tcp_create_segment  tcp_out.o
    0x0800db7c   0x00000022   Code   RO         7888    i.tcp_eff_send_mss_impl  tcp.o
    0x0800db9e   0x00000002   PAD
    0x0800dba0   0x000001fc   Code   RO         8198    i.tcp_enqueue_flags  tcp_out.o
    0x0800dd9c   0x0000006c   Code   RO         7890    i.tcp_fasttmr       tcp.o
    0x0800de08   0x00000030   Code   RO         8133    i.tcp_getoptbyte    tcp_in.o
    0x0800de38   0x00000002   Code   RO         7891    i.tcp_init          tcp.o
    0x0800de3a   0x00000002   PAD
    0x0800de3c   0x000005c0   Code   RO         8134    i.tcp_input         tcp_in.o
    0x0800e3fc   0x00000040   Code   RO         8135    i.tcp_input_delayed_close  tcp_in.o
    0x0800e43c   0x00000052   Code   RO         8199    i.tcp_keepalive     tcp_out.o
    0x0800e48e   0x00000002   PAD
    0x0800e490   0x000000ac   Code   RO         7892    i.tcp_kill_state    tcp.o
    0x0800e53c   0x000000bc   Code   RO         7893    i.tcp_listen_closed  tcp.o
    0x0800e5f8   0x000000f4   Code   RO         8136    i.tcp_listen_input  tcp_in.o
    0x0800e6ec   0x0000004c   Code   RO         7896    i.tcp_netif_ip_addr_changed  tcp.o
    0x0800e738   0x00000022   Code   RO         7897    i.tcp_netif_ip_addr_changed_pcblist  tcp.o
    0x0800e75a   0x00000002   PAD
    0x0800e75c   0x00000010   Code   RO         7901    i.tcp_next_iss      tcp.o
    0x0800e76c   0x000002bc   Code   RO         8200    i.tcp_output        tcp_out.o
    0x0800ea28   0x000000fc   Code   RO         8201    i.tcp_output_alloc_header  tcp_out.o
    0x0800eb24   0x000000a8   Code   RO         8202    i.tcp_output_segment  tcp_out.o
    0x0800ebcc   0x00000074   Code   RO         8137    i.tcp_parseopt      tcp_in.o
    0x0800ec40   0x0000003a   Code   RO         7902    i.tcp_pcb_purge     tcp.o
    0x0800ec7a   0x00000002   PAD
    0x0800ec7c   0x000000f8   Code   RO         7903    i.tcp_pcb_remove    tcp.o
    0x0800ed74   0x00000474   Code   RO         8138    i.tcp_process       tcp_in.o
    0x0800f1e8   0x0000006a   Code   RO         7905    i.tcp_process_refused_data  tcp.o
    0x0800f252   0x00000002   PAD
    0x0800f254   0x0000065c   Code   RO         8139    i.tcp_receive       tcp_in.o
    0x0800f8b0   0x00000024   Code   RO         7907    i.tcp_recv_null     tcp.o
    0x0800f8d4   0x00000100   Code   RO         7908    i.tcp_recved        tcp.o
    0x0800f9d4   0x00000056   Code   RO         8204    i.tcp_rexmit        tcp_out.o
    0x0800fa2a   0x00000058   Code   RO         8205    i.tcp_rexmit_fast   tcp_out.o
    0x0800fa82   0x00000032   Code   RO         8206    i.tcp_rexmit_rto    tcp_out.o
    0x0800fab4   0x00000110   Code   RO         8207    i.tcp_rst           tcp_out.o
    0x0800fbc4   0x0000001c   Code   RO         7909    i.tcp_seg_free      tcp.o
    0x0800fbe0   0x00000012   Code   RO         7910    i.tcp_segs_free     tcp.o
    0x0800fbf2   0x00000072   Code   RO         8208    i.tcp_send_empty_ack  tcp_out.o
    0x0800fc64   0x00000044   Code   RO         8209    i.tcp_send_fin      tcp_out.o
    0x0800fca8   0x000004a4   Code   RO         7914    i.tcp_slowtmr       tcp.o
    0x0801014c   0x00000034   Code   RO         8302    i.tcp_timer_needed  timeouts.o
    0x08010180   0x00000068   Code   RO         8140    i.tcp_timewait_input  tcp_in.o
    0x080101e8   0x00000020   Code   RO         7915    i.tcp_tmr           tcp.o
    0x08010208   0x00000010   Code   RO         8141    i.tcp_trigger_input_pcb_close  tcp_in.o
    0x08010218   0x000000b0   Code   RO         7917    i.tcp_update_rcv_ann_wnd  tcp.o
    0x080102c8   0x000000b4   Code   RO         8212    i.tcp_zero_window_probe  tcp_out.o
    0x0801037c   0x000000f4   Code   RO         9332    i.tcpip_init        tcpip.o
    0x08010470   0x000000b0   Code   RO         9333    i.tcpip_inpkt       tcpip.o
    0x08010520   0x0000001c   Code   RO         9334    i.tcpip_input       tcpip.o
    0x0801053c   0x00000038   Code   RO         8303    i.tcpip_tcp_timer   timeouts.o
    0x08010574   0x000000e4   Code   RO         9336    i.tcpip_thread      tcpip.o
    0x08010658   0x00000038   Code   RO         5314    i.uart_init         systemuartinit.o
    0x08010690   0x000000ac   Code   RO         8362    i.udp_bind          udp.o
    0x0801073c   0x00000050   Code   RO         8363    i.udp_connect       udp.o
    0x0801078c   0x00000002   Code   RO         8365    i.udp_init          udp.o
    0x0801078e   0x00000002   PAD
    0x08010790   0x0000018c   Code   RO         8366    i.udp_input         udp.o
    0x0801091c   0x00000034   Code   RO         8367    i.udp_netif_ip_addr_changed  udp.o
    0x08010950   0x0000001a   Code   RO         8368    i.udp_new           udp.o
    0x0801096a   0x00000006   Code   RO         8370    i.udp_recv          udp.o
    0x08010970   0x00000030   Code   RO         8371    i.udp_remove        udp.o
    0x080109a0   0x00000036   Code   RO         8374    i.udp_sendto_if     udp.o
    0x080109d6   0x00000002   PAD
    0x080109d8   0x00000134   Code   RO         8375    i.udp_sendto_if_src  udp.o
    0x08010b0c   0x00000026   Code   RO         3921    i.uxListRemove      list.o
    0x08010b32   0x00000016   Code   RO         3922    i.vListInitialise   list.o
    0x08010b48   0x00000006   Code   RO         3923    i.vListInitialiseItem  list.o
    0x08010b4e   0x00000030   Code   RO         3924    i.vListInsert       list.o
    0x08010b7e   0x00000018   Code   RO         3925    i.vListInsertEnd    list.o
    0x08010b96   0x00000002   PAD
    0x08010b98   0x00000040   Code   RO         5035    i.vPortEnterCritical  port.o
    0x08010bd8   0x00000028   Code   RO         5036    i.vPortExitCritical  port.o
    0x08010c00   0x0000005c   Code   RO         5111    i.vPortFree         heap_4.o
    0x08010c5c   0x00000024   Code   RO         5037    i.vPortSetupTimerInterrupt  port.o
    0x08010c80   0x00000054   Code   RO         5038    i.vPortValidateInterruptPriority  port.o
    0x08010cd4   0x0000004c   Code   RO         4334    i.vTaskDelay        tasks.o
    0x08010d20   0x000000ac   Code   RO         4335    i.vTaskDelete       tasks.o
    0x08010dcc   0x00000010   Code   RO         4338    i.vTaskInternalSetTimeOutState  tasks.o
    0x08010ddc   0x0000000c   Code   RO         4339    i.vTaskMissedYield  tasks.o
    0x08010de8   0x00000030   Code   RO         4341    i.vTaskPlaceOnEventList  tasks.o
    0x08010e18   0x000000a8   Code   RO         4343    i.vTaskPriorityDisinheritAfterTimeout  tasks.o
    0x08010ec0   0x00000068   Code   RO         4349    i.vTaskStartScheduler  tasks.o
    0x08010f28   0x00000010   Code   RO         4351    i.vTaskSuspendAll   tasks.o
    0x08010f38   0x0000005c   Code   RO         4352    i.vTaskSwitchContext  tasks.o
    0x08010f94   0x000000a8   Code   RO         5039    i.xPortStartScheduler  port.o
    0x0801103c   0x0000002c   Code   RO         5040    i.xPortSysTickHandler  port.o
    0x08011068   0x0000003a   Code   RO         3974    i.xQueueCreateCountingSemaphore  queue.o
    0x080110a2   0x00000024   Code   RO         3975    i.xQueueCreateMutex  queue.o
    0x080110c6   0x00000052   Code   RO         3976    i.xQueueGenericCreate  queue.o
    0x08011118   0x00000088   Code   RO         3977    i.xQueueGenericReset  queue.o
    0x080111a0   0x00000160   Code   RO         3978    i.xQueueGenericSend  queue.o
    0x08011300   0x000000bc   Code   RO         3979    i.xQueueGenericSendFromISR  queue.o
    0x080113bc   0x0000009c   Code   RO         3982    i.xQueueGiveFromISR  queue.o
    0x08011458   0x00000138   Code   RO         3988    i.xQueueReceive     queue.o
    0x08011590   0x0000009a   Code   RO         3989    i.xQueueReceiveFromISR  queue.o
    0x0801162a   0x00000002   PAD
    0x0801162c   0x00000178   Code   RO         3990    i.xQueueSemaphoreTake  queue.o
    0x080117a4   0x00000074   Code   RO         4353    i.xTaskCheckForTimeOut  tasks.o
    0x08011818   0x00000056   Code   RO         4354    i.xTaskCreate       tasks.o
    0x0801186e   0x00000002   PAD
    0x08011870   0x0000001c   Code   RO         4358    i.xTaskGetSchedulerState  tasks.o
    0x0801188c   0x0000000c   Code   RO         4359    i.xTaskGetTickCount  tasks.o
    0x08011898   0x00000010   Code   RO         4360    i.xTaskGetTickCountFromISR  tasks.o
    0x080118a8   0x000000c8   Code   RO         4361    i.xTaskIncrementTick  tasks.o
    0x08011970   0x00000098   Code   RO         4364    i.xTaskPriorityDisinherit  tasks.o
    0x08011a08   0x00000094   Code   RO         4365    i.xTaskPriorityInherit  tasks.o
    0x08011a9c   0x00000074   Code   RO         4366    i.xTaskRemoveFromEventList  tasks.o
    0x08011b10   0x000000c4   Code   RO         4367    i.xTaskResumeAll    tasks.o
    0x08011bd4   0x00000098   Data   RO         5394    .constdata          main.o
    0x08011c6c   0x00000010   Data   RO         5718    .constdata          system_stm32f1xx.o
    0x08011c7c   0x00000008   Data   RO         5719    .constdata          system_stm32f1xx.o
    0x08011c84   0x00000075   Data   RO         5945    .constdata          usbh_core.o
    0x08011cf9   0x0000001f   Data   RO         6102    .constdata          usbh_ctlreq.o
    0x08011d18   0x00000040   Data   RO         6962    .constdata          usbh_ch340.o
    0x08011d58   0x00000079   Data   RO         7105    .constdata          usbh_hub.o
    0x08011dd1   0x00000003   PAD
    0x08011dd4   0x0000000c   Data   RO         7477    .constdata          memp.o
    0x08011de0   0x0000000c   Data   RO         7478    .constdata          memp.o
    0x08011dec   0x0000000c   Data   RO         7479    .constdata          memp.o
    0x08011df8   0x0000000c   Data   RO         7480    .constdata          memp.o
    0x08011e04   0x0000000c   Data   RO         7481    .constdata          memp.o
    0x08011e10   0x0000000c   Data   RO         7482    .constdata          memp.o
    0x08011e1c   0x0000000c   Data   RO         7483    .constdata          memp.o
    0x08011e28   0x0000000c   Data   RO         7484    .constdata          memp.o
    0x08011e34   0x0000000c   Data   RO         7485    .constdata          memp.o
    0x08011e40   0x0000000c   Data   RO         7486    .constdata          memp.o
    0x08011e4c   0x0000000c   Data   RO         7487    .constdata          memp.o
    0x08011e58   0x0000000c   Data   RO         7488    .constdata          memp.o
    0x08011e64   0x0000000c   Data   RO         7489    .constdata          memp.o
    0x08011e70   0x00000034   Data   RO         7490    .constdata          memp.o
    0x08011ea4   0x00000054   Data   RO         7918    .constdata          tcp.o
    0x08011ef8   0x00000028   Data   RO         8304    .constdata          timeouts.o
    0x08011f20   0x00000004   Data   RO         8831    .constdata          ip4_addr.o
    0x08011f24   0x00000004   Data   RO         8832    .constdata          ip4_addr.o
    0x08011f28   0x00000006   Data   RO         9418    .constdata          ethernet.o
    0x08011f2e   0x00000006   Data   RO         9419    .constdata          ethernet.o
    0x08011f34   0x00000014   Data   RO         9456    .constdata          ethernetif.o
    0x08011f48   0x0000000c   Data   RO         9552    .constdata          sys_arch.o
    0x08011f54   0x00000026   Data   RO         5395    .conststring        main.o
    0x08011f7a   0x00000002   PAD
    0x08011f7c   0x0000000c   Data   RO         5946    .conststring        usbh_core.o
    0x08011f88   0x00000004   Data   RO         6305    .conststring        usbh_msc.o
    0x08011f8c   0x00000006   Data   RO         6963    .conststring        usbh_ch340.o
    0x08011f92   0x00000002   PAD
    0x08011f94   0x00000004   Data   RO         7106    .conststring        usbh_hub.o
    0x08011f98   0x00000075   Data   RO         7919    .conststring        tcp.o
    0x0801200d   0x00000003   PAD
    0x08012010   0x00000055   Data   RO         8213    .conststring        tcp_out.o
    0x08012065   0x00000003   PAD
    0x08012068   0x0000008c   Data   RO         8503    .conststring        dhcp.o
    0x080120f4   0x00000041   Data   RO         8678    .conststring        etharp.o
    0x08012135   0x00000003   PAD
    0x08012138   0x00000006   Data   RO         9457    .conststring        ethernetif.o
    0x0801213e   0x00000002   PAD
    0x08012140   0x00000020   Data   RO        10048    Region$$Table       anon$$obj.o


    Execution Region RW_IRAM1 (Base: 0x20000000, Size: 0x000114c0, Max: 0x00018000, ABSOLUTE, COMPRESSED[0x00000068])

    Base Addr    Size         Type   Attr      Idx    E Section Name        Object

    0x20000000   0x0000000c   Data   RW           38    .data               stm32f1xx_hal.o
    0x2000000c   0x00000004   Data   RW         2110    .data               stm32f1xx_ll_usb.o
    0x20000010   0x0000003c   Data   RW         4370    .data               tasks.o
    0x2000004c   0x0000000c   Data   RW         5041    .data               port.o
    0x20000058   0x00000018   Data   RW         5116    .data               heap_4.o
    0x20000070   0x00000008   Data   RW         5217    .data               systemdelay.o
    0x20000078   0x00000004   Data   RW         5316    .data               systemuartinit.o
    0x2000007c   0x00000004   Data   RW         5317    .data               systemuartinit.o
    0x20000080   0x00000001   Data   RW         5396    .data               main.o
    0x20000081   0x00000003   PAD
    0x20000084   0x00000004   Data   RW         5720    .data               system_stm32f1xx.o
    0x20000088   0x00000020   Data   RW         6306    .data               usbh_msc.o
    0x200000a8   0x00000020   Data   RW         6964    .data               usbh_ch340.o
    0x200000c8   0x00000020   Data   RW         7107    .data               usbh_hub.o
    0x200000e8   0x00000010   Data   RW         7418    .data               mem.o
    0x200000f8   0x00000004   Data   RW         7491    .data               memp.o
    0x200000fc   0x00000004   Data   RW         7492    .data               memp.o
    0x20000100   0x00000004   Data   RW         7493    .data               memp.o
    0x20000104   0x00000004   Data   RW         7494    .data               memp.o
    0x20000108   0x00000004   Data   RW         7495    .data               memp.o
    0x2000010c   0x00000004   Data   RW         7496    .data               memp.o
    0x20000110   0x00000004   Data   RW         7497    .data               memp.o
    0x20000114   0x00000004   Data   RW         7498    .data               memp.o
    0x20000118   0x00000004   Data   RW         7499    .data               memp.o
    0x2000011c   0x00000004   Data   RW         7500    .data               memp.o
    0x20000120   0x00000004   Data   RW         7501    .data               memp.o
    0x20000124   0x00000004   Data   RW         7502    .data               memp.o
    0x20000128   0x00000004   Data   RW         7503    .data               memp.o
    0x2000012c   0x0000000c   Data   RW         7601    .data               netif.o
    0x20000138   0x00000020   Data   RW         7920    .data               tcp.o
    0x20000158   0x00000024   Data   RW         8143    .data               tcp_in.o
    0x2000017c   0x0000000c   Data   RW         8305    .data               timeouts.o
    0x20000188   0x00000008   Data   RW         8376    .data               udp.o
    0x20000190   0x00000014   Data   RW         8504    .data               dhcp.o
    0x200001a4   0x00000001   Data   RW         8679    .data               etharp.o
    0x200001a5   0x00000001   PAD
    0x200001a6   0x00000002   Data   RW         8791    .data               ip4.o
    0x200001a8   0x00000008   Data   RW         8887    .data               ip4_frag.o
    0x200001b0   0x00000010   Data   RW         9338    .data               tcpip.o
    0x200001c0   0x00000004   Data   RW         9458    .data               ethernetif.o
    0x200001c4   0x00000004   Data   RW         9554    .data               sys_arch.o
    0x200001c8   0x00000004   Data   RW         9706    .data               mc_w.l(rand.o)
    0x200001cc   0x00000004   Data   RW        10029    .data               mc_w.l(mvars.o)
    0x200001d0   0x00000004   Data   RW        10030    .data               mc_w.l(mvars.o)
    0x200001d4   0x000000f0   Zero   RW         4369    .bss                tasks.o
    0x200002c4   0x00003c00   Zero   RW         5115    .bss                heap_4.o
    0x20003ec4   0x00000108   Zero   RW         5315    .bss                systemuartinit.o
    0x20003fcc   0x00000374   Zero   RW         5393    .bss                main.o
    0x20004340   0x000002c4   Zero   RW         5777    .bss                usbh_conf.o
    0x20004604   0x00000018   Zero   RW         7399    .bss                ip.o
    0x2000461c   0x00002813   Zero   RW         7417    .bss                mem.o
    0x20006e2f   0x000000c3   Zero   RW         7464    .bss                memp.o
    0x20006ef2   0x000005cb   Zero   RW         7465    .bss                memp.o
    0x200074bd   0x0000008f   Zero   RW         7466    .bss                memp.o
    0x2000754c   0x00000083   Zero   RW         7467    .bss                memp.o
    0x200075cf   0x000000a3   Zero   RW         7468    .bss                memp.o
    0x20007672   0x0000016b   Zero   RW         7469    .bss                memp.o
    0x200077dd   0x00000023   Zero   RW         7470    .bss                memp.o
    0x20007800   0x000000a3   Zero   RW         7471    .bss                memp.o
    0x200078a3   0x00000083   Zero   RW         7472    .bss                memp.o
    0x20007926   0x00000083   Zero   RW         7473    .bss                memp.o
    0x200079a9   0x000000a3   Zero   RW         7474    .bss                memp.o
    0x20007a4c   0x000000a3   Zero   RW         7475    .bss                memp.o
    0x20007aef   0x00003023   Zero   RW         7476    .bss                memp.o
    0x2000ab12   0x00000002   PAD
    0x2000ab14   0x00000010   Zero   RW         8142    .bss                tcp_in.o
    0x2000ab24   0x00000020   Zero   RW         8502    .bss                dhcp.o
    0x2000ab44   0x000000f0   Zero   RW         8677    .bss                etharp.o
    0x2000ac34   0x00000010   Zero   RW         8830    .bss                ip4_addr.o
    0x2000ac44   0x00004878   Zero   RW         9455    .bss                ethernetif.o
    0x2000f4bc   0x00000004   PAD
    0x2000f4c0   0x00001800   Zero   RW            2    HEAP                startup_stm32f107xc.o
    0x20010cc0   0x00000800   Zero   RW            1    STACK               startup_stm32f107xc.o


==============================================================================

Image component sizes


      Code (inc. data)   RO Data    RW Data    ZI Data      Debug   Object Name

       772         30          0          0          0      24703   cmsis_os.o
         0          0          0          0          0       9976   croutine.o
         8          0          0          0          0        906   def.o
      6534       2344        140         20         32      26332   dhcp.o
      2768       1056         65          1        240      10848   etharp.o
       388        136         12          0          0       2402   ethernet.o
      1124        176         26          4      18552       6718   ethernetif.o
         0          0          0          0          0      11696   event_groups.o
       460         24          0         24      15360       6571   heap_4.o
       732        308          0          0          0       3278   icmp.o
       160          0          0          0          0       9862   inet_chksum.o
        34          0          0          0          0      16734   init.o
         0          0          0          0         24       2950   ip.o
       918        162          0          2          0       4748   ip4.o
       178          4          8          0         16       8386   ip4_addr.o
      2568        902          0          8          0       9826   ip4_frag.o
       138          0          0          0          0       2806   list.o
      1602        548        190          1        884      41460   main.o
      1752        838          0         16      10259       4981   mem.o
       682        436        208         52      15587      10860   memp.o
       424        110          0         12          0       8429   netif.o
      3308       1674          0          0          0      10975   pbuf.o
       662         70          0         12          0      10077   port.o
      2130         18          0          0          0      18771   queue.o
        36          8        336          0       8192        792   startup_stm32f107xc.o
       164         28          0         12          0     648313   stm32f1xx_hal.o
       222         14          0          0          0      28965   stm32f1xx_hal_cortex.o
       304          8          0          0          0        995   stm32f1xx_hal_dma.o
      1936         52          0          0          0      11436   stm32f1xx_hal_eth.o
       500         34          0          0          0       3195   stm32f1xx_hal_gpio.o
      2246         36          0          0          0      11961   stm32f1xx_hal_hcd.o
         2          0          0          0          0        394   stm32f1xx_hal_msp.o
      1568        120          0          0          0       5372   stm32f1xx_hal_rcc.o
       392         18          0          0          0       1380   stm32f1xx_hal_rcc_ex.o
       942         12          0          0          0       7003   stm32f1xx_hal_uart.o
        36         12          0          0          0       3154   stm32f1xx_it.o
      1542         78          0          4          0      14726   stm32f1xx_ll_usb.o
       290         26         12          4          0      13440   sys_arch.o
        84         16         24          4          0       1031   system_stm32f1xx.o
       112          0          0          0          0        645   systemclockset.o
       182         12          0          8          0       2293   systemdelay.o
        52         22          0          0          0       1215   systemlog.o
       388         60          0          8        264       4950   systemuartinit.o
      2422        194          0         60        240      21608   tasks.o
      3958       1376        201         32          0      26464   tcp.o
      4832       1066          0         36         16      17927   tcp_in.o
      2840        750         85          0          0      11559   tcp_out.o
       676        370          0         16          0       5283   tcpip.o
       652        212         40         12          0       5920   timeouts.o
      1144        246          0          8          0       9524   udp.o
      1774        232         70         32          0      17250   usbh_ch340.o
       610         62          0          0        708      23984   usbh_conf.o
      3440       1116        129          0          0      15703   usbh_core.o
      1272         90         31          0          0       9160   usbh_ctlreq.o
      2840        704        125         32          0      13641   usbh_hub.o
       204          0          0          0          0       4620   usbh_ioreq.o
      1882        332          4         32          0       5799   usbh_msc.o
       618         26          0          0          0       5880   usbh_msc_bot.o
       536          0          0          0          0       3936   usbh_msc_scsi.o
       102          0          0          0          0       2966   usbh_pipes.o

    ----------------------------------------------------------------------
     68244      16168       1756        456      70380    1226779   Object Totals
         0          0         32          0          0          0   (incl. Generated)
       102          0         18          4          6          0   (incl. Padding)

    ----------------------------------------------------------------------

      Code (inc. data)   RO Data    RW Data    ZI Data      Debug   Library Member Name

        86          0          0          0          0          0   __dczerorl2.o
         0          0          0          0          0          0   entry.o
         0          0          0          0          0          0   entry10a.o
         0          0          0          0          0          0   entry11a.o
         8          4          0          0          0          0   entry2.o
         4          0          0          0          0          0   entry5.o
         0          0          0          0          0          0   entry7b.o
         0          0          0          0          0          0   entry8b.o
         8          4          0          0          0          0   entry9a.o
        30          0          0          0          0          0   handlers.o
        36          8          0          0          0         68   init.o
         0          0          0          0          0          0   iusefp.o
        30          0          0          0          0         68   llshl.o
        36          0          0          0          0         68   llsshr.o
        32          0          0          0          0         68   llushr.o
       188         20          0          0          0        160   malloc.o
        26          0          0          0          0         80   memcmp.o
        36          0          0          0          0         68   memcpya.o
        36          0          0          0          0        108   memseta.o
         0          0          0          8          0          0   mvars.o
      2274         98          0          0          0        520   printfa.o
        36         10          0          4          0        136   rand.o
        44          0          0          0          0         80   uidiv.o
        98          0          0          0          0         92   uldiv.o
        48          0          0          0          0         68   cdrcmple.o
       334          0          0          0          0        148   dadd.o
       222          0          0          0          0        100   ddiv.o
       186          0          0          0          0        176   depilogue.o
        48          0          0          0          0         68   dfixul.o
       228          0          0          0          0         96   dmul.o

    ----------------------------------------------------------------------
      4080        144          0         12          0       2172   Library Totals
         6          0          0          0          0          0   (incl. Padding)

    ----------------------------------------------------------------------

      Code (inc. data)   RO Data    RW Data    ZI Data      Debug   Library Name

      3008        144          0         12          0       1516   mc_w.l
      1066          0          0          0          0        656   mf_w.l

    ----------------------------------------------------------------------
      4080        144          0         12          0       2172   Library Totals

    ----------------------------------------------------------------------

==============================================================================


      Code (inc. data)   RO Data    RW Data    ZI Data      Debug   

     72324      16312       1756        468      70380    1203391   Grand Totals
     72324      16312       1756        104      70380    1203391   ELF Image Totals (compressed)
     72324      16312       1756        104          0          0   ROM Totals

==============================================================================

    Total RO  Size (Code + RO Data)                74080 (  72.34kB)
    Total RW  Size (RW Data + ZI Data)             70848 (  69.19kB)
    Total ROM Size (Code + RO Data + RW Data)      74184 (  72.45kB)

==============================================================================

